SMPC_MULTITAP armed
SMPC_MULTITAP FAIL case1_page1_SR got=0 want=e0
SMPC_MULTITAP FAIL case1_byte1 got=0 want=16
SMPC_MULTITAP FAIL case1_byte2 got=20 want=2
SMPC_MULTITAP FAIL case1_byte3 got=26 want=fb
SMPC_MULTITAP FAIL case1_byte4 got=59 want=ff
SMPC_MULTITAP FAIL case1_byte5 got=18 want=2
SMPC_MULTITAP FAIL case1_byte6 got=3 want=fe
SMPC_MULTITAP FAIL case1_byte7 got=31 want=ff
SMPC_MULTITAP FAIL case1_byte8 got=41 want=2
SMPC_MULTITAP FAIL case1_byte9 got=0 want=fa
SMPC_MULTITAP FAIL case1_byte10 got=1 want=ff
SMPC_MULTITAP FAIL case1_byte11 got=25 want=2
SMPC_MULTITAP FAIL case1_byte12 got=42 want=ff
SMPC_MULTITAP FAIL case1_byte13 got=0 want=bf
SMPC_MULTITAP FAIL case1_byte14 got=0 want=2
SMPC_MULTITAP FAIL case1_byte15 got=0 want=fb
SMPC_MULTITAP FAIL case1_byte16 got=0 want=bf
SMPC_MULTITAP FAIL case1_byte17 got=ff want=2
SMPC_MULTITAP FAIL case1_byte18 got=ff want=fe
SMPC_MULTITAP FAIL case1_byte19 got=ff want=bf
SMPC_MULTITAP FAIL case1_byte20 got=ff want=16
SMPC_MULTITAP FAIL case1_byte21 got=ff want=2
SMPC_MULTITAP FAIL case1_byte22 got=ff want=fa
SMPC_MULTITAP FAIL case1_byte23 got=ff want=bf
SMPC_MULTITAP FAIL case1_byte24 got=ff want=2
SMPC_MULTITAP FAIL case1_byte26 got=ff want=df
SMPC_MULTITAP FAIL case1_byte27 got=ff want=2
SMPC_MULTITAP FAIL case1_byte28 got=ff want=fb
SMPC_MULTITAP FAIL case1_byte29 got=ff want=df
SMPC_MULTITAP FAIL case1_byte30 got=ff want=2
SMPC_MULTITAP FAIL case1_byte31 got=ff want=fe
SMPC_MULTITAP FAIL case1_byte32 got=10 want=df
SMPC_MULTITAP FAIL case1_page2_SR got=0 want=80
SMPC_MULTITAP FAIL case1_byte33 got=0 want=2
SMPC_MULTITAP FAIL case1_byte34 got=20 want=fa
SMPC_MULTITAP FAIL case1_byte35 got=26 want=df
SMPC_MULTITAP FAIL case1_byte36 got=59 want=2
SMPC_MULTITAP FAIL case1_byte37 got=18 want=ff
SMPC_MULTITAP FAIL case1_byte38 got=3 want=9f
SMPC_MULTITAP FAIL case2_page1_SR got=0 want=e0
SMPC_MULTITAP FAIL case2_byte1 got=0 want=16
SMPC_MULTITAP FAIL case2_byte2 got=20 want=2
SMPC_MULTITAP FAIL case2_byte3 got=26 want=fb
SMPC_MULTITAP FAIL case2_byte4 got=59 want=ff
SMPC_MULTITAP FAIL case2_byte5 got=18 want=2
SMPC_MULTITAP FAIL case2_byte6 got=3 want=fe
SMPC_MULTITAP FAIL case2_byte7 got=31 want=ff
SMPC_MULTITAP FAIL case2_byte8 got=41 want=2
SMPC_MULTITAP FAIL case2_byte9 got=0 want=fa
SMPC_MULTITAP FAIL case2_byte10 got=1 want=ff
SMPC_MULTITAP FAIL case2_byte11 got=25 want=2
SMPC_MULTITAP FAIL case2_byte12 got=42 want=ff
SMPC_MULTITAP FAIL case2_byte13 got=0 want=bf
SMPC_MULTITAP FAIL case2_byte14 got=0 want=2
SMPC_MULTITAP FAIL case2_byte15 got=0 want=fb
SMPC_MULTITAP FAIL case2_byte16 got=0 want=bf
SMPC_MULTITAP FAIL case2_byte17 got=ff want=2
SMPC_MULTITAP FAIL case2_byte18 got=ff want=fe
SMPC_MULTITAP FAIL case2_byte19 got=ff want=bf
SMPC_MULTITAP FAIL case2_byte20 got=ff want=16
SMPC_MULTITAP FAIL case2_byte21 got=ff want=2
SMPC_MULTITAP FAIL case2_byte22 got=ff want=fa
SMPC_MULTITAP FAIL case2_byte23 got=ff want=bf
SMPC_MULTITAP FAIL case2_byte24 got=ff want=2
SMPC_MULTITAP FAIL case2_byte26 got=ff want=df
SMPC_MULTITAP FAIL case2_byte27 got=ff want=2
SMPC_MULTITAP FAIL case2_byte28 got=ff want=fb
SMPC_MULTITAP FAIL case2_byte29 got=ff want=df
SMPC_MULTITAP FAIL case2_byte30 got=ff want=2
SMPC_MULTITAP FAIL case2_byte31 got=ff want=fe
SMPC_MULTITAP FAIL case2_byte32 got=10 want=df
SMPC_MULTITAP FAIL case2_page2_SR got=0 want=80
SMPC_MULTITAP FAIL case2_byte33 got=0 want=2
SMPC_MULTITAP FAIL case2_byte34 got=20 want=fa
SMPC_MULTITAP FAIL case2_byte35 got=26 want=df
SMPC_MULTITAP FAIL case2_byte36 got=59 want=2
SMPC_MULTITAP FAIL case2_byte37 got=18 want=ff
SMPC_MULTITAP FAIL case2_byte38 got=3 want=9f
SMPC_MULTITAP FAIL case3_page1_SR got=0 want=c3
SMPC_MULTITAP FAIL case3_byte1 got=0 want=16
SMPC_MULTITAP FAIL case3_byte2 got=20 want=2
SMPC_MULTITAP FAIL case3_byte3 got=26 want=fa
SMPC_MULTITAP FAIL case3_byte4 got=59 want=bf
SMPC_MULTITAP FAIL case3_byte5 got=18 want=2
SMPC_MULTITAP FAIL case3_byte6 got=3 want=ff
SMPC_MULTITAP FAIL case3_byte7 got=31 want=df
SMPC_MULTITAP FAIL case3_byte8 got=41 want=2
SMPC_MULTITAP FAIL case3_byte9 got=0 want=fb
SMPC_MULTITAP FAIL case3_byte10 got=1 want=df
SMPC_MULTITAP FAIL case3_byte11 got=25 want=2
SMPC_MULTITAP FAIL case3_byte12 got=42 want=fe
SMPC_MULTITAP FAIL case3_byte13 got=0 want=df
SMPC_MULTITAP FAIL case3_byte14 got=0 want=2
SMPC_MULTITAP FAIL case3_byte15 got=0 want=fa
SMPC_MULTITAP FAIL case3_byte16 got=0 want=df
SMPC_MULTITAP FAIL case3_byte17 got=ff want=2
SMPC_MULTITAP FAIL case3_byte19 got=ff want=9f
SMPC_MULTITAP FAIL case4_page1_SR got=0 want=c3
SMPC_MULTITAP FAIL case4_byte1 got=0 want=16
SMPC_MULTITAP FAIL case4_byte2 got=20 want=2
SMPC_MULTITAP FAIL case4_byte3 got=26 want=fa
SMPC_MULTITAP FAIL case4_byte4 got=59 want=bf
SMPC_MULTITAP FAIL case4_byte5 got=18 want=2
SMPC_MULTITAP FAIL case4_byte6 got=3 want=ff
SMPC_MULTITAP FAIL case4_byte7 got=31 want=df
SMPC_MULTITAP FAIL case4_byte8 got=41 want=2
SMPC_MULTITAP FAIL case4_byte9 got=0 want=fb
SMPC_MULTITAP FAIL case4_byte10 got=1 want=df
SMPC_MULTITAP FAIL case4_byte11 got=25 want=2
SMPC_MULTITAP FAIL case4_byte12 got=42 want=fe
SMPC_MULTITAP FAIL case4_byte13 got=0 want=df
SMPC_MULTITAP FAIL case4_byte14 got=0 want=2
SMPC_MULTITAP FAIL case4_byte15 got=0 want=fa
SMPC_MULTITAP FAIL case4_byte16 got=0 want=df
SMPC_MULTITAP FAIL case4_byte17 got=ff want=2
SMPC_MULTITAP FAIL case4_byte19 got=ff want=9f
SMPC_MULTITAP FAIL case5_page1_SR got=0 want=cc
SMPC_MULTITAP FAIL case5_byte1 got=0 want=16
SMPC_MULTITAP FAIL case5_byte2 got=20 want=2
SMPC_MULTITAP FAIL case5_byte3 got=26 want=fb
SMPC_MULTITAP FAIL case5_byte4 got=59 want=ff
SMPC_MULTITAP FAIL case5_byte5 got=18 want=2
SMPC_MULTITAP FAIL case5_byte6 got=3 want=fe
SMPC_MULTITAP FAIL case5_byte7 got=31 want=ff
SMPC_MULTITAP FAIL case5_byte8 got=41 want=2
SMPC_MULTITAP FAIL case5_byte9 got=0 want=fa
SMPC_MULTITAP FAIL case5_byte10 got=1 want=ff
SMPC_MULTITAP FAIL case5_byte11 got=25 want=2
SMPC_MULTITAP FAIL case5_byte12 got=42 want=ff
SMPC_MULTITAP FAIL case5_byte13 got=0 want=bf
SMPC_MULTITAP FAIL case5_byte14 got=0 want=2
SMPC_MULTITAP FAIL case5_byte15 got=0 want=fb
SMPC_MULTITAP FAIL case5_byte16 got=0 want=bf
SMPC_MULTITAP FAIL case5_byte17 got=ff want=2
SMPC_MULTITAP FAIL case5_byte18 got=ff want=fe
SMPC_MULTITAP FAIL case5_byte19 got=ff want=bf
SMPC_MULTITAP FAIL case6_page1_SR got=0 want=cc
SMPC_MULTITAP FAIL case6_byte1 got=0 want=16
SMPC_MULTITAP FAIL case6_byte2 got=20 want=2
SMPC_MULTITAP FAIL case6_byte3 got=26 want=fb
SMPC_MULTITAP FAIL case6_byte4 got=59 want=ff
SMPC_MULTITAP FAIL case6_byte5 got=18 want=2
SMPC_MULTITAP FAIL case6_byte6 got=3 want=fe
SMPC_MULTITAP FAIL case6_byte7 got=31 want=ff
SMPC_MULTITAP FAIL case6_byte8 got=41 want=2
SMPC_MULTITAP FAIL case6_byte9 got=0 want=fa
SMPC_MULTITAP FAIL case6_byte10 got=1 want=ff
SMPC_MULTITAP FAIL case6_byte11 got=25 want=2
SMPC_MULTITAP FAIL case6_byte12 got=42 want=ff
SMPC_MULTITAP FAIL case6_byte13 got=0 want=bf
SMPC_MULTITAP FAIL case6_byte14 got=0 want=2
SMPC_MULTITAP FAIL case6_byte15 got=0 want=fb
SMPC_MULTITAP FAIL case6_byte16 got=0 want=bf
SMPC_MULTITAP FAIL case6_byte17 got=ff want=2
SMPC_MULTITAP FAIL case6_byte18 got=ff want=fe
SMPC_MULTITAP FAIL case6_byte19 got=ff want=bf
Average speed: 133.98% (2 seconds)
