SMPC_TIMEOUT armed
SMPC_TIMEOUT FAIL status-wait_PDL_NPE got=60 want=0
SMPC_TIMEOUT FAIL status-wait_late_continue_ignored got=1 want=0
SMPC_TIMEOUT FAIL status-wait_late_PDL_NPE got=60 want=0
SMPC_TIMEOUT FAIL status-wait_late_OREG0 got=16 want=0
SMPC_TIMEOUT FAIL status-wait_late_OREG1 got=2 want=20
SMPC_TIMEOUT FAIL status-wait_late_OREG2 got=ff want=26
SMPC_TIMEOUT FAIL status-wait_late_OREG3 got=ff want=59
SMPC_TIMEOUT FAIL status-wait_late_OREG4 got=2 want=18
SMPC_TIMEOUT FAIL status-wait_late_OREG5 got=ff want=2
SMPC_TIMEOUT FAIL status-wait_late_OREG6 got=ff want=30
SMPC_TIMEOUT FAIL status-wait_late_OREG7 got=2 want=31
SMPC_TIMEOUT FAIL status-wait_late_OREG8 got=ff want=0
SMPC_TIMEOUT FAIL status-wait_late_OREG9 got=ff want=1
SMPC_TIMEOUT FAIL status-wait_late_OREG10 got=2 want=25
SMPC_TIMEOUT FAIL status-wait_late_OREG11 got=ff want=42
SMPC_TIMEOUT FAIL status-wait_late_OREG12 got=ff want=0
SMPC_TIMEOUT FAIL status-wait_late_OREG13 got=2 want=0
SMPC_TIMEOUT FAIL status-wait_late_OREG14 got=ff want=0
SMPC_TIMEOUT FAIL status-wait_late_OREG15 got=ff want=0
SMPC_TIMEOUT FAIL status-wait_late_OREG16 got=2 want=ff
SMPC_TIMEOUT FAIL status-wait_late_OREG19 got=16 want=ff
SMPC_TIMEOUT FAIL status-wait_late_OREG20 got=2 want=ff
SMPC_TIMEOUT FAIL status-wait_late_OREG23 got=2 want=ff
SMPC_TIMEOUT FAIL status-wait_late_OREG26 got=2 want=ff
SMPC_TIMEOUT FAIL status-wait_late_OREG29 got=2 want=ff
SMPC_TIMEOUT FAIL status-wait_late_OREG31 got=ff want=10
SMPC_TIMEOUT FAIL report-wait_PDL_NPE got=60 want=0
SMPC_TIMEOUT FAIL report-wait_late_continue_ignored got=1 want=0
SMPC_TIMEOUT FAIL report-wait_late_OREG0 got=2 want=16
SMPC_TIMEOUT FAIL report-wait_late_OREG1 got=ff want=2
SMPC_TIMEOUT FAIL report-wait_late_OREG3 got=2 want=ff
SMPC_TIMEOUT FAIL report-wait_late_OREG4 got=ff want=2
SMPC_TIMEOUT FAIL report-wait_late_OREG7 got=ff want=2
SMPC_TIMEOUT FAIL report-wait_late_OREG10 got=ff want=2
SMPC_TIMEOUT FAIL report-wait_late_OREG13 got=ff want=2
SMPC_TIMEOUT FAIL report-wait_late_OREG16 got=ff want=2
SMPC_TIMEOUT FAIL report-wait_late_OREG19 got=ff want=16
SMPC_TIMEOUT FAIL report-wait_late_OREG20 got=ff want=2
SMPC_TIMEOUT FAIL report-wait_late_OREG23 got=ff want=2
SMPC_TIMEOUT FAIL report-wait_late_OREG26 got=ff want=2
SMPC_TIMEOUT FAIL report-wait_late_OREG29 got=ff want=2
SMPC_TIMEOUT FAIL report-wait_late_OREG31 got=10 want=ff
SMPC_TIMEOUT FAIL continue-pending_OREG0 got=2 want=16
SMPC_TIMEOUT FAIL continue-pending_OREG1 got=ff want=2
SMPC_TIMEOUT FAIL continue-pending_OREG3 got=2 want=ff
SMPC_TIMEOUT FAIL continue-pending_OREG4 got=ff want=2
SMPC_TIMEOUT FAIL continue-pending_OREG7 got=ff want=2
SMPC_TIMEOUT FAIL continue-pending_OREG10 got=ff want=2
SMPC_TIMEOUT FAIL continue-pending_OREG13 got=ff want=2
SMPC_TIMEOUT FAIL continue-pending_OREG16 got=ff want=2
SMPC_TIMEOUT FAIL continue-pending_OREG19 got=ff want=16
SMPC_TIMEOUT FAIL continue-pending_OREG20 got=ff want=2
SMPC_TIMEOUT FAIL continue-pending_OREG23 got=ff want=2
SMPC_TIMEOUT FAIL continue-pending_OREG26 got=ff want=2
SMPC_TIMEOUT FAIL continue-pending_OREG29 got=ff want=2
SMPC_TIMEOUT FAIL continue-pending_late_OREG0 got=2 want=16
SMPC_TIMEOUT FAIL continue-pending_late_OREG1 got=ff want=2
SMPC_TIMEOUT FAIL continue-pending_late_OREG3 got=2 want=ff
SMPC_TIMEOUT FAIL continue-pending_late_OREG4 got=ff want=2
SMPC_TIMEOUT FAIL continue-pending_late_OREG7 got=ff want=2
SMPC_TIMEOUT FAIL continue-pending_late_OREG10 got=ff want=2
SMPC_TIMEOUT FAIL continue-pending_late_OREG13 got=ff want=2
SMPC_TIMEOUT FAIL continue-pending_late_OREG16 got=ff want=2
SMPC_TIMEOUT FAIL continue-pending_late_OREG19 got=ff want=16
SMPC_TIMEOUT FAIL continue-pending_late_OREG20 got=ff want=2
SMPC_TIMEOUT FAIL continue-pending_late_OREG23 got=ff want=2
SMPC_TIMEOUT FAIL continue-pending_late_OREG26 got=ff want=2
SMPC_TIMEOUT FAIL continue-pending_late_OREG29 got=ff want=2
SMPC_TIMEOUT FAIL command-pending_SF got=1 want=0
SMPC_TIMEOUT FAIL command-pending_late_PDL_NPE got=60 want=0
SMPC_TIMEOUT FAIL command-pending_late_OREG0 got=16 want=2
SMPC_TIMEOUT FAIL command-pending_late_OREG1 got=2 want=ff
SMPC_TIMEOUT FAIL command-pending_late_OREG3 got=ff want=2
SMPC_TIMEOUT FAIL command-pending_late_OREG4 got=2 want=ff
SMPC_TIMEOUT FAIL command-pending_late_OREG7 got=2 want=ff
SMPC_TIMEOUT FAIL command-pending_late_OREG10 got=2 want=ff
SMPC_TIMEOUT FAIL command-pending_late_OREG13 got=2 want=ff
SMPC_TIMEOUT FAIL command-pending_late_OREG16 got=2 want=ff
SMPC_TIMEOUT FAIL command-pending_late_OREG19 got=16 want=ff
SMPC_TIMEOUT FAIL command-pending_late_OREG20 got=2 want=ff
SMPC_TIMEOUT FAIL command-pending_late_OREG23 got=2 want=ff
SMPC_TIMEOUT FAIL command-pending_late_OREG26 got=2 want=ff
SMPC_TIMEOUT FAIL command-pending_late_OREG29 got=2 want=ff
SMPC_TIMEOUT FAIL command-pending_late_OREG31 got=ff want=10
Average speed: 136.99% (2 seconds)
