SMPC_MULTITAP armed
SMPC_MULTITAP FAIL case1_byte5 got=0 want=ff
SMPC_MULTITAP FAIL case1_byte7 got=0 want=fa
SMPC_MULTITAP FAIL case1_byte8 got=0 want=ff
SMPC_MULTITAP FAIL case1_byte10 got=fa want=ff
SMPC_MULTITAP FAIL case1_byte11 got=ff want=bf
SMPC_MULTITAP FAIL case1_byte13 got=ff want=fb
SMPC_MULTITAP FAIL case1_byte16 got=fb want=fe
SMPC_MULTITAP FAIL case1_byte31 got=0 want=ff
SMPC_MULTITAP FAIL case1_byte33 got=0 want=ff
SMPC_MULTITAP FAIL case1_byte34 got=0 want=9f
SMPC_MULTITAP FAIL case2_byte5 got=0 want=ff
SMPC_MULTITAP FAIL case2_byte7 got=0 want=fa
SMPC_MULTITAP FAIL case2_byte8 got=0 want=ff
SMPC_MULTITAP FAIL case2_byte10 got=fa want=ff
SMPC_MULTITAP FAIL case2_byte11 got=ff want=bf
SMPC_MULTITAP FAIL case2_byte13 got=ff want=fb
SMPC_MULTITAP FAIL case2_byte16 got=fb want=fe
SMPC_MULTITAP FAIL case2_byte31 got=0 want=ff
SMPC_MULTITAP FAIL case2_byte33 got=0 want=ff
SMPC_MULTITAP FAIL case2_byte34 got=0 want=9f
SMPC_MULTITAP FAIL case3_byte14 got=0 want=ff
SMPC_MULTITAP FAIL case3_byte16 got=0 want=ff
SMPC_MULTITAP FAIL case3_byte17 got=0 want=9f
SMPC_MULTITAP FAIL case4_byte14 got=0 want=ff
SMPC_MULTITAP FAIL case4_byte16 got=0 want=ff
SMPC_MULTITAP FAIL case4_byte17 got=0 want=9f
SMPC_MULTITAP FAIL case5_byte5 got=0 want=ff
SMPC_MULTITAP FAIL case5_byte7 got=0 want=fa
SMPC_MULTITAP FAIL case5_byte8 got=0 want=ff
SMPC_MULTITAP FAIL case5_byte10 got=fa want=ff
SMPC_MULTITAP FAIL case5_byte11 got=ff want=bf
SMPC_MULTITAP FAIL case5_byte13 got=ff want=fb
SMPC_MULTITAP FAIL case5_byte16 got=fb want=fe
SMPC_MULTITAP FAIL case6_byte5 got=0 want=ff
SMPC_MULTITAP FAIL case6_byte7 got=0 want=fa
SMPC_MULTITAP FAIL case6_byte8 got=0 want=ff
SMPC_MULTITAP FAIL case6_byte10 got=fa want=ff
SMPC_MULTITAP FAIL case6_byte11 got=ff want=bf
SMPC_MULTITAP FAIL case6_byte13 got=ff want=fb
SMPC_MULTITAP FAIL case6_byte16 got=fb want=fe
Average speed: 142.71% (2 seconds)
