DSP_HOSTFLAGS armed
DSP_HOSTFLAGS case=1 PASS
DSP_HOSTFLAGS case=2 PASS
DSP_HOSTFLAGS case=3 PASS
DSP_HOSTFLAGS case=4 PASS
DSP_HOSTFLAGS case=5 PASS
DSP_HOSTFLAGS case=6 PASS
DSP_HOSTFLAGS case=7 PASS
DSP_HOSTFLAGS case=8 FAIL
DSP_HOSTFLAGS case=9 FAIL
DSP_HOSTFLAGS case=10 PASS
DSP_HOSTFLAGS case=11 PASS
DSP_HOSTFLAGS case=12 FAIL
DSP_HOSTFLAGS case=13 PASS
DSP_HOSTFLAGS case=14 PASS
DSP_HOSTFLAGS case=15 FAIL
DSP_HOSTFLAGS case=16 FAIL
DSP_HOSTFLAGS case=17 PASS
DSP_HOSTFLAGS case=18 PASS
DSP_HOSTFLAGS case=19 FAIL
DSP_HOSTFLAGS case=20 PASS
DSP_HOSTFLAGS case=21 PASS
DSP_HOSTFLAGS case=22 FAIL
DSP_HOSTFLAGS case=23 FAIL
DSP_HOSTFLAGS case=24 PASS
DSP_HOSTFLAGS case=25 PASS
DSP_HOSTFLAGS case=26 FAIL
DSP_HOSTFLAGS case=27 PASS
DSP_HOSTFLAGS case=28 PASS
DSP_HOSTFLAGS case=29 FAIL
DSP_HOSTFLAGS case=30 FAIL
DSP_HOSTFLAGS case=31 PASS
DSP_HOSTFLAGS case=32 PASS
DSP_HOSTFLAGS case=33 FAIL
DSP_HOSTFLAGS case=34 PASS
DSP_HOSTFLAGS case=35 PASS
DSP_HOSTFLAGS case=36 PASS
DSP_HOSTFLAGS case=37 PASS
DSP_HOSTFLAGS case=38 PASS
DSP_HOSTFLAGS case=39 PASS
DSP_HOSTFLAGS case=40 PASS
DSP_HOSTFLAGS case=41 PASS
DSP_HOSTFLAGS case=42 PASS
DSP_HOSTFLAGS case=43 FAIL
DSP_HOSTFLAGS case=44 FAIL
DSP_HOSTFLAGS case=45 PASS
DSP_HOSTFLAGS case=46 PASS
DSP_HOSTFLAGS case=47 FAIL
DSP_HOSTFLAGS case=48 PASS
DSP_HOSTFLAGS case=49 PASS
DSP_HOSTFLAGS case=50 FAIL
DSP_HOSTFLAGS case=51 FAIL
DSP_HOSTFLAGS case=52 PASS
DSP_HOSTFLAGS case=53 PASS
DSP_HOSTFLAGS case=54 FAIL
DSP_HOSTFLAGS case=55 PASS
DSP_HOSTFLAGS case=56 PASS
DSP_HOSTFLAGS case=57 FAIL
DSP_HOSTFLAGS case=58 FAIL
DSP_HOSTFLAGS case=59 PASS
DSP_HOSTFLAGS case=60 PASS
DSP_HOSTFLAGS case=61 FAIL
DSP_HOSTFLAGS case=62 PASS
DSP_HOSTFLAGS case=63 PASS
DSP_HOSTFLAGS case=64 FAIL
DSP_HOSTFLAGS case=65 FAIL
DSP_HOSTFLAGS case=66 PASS
DSP_HOSTFLAGS case=67 PASS
DSP_HOSTFLAGS case=68 FAIL
DSP_HOSTFLAGS case=69 PASS
DSP_HOSTFLAGS case=70 PASS
DSP_HOSTFLAGS case=71 PASS
DSP_HOSTFLAGS case=72 PASS
DSP_HOSTFLAGS case=73 PASS
DSP_HOSTFLAGS case=74 PASS
DSP_HOSTFLAGS case=75 PASS
DSP_HOSTFLAGS case=76 PASS
DSP_HOSTFLAGS case=77 PASS
DSP_HOSTFLAGS case=78 FAIL
DSP_HOSTFLAGS case=79 FAIL
DSP_HOSTFLAGS case=80 PASS
DSP_HOSTFLAGS case=81 PASS
DSP_HOSTFLAGS case=82 FAIL
DSP_HOSTFLAGS case=83 PASS
DSP_HOSTFLAGS case=84 PASS
DSP_HOSTFLAGS case=85 FAIL
DSP_HOSTFLAGS case=86 FAIL
DSP_HOSTFLAGS case=87 PASS
DSP_HOSTFLAGS case=88 PASS
DSP_HOSTFLAGS case=89 FAIL
DSP_HOSTFLAGS case=90 PASS
DSP_HOSTFLAGS case=91 PASS
DSP_HOSTFLAGS case=92 FAIL
DSP_HOSTFLAGS case=93 FAIL
DSP_HOSTFLAGS case=94 PASS
DSP_HOSTFLAGS case=95 PASS
DSP_HOSTFLAGS case=96 FAIL
DSP_HOSTFLAGS case=97 PASS
DSP_HOSTFLAGS case=98 PASS
DSP_HOSTFLAGS case=99 FAIL
DSP_HOSTFLAGS case=100 FAIL
DSP_HOSTFLAGS case=101 PASS
DSP_HOSTFLAGS case=102 PASS
DSP_HOSTFLAGS case=103 FAIL
DSP_HOSTFLAGS case=104 PASS
DSP_HOSTFLAGS case=105 PASS
DSP_HOSTFLAGS case=106 PASS
DSP_HOSTFLAGS case=107 PASS
DSP_HOSTFLAGS case=108 PASS
DSP_HOSTFLAGS case=109 PASS
DSP_HOSTFLAGS case=110 PASS
DSP_HOSTFLAGS case=111 PASS
DSP_HOSTFLAGS case=112 PASS
DSP_HOSTFLAGS FAIL read_only8 got=200000 want=0
DSP_HOSTFLAGS FAIL read_only9 got=200000 want=0
DSP_HOSTFLAGS FAIL read_only12 got=200000 want=0
DSP_HOSTFLAGS FAIL read_only15 got=400000 want=0
DSP_HOSTFLAGS FAIL read_only16 got=400000 want=0
DSP_HOSTFLAGS FAIL read_only19 got=400000 want=0
DSP_HOSTFLAGS FAIL read_only22 got=600000 want=0
DSP_HOSTFLAGS FAIL read_only23 got=600000 want=0
DSP_HOSTFLAGS FAIL read_only26 got=600000 want=0
DSP_HOSTFLAGS FAIL read_only29 got=0 want=200000
DSP_HOSTFLAGS FAIL read_only30 got=0 want=200000
DSP_HOSTFLAGS FAIL read_only33 got=0 want=200000
DSP_HOSTFLAGS FAIL read_only43 got=400000 want=200000
DSP_HOSTFLAGS FAIL read_only44 got=400000 want=200000
DSP_HOSTFLAGS FAIL read_only47 got=400000 want=200000
DSP_HOSTFLAGS FAIL read_only50 got=600000 want=200000
DSP_HOSTFLAGS FAIL read_only51 got=600000 want=200000
DSP_HOSTFLAGS FAIL read_only54 got=600000 want=200000
DSP_HOSTFLAGS FAIL read_only57 got=0 want=400000
DSP_HOSTFLAGS FAIL read_only58 got=0 want=400000
DSP_HOSTFLAGS FAIL read_only61 got=0 want=400000
DSP_HOSTFLAGS FAIL read_only64 got=200000 want=400000
DSP_HOSTFLAGS FAIL read_only65 got=200000 want=400000
DSP_HOSTFLAGS FAIL read_only68 got=200000 want=400000
DSP_HOSTFLAGS FAIL read_only78 got=600000 want=400000
DSP_HOSTFLAGS FAIL read_only79 got=600000 want=400000
DSP_HOSTFLAGS FAIL read_only82 got=600000 want=400000
DSP_HOSTFLAGS FAIL read_only85 got=0 want=600000
DSP_HOSTFLAGS FAIL read_only86 got=0 want=600000
DSP_HOSTFLAGS FAIL read_only89 got=0 want=600000
DSP_HOSTFLAGS FAIL read_only92 got=200000 want=600000
DSP_HOSTFLAGS FAIL read_only93 got=200000 want=600000
DSP_HOSTFLAGS FAIL read_only96 got=200000 want=600000
DSP_HOSTFLAGS FAIL read_only99 got=400000 want=600000
DSP_HOSTFLAGS FAIL read_only100 got=400000 want=600000
DSP_HOSTFLAGS FAIL read_only103 got=400000 want=600000
Average speed: 207.83% (2 seconds)
