SCSP_FM hooked=true
SCSP_FM armed
SCSP_FM trace=base n=20480 peak=16384 edges=[2745:0,4792:1,6841:0,8888:1,10937:0,12984:1,15033:0,17080:1,19129:0] redges=[2745:0,4792:1,6841:0,8888:1,10937:0,12984:1,15033:0,17080:1,19129:0]
SCSP_FM trace=wbase n=40572 peak=16384 edges=[4352:0,12543:1,16640:0,24831:1,28928:0,37119:1] redges=[4352:0,12543:1,16640:0,24831:1,28928:0,37119:1]
SCSP_FM trace=m5 n=20286 peak=16384 edges=[2095:0,4142:1,6191:0,8238:1,10287:0,12334:1,14383:0,16430:1,18479:0] redges=[2127:0,4174:1,6223:0,8270:1,10319:0,12366:1,14415:0,16462:1,18511:0]
SCSP_FM trace=m6 n=20286 peak=16384 edges=[2504:0,4551:1,6600:0,8647:1,10696:0,12743:1,14792:0,16839:1,18888:0] redges=[2568:0,4615:1,6664:0,8711:1,10760:0,12807:1,14856:0,16903:1,18952:0]
SCSP_FM trace=m7 n=20286 peak=16384 edges=[1999:0,4046:1,6095:0,8142:1,10191:0,12238:1,14287:0,16334:1,18383:0] redges=[2127:0,4174:1,6223:0,8270:1,10319:0,12366:1,14415:0,16462:1,18511:0]
SCSP_FM trace=m8 n=20286 peak=16384 edges=[2312:0,4359:1,6408:0,8455:1,10504:0,12551:1,14600:0,16647:1,18696:0] redges=[2568:0,4615:1,6664:0,8711:1,10760:0,12807:1,14856:0,16903:1,18952:0]
SCSP_FM trace=m9 n=20286 peak=16384 edges=[1615:0,3662:1,5711:0,7758:1,9807:0,11854:1,13903:0,15950:1,17999:0,20046:1] redges=[2127:0,4174:1,6223:0,8270:1,10319:0,12366:1,14415:0,16462:1,18511:0]
SCSP_FM trace=mA n=20286 peak=16384 edges=[1544:0,3591:1,5640:0,7687:1,9736:0,11783:1,13832:0,15879:1,17928:0,19975:1] redges=[2568:0,4615:1,6664:0,8711:1,10760:0,12807:1,14856:0,16903:1,18952:0]
SCSP_FM trace=mA2 n=20286 peak=16384 edges=[111:0,2158:1,4207:0,6254:1,8303:0,10350:1,12399:0,14446:1,16495:0,18542:1] redges=[2127:0,4174:1,6223:0,8270:1,10319:0,12366:1,14415:0,16462:1,18511:0]
SCSP_FM trace=wrap3 n=20286 peak=16384 edges=[2568:0,4615:1,6664:0,8711:1,10760:0,12807:1,14856:0,16903:1,18952:0] redges=[2568:0,4615:1,6664:0,8711:1,10760:0,12807:1,14856:0,16903:1,18952:0]
SCSP_FM trace=wrap4 n=20286 peak=16384 edges=[2127:0,4174:1,6223:0,8270:1,10319:0,12366:1,14415:0,16462:1,18511:0] redges=[2127:0,4174:1,6223:0,8270:1,10319:0,12366:1,14415:0,16462:1,18511:0]
SCSP_FM trace=wrap5 n=20286 peak=16384 edges=[2504:0,4551:1,6600:0,8647:1,10696:0,12743:1,14792:0,16839:1,18888:0] redges=[2568:0,4615:1,6664:0,8711:1,10760:0,12807:1,14856:0,16903:1,18952:0]
SCSP_FM trace=wrap6 n=20286 peak=16384 edges=[1999:0,4046:1,6095:0,8142:1,10191:0,12238:1,14287:0,16334:1,18383:0] redges=[2127:0,4174:1,6223:0,8270:1,10319:0,12366:1,14415:0,16462:1,18511:0]
SCSP_FM trace=wrap7 n=20286 peak=16384 edges=[2312:0,4359:1,6408:0,8455:1,10504:0,12551:1,14600:0,16647:1,18696:0] redges=[2568:0,4615:1,6664:0,8711:1,10760:0,12807:1,14856:0,16903:1,18952:0]
SCSP_FM trace=wrap8 n=20286 peak=16384 edges=[1615:0,3662:1,5711:0,7758:1,9807:0,11854:1,13903:0,15950:1,17999:0,20046:1] redges=[2127:0,4174:1,6223:0,8270:1,10319:0,12366:1,14415:0,16462:1,18511:0]
SCSP_FM trace=wrap9 n=20286 peak=16384 edges=[1544:0,3591:1,5640:0,7687:1,9736:0,11783:1,13832:0,15879:1,17928:0,19975:1] redges=[2568:0,4615:1,6664:0,8711:1,10760:0,12807:1,14856:0,16903:1,18952:0]
SCSP_FM trace=wrap9b n=20286 peak=16384 edges=[591:0,2638:1,4687:0,6734:1,8783:0,10830:1,12879:0,14926:1,16975:0,19022:1] redges=[2127:0,4174:1,6223:0,8270:1,10319:0,12366:1,14415:0,16462:1,18511:0]
SCSP_FM trace=deepB n=40960 peak=16384 edges=[1544:0,9735:1,13832:0,22023:1,26120:0,34311:1,38408:0] redges=[4616:0,12807:1,16904:0,25095:1,29192:0,37383:1]
SCSP_FM trace=boundA n=40572 peak=16384 edges=[345:1,376:0,8567:1,12664:0,20855:1,24952:0,33143:1,37240:0] redges=[345:1,4440:0,12631:1,16728:0,24919:1,29016:0,37207:1]
SCSP_FM trace=clipB n=40572 peak=16384 edges=[168:1,169:0,3238:1,7335:0,15526:1,19623:0,27814:1,31911:0,40102:1] redges=[168:1,4263:0,12454:1,16551:0,24742:1,28839:0,37030:1]
SCSP_FM trace=clipF n=40960 peak=16384 edges=[874:1,875:0,1896:1,5993:0,14184:1,18281:0,26472:1,30569:0,38760:1] redges=[874:1,4969:0,13160:1,17257:0,25448:1,29545:0,37736:1]
SCSP_FM trace=deepE n=40960 peak=16384 edges=[698:1,4793:0,12984:1,17081:0,25272:1,29369:0,37560:1] redges=[698:1,4793:0,12984:1,17081:0,25272:1,29369:0,37560:1]
SCSP_FM trace=halfA n=20286 peak=16384 edges=[345:1,1544:0,3591:1,5640:0,7687:1,9736:0,11783:1,13832:0,15879:1,17928:0,19975:1] redges=[345:1,2568:0,4615:1,6664:0,8711:1,10760:0,12807:1,14856:0,16903:1,18952:0]
SCSP_FM trace=injA n=20286 peak=16384 edges=[168:1,199:0,2246:1,4295:0,6342:1,8391:0,10438:1,12487:0,14534:1,16583:0,18630:1] redges=[2215:0,4262:1,6311:0,8358:1,10407:0,12454:1,14503:0,16550:1,18599:0]
SCSP_FM trace=inj4 n=20480 peak=16384 edges=[521:1,2745:0,4792:1,6841:0,8888:1,10937:0,12984:1,15033:0,17080:1,19129:0] redges=[2745:0,4792:1,6841:0,8888:1,10937:0,12984:1,15033:0,17080:1,19129:0]
SCSP_FM trace=inj9 n=20286 peak=16384 edges=[168:0,345:1,1384:0,3431:1,5480:0,7527:1,9576:0,11623:1,13672:0,15719:1,17768:0,19815:1] redges=[2392:0,4439:1,6488:0,8535:1,10584:0,12631:1,14680:0,16727:1,18776:0]
SCSP_FM trace=injC n=40960 peak=16384 edges=[696:0,698:1,2921:0,11112:1,15209:0,23400:1,27497:0,35688:1,39785:0] redges=[4969:0,13160:1,17257:0,25448:1,29545:0,37736:1]
SCSP_FM trace=injF n=40960 peak=16384 edges=[1808:1,5905:0,14096:1,18193:0,26384:1,30481:0,38672:1] redges=[786:1,4881:0,13072:1,17169:0,25360:1,29457:0,37648:1]
SCSP_FM done
Average speed: 201.27% (20 seconds)
