SMPC_MULTITAP armed
SMPC_MULTITAP FAIL case1_byte5 got=0 want=ff
SMPC_MULTITAP FAIL case1_byte7 got=0 want=fa
SMPC_MULTITAP FAIL case1_byte8 got=0 want=ff
SMPC_MULTITAP FAIL case1_byte10 got=fa want=ff
SMPC_MULTITAP FAIL case1_byte11 got=ff want=bf
SMPC_MULTITAP FAIL case1_byte19 got=0 want=ff
SMPC_MULTITAP FAIL case1_byte21 got=0 want=ff
SMPC_MULTITAP FAIL case1_byte22 got=0 want=df
SMPC_MULTITAP FAIL case2_byte5 got=0 want=ff
SMPC_MULTITAP FAIL case2_byte7 got=0 want=fa
SMPC_MULTITAP FAIL case2_byte8 got=0 want=ff
SMPC_MULTITAP FAIL case2_byte10 got=fa want=ff
SMPC_MULTITAP FAIL case2_byte11 got=ff want=bf
SMPC_MULTITAP FAIL case2_byte19 got=0 want=ff
SMPC_MULTITAP FAIL case2_byte21 got=0 want=ff
SMPC_MULTITAP FAIL case2_byte22 got=0 want=df
SMPC_MULTITAP FAIL case3_byte8 got=0 want=ff
SMPC_MULTITAP FAIL case3_byte10 got=0 want=ff
SMPC_MULTITAP FAIL case3_byte11 got=0 want=df
SMPC_MULTITAP FAIL case4_byte8 got=0 want=ff
SMPC_MULTITAP FAIL case4_byte10 got=0 want=ff
SMPC_MULTITAP FAIL case4_byte11 got=0 want=df
SMPC_MULTITAP FAIL case5_byte5 got=0 want=ff
SMPC_MULTITAP FAIL case5_byte7 got=0 want=fa
SMPC_MULTITAP FAIL case5_byte8 got=0 want=ff
SMPC_MULTITAP FAIL case5_byte10 got=fa want=ff
SMPC_MULTITAP FAIL case5_byte11 got=ff want=bf
SMPC_MULTITAP FAIL case6_byte5 got=0 want=ff
SMPC_MULTITAP FAIL case6_byte7 got=0 want=fa
SMPC_MULTITAP FAIL case6_byte8 got=0 want=ff
SMPC_MULTITAP FAIL case6_byte10 got=fa want=ff
SMPC_MULTITAP FAIL case6_byte11 got=ff want=bf
Average speed: 143.77% (2 seconds)
