Traceback (most recent call last):
  File "/home/user/pc-load-probe/test_scudsp_pause_runtime.py", line 156, in <module>
    runner.main('DSP pause: 20 pause/DMA/stopped-load/pending-slot cases passed live')
  File "/home/user/mame/saturn_pending/test_scudsp_dma_runtime.py", line 110, in main
    validate_output((output/'runtime.log').read_text(errors='replace'),result.returncode)
  File "/home/user/pc-load-probe/test_scudsp_pause_runtime.py", line 153, in validate_output
    raise RuntimeError('DSP pause fixture failed:\n'+text[-16000:])
RuntimeError: DSP pause fixture failed:
DSP_PAUSE armed
DSP_PAUSE case=1 PASS
DSP_PAUSE case=2 PASS
DSP_PAUSE case=3 PASS
DSP_PAUSE case=4 PASS
DSP_PAUSE case=5 PASS
DSP_PAUSE case=6 PASS
DSP_PAUSE case=9 PASS
DSP_PAUSE case=10 PASS
DSP_PAUSE case=16 PASS
DSP_PAUSE case=17 PASS
DSP_PAUSE FAIL active_load_ignored7 got=10041 want=10001
DSP_PAUSE FAIL active_load_ignored8 got=10041 want=10001
DSP_PAUSE FAIL loaded_entry_no_old_slot11 got=12 want=56
DSP_PAUSE FAIL loaded_entry_guard11 got=56 want=deadbeef
DSP_PAUSE FAIL loaded_entry_no_old_slot12 got=12 want=56
DSP_PAUSE FAIL loaded_entry_guard12 got=56 want=deadbeef
DSP_PAUSE FAIL loaded_entry_no_old_slot13 got=12 want=34
DSP_PAUSE FAIL loaded_entry_guard13 got=34 want=deadbeef
DSP_PAUSE FAIL active_load_ignored14 got=10041 want=100fd
DSP_PAUSE FAIL active_load_ignored15 got=10041 want=100fd
DSP_PAUSE FAIL loaded_entry_no_old_slot18 got=12 want=56
DSP_PAUSE FAIL loaded_entry_guard18 got=56 want=deadbeef
DSP_PAUSE FAIL loaded_entry_no_old_slot19 got=12 want=56
DSP_PAUSE FAIL loaded_entry_guard19 got=56 want=deadbeef
DSP_PAUSE FAIL loaded_entry_no_old_slot20 got=12 want=34
DSP_PAUSE FAIL loaded_entry_guard20 got=34 want=deadbeef
Average speed: 267.34% (2 seconds)

