SCSP_MIDI armed
SCSP_MIDI case=1 PASS
SCSP_MIDI case=2 PASS
SCSP_MIDI case=3 PASS
SCSP_MIDI case=4 PASS
SCSP_MIDI case=5 PASS
SCSP_MIDI case=6 PASS
SCSP_MIDI case=7 PASS
SCSP_MIDI case=8 PASS
SCSP_MIDI case=9 PASS
SCSP_MIDI case=10 PASS
SCSP_MIDI case=11 PASS
SCSP_MIDI case=12 PASS
SCSP_MIDI case=13 PASS
SCSP_MIDI case=14 PASS
SCSP_MIDI case=15 PASS
SCSP_MIDI case=16 PASS
SCSP_MIDI case=17 PASS
SCSP_MIDI case=18 PASS
SCSP_MIDI case=19 PASS
SCSP_MIDI case=20 PASS
SCSP_MIDI case=21 PASS
SCSP_MIDI case=22 PASS
SCSP_MIDI case=23 PASS
SCSP_MIDI case=24 PASS
SCSP_MIDI case=25 PASS
SCSP_MIDI case=26 PASS
SCSP_MIDI case=27 PASS
SCSP_MIDI case=28 PASS
SCSP_MIDI case=29 PASS
SCSP_MIDI case=30 PASS
SCSP_MIDI case=31 PASS
SCSP_MIDI case=32 PASS
SCSP_MIDI case=33 PASS
SCSP_MIDI case=34 PASS
SCSP_MIDI case=35 PASS
SCSP_MIDI case=36 PASS
SCSP_MIDI case=37 PASS
SCSP_MIDI case=38 PASS
SCSP_MIDI case=39 PASS
SCSP_MIDI case=40 PASS
SCSP_MIDI case=41 PASS
SCSP_MIDI case=42 PASS
SCSP_MIDI case=43 PASS
SCSP_MIDI case=44 PASS
SCSP_MIDI case=45 PASS
SCSP_MIDI case=46 PASS
SCSP_MIDI case=47 PASS
SCSP_MIDI case=48 PASS
SCSP_MIDI case=49 PASS
SCSP_MIDI case=50 PASS
SCSP_MIDI case=51 PASS
SCSP_MIDI case=52 PASS
SCSP_MIDI case=53 PASS
SCSP_MIDI case=54 PASS
SCSP_MIDI case=55 PASS
SCSP_MIDI case=56 PASS
SCSP_MIDI case=57 PASS
SCSP_MIDI case=58 PASS
SCSP_MIDI case=59 PASS
SCSP_MIDI case=60 PASS
SCSP_MIDI case=61 PASS
SCSP_MIDI case=62 PASS
SCSP_MIDI case=63 PASS
SCSP_MIDI case=64 PASS
SCSP_MIDI case=65 PASS
SCSP_MIDI case=66 PASS
SCSP_MIDI case=67 PASS
SCSP_MIDI case=68 PASS
SCSP_MIDI case=69 PASS
SCSP_MIDI case=70 PASS
SCSP_MIDI case=71 PASS
SCSP_MIDI case=72 PASS
SCSP_MIDI case=73 PASS
SCSP_MIDI case=74 PASS
SCSP_MIDI case=75 PASS
SCSP_MIDI case=76 PASS
SCSP_MIDI case=77 PASS
SCSP_MIDI case=78 PASS
SCSP_MIDI case=79 PASS
SCSP_MIDI case=80 PASS
SCSP_MIDI case=81 PASS
SCSP_MIDI case=82 PASS
SCSP_MIDI case=83 PASS
SCSP_MIDI case=84 PASS
SCSP_MIDI case=85 PASS
SCSP_MIDI case=86 PASS
SCSP_MIDI case=87 PASS
SCSP_MIDI case=88 PASS
SCSP_MIDI case=89 PASS
SCSP_MIDI case=90 PASS
SCSP_MIDI case=91 PASS
SCSP_MIDI case=92 PASS
SCSP_MIDI case=93 PASS
SCSP_MIDI case=94 PASS
SCSP_MIDI case=95 PASS
SCSP_MIDI case=96 PASS
SCSP_MIDI case=97 PASS
SCSP_MIDI case=98 PASS
SCSP_MIDI case=99 PASS
SCSP_MIDI case=100 PASS
SCSP_MIDI case=101 PASS
SCSP_MIDI case=102 PASS
SCSP_MIDI case=103 PASS
SCSP_MIDI case=104 PASS
SCSP_MIDI case=105 PASS
SCSP_MIDI case=106 PASS
SCSP_MIDI case=107 PASS
SCSP_MIDI case=108 PASS
SCSP_MIDI case=109 PASS
SCSP_MIDI case=110 PASS
SCSP_MIDI case=111 PASS
SCSP_MIDI case=112 PASS
SCSP_MIDI case=113 PASS
SCSP_MIDI case=114 PASS
SCSP_MIDI case=115 PASS
SCSP_MIDI case=116 PASS
SCSP_MIDI case=117 PASS
SCSP_MIDI case=118 PASS
SCSP_MIDI case=119 PASS
SCSP_MIDI case=120 PASS
SCSP_MIDI case=121 PASS
SCSP_MIDI case=122 PASS
SCSP_MIDI case=123 PASS
SCSP_MIDI case=124 PASS
SCSP_MIDI case=125 PASS
SCSP_MIDI case=126 PASS
SCSP_MIDI case=127 PASS
SCSP_MIDI case=128 PASS
SCSP_MIDI case=129 PASS
SCSP_MIDI case=130 PASS
SCSP_MIDI case=131 PASS
SCSP_MIDI case=132 PASS
SCSP_MIDI case=133 PASS
SCSP_MIDI case=134 PASS
SCSP_MIDI case=135 PASS
SCSP_MIDI case=136 PASS
SCSP_MIDI case=137 PASS
SCSP_MIDI case=138 PASS
SCSP_MIDI case=139 PASS
SCSP_MIDI case=140 PASS
SCSP_MIDI case=141 PASS
SCSP_MIDI case=142 PASS
SCSP_MIDI case=143 PASS
SCSP_MIDI case=144 PASS
SCSP_MIDI case=145 PASS
SCSP_MIDI case=146 PASS
SCSP_MIDI case=147 PASS
SCSP_MIDI case=148 PASS
SCSP_MIDI case=149 PASS
SCSP_MIDI case=150 PASS
SCSP_MIDI case=151 PASS
SCSP_MIDI case=152 PASS
SCSP_MIDI case=153 PASS
SCSP_MIDI case=154 PASS
SCSP_MIDI case=155 PASS
SCSP_MIDI case=156 PASS
SCSP_MIDI case=157 PASS
SCSP_MIDI case=158 PASS
SCSP_MIDI case=159 PASS
SCSP_MIDI case=160 PASS
SCSP_MIDI case=161 PASS
SCSP_MIDI case=162 PASS
SCSP_MIDI case=163 PASS
SCSP_MIDI case=164 PASS
SCSP_MIDI case=165 PASS
SCSP_MIDI case=166 PASS
SCSP_MIDI case=167 PASS
SCSP_MIDI case=168 PASS
SCSP_MIDI case=169 PASS
SCSP_MIDI case=170 PASS
SCSP_MIDI case=171 PASS
SCSP_MIDI case=172 PASS
SCSP_MIDI case=173 PASS
SCSP_MIDI case=174 PASS
SCSP_MIDI case=175 PASS
SCSP_MIDI case=176 PASS
SCSP_MIDI case=177 PASS
SCSP_MIDI case=178 PASS
SCSP_MIDI case=179 PASS
SCSP_MIDI case=180 PASS
SCSP_MIDI case=181 PASS
SCSP_MIDI case=182 PASS
SCSP_MIDI case=183 PASS
SCSP_MIDI case=184 PASS
SCSP_MIDI case=185 PASS
SCSP_MIDI case=186 PASS
SCSP_MIDI case=187 PASS
SCSP_MIDI case=188 PASS
SCSP_MIDI case=189 PASS
SCSP_MIDI case=190 PASS
SCSP_MIDI case=191 PASS
SCSP_MIDI case=192 PASS
SCSP_MIDI case=193 PASS
SCSP_MIDI case=194 PASS
SCSP_MIDI case=195 PASS
SCSP_MIDI case=196 PASS
SCSP_MIDI case=197 PASS
SCSP_MIDI case=198 PASS
SCSP_MIDI case=199 PASS
SCSP_MIDI case=200 PASS
SCSP_MIDI case=201 PASS
SCSP_MIDI case=202 PASS
SCSP_MIDI case=203 PASS
SCSP_MIDI case=204 PASS
SCSP_MIDI case=205 PASS
SCSP_MIDI case=206 PASS
SCSP_MIDI case=207 PASS
SCSP_MIDI case=208 PASS
SCSP_MIDI case=209 PASS
SCSP_MIDI case=210 PASS
SCSP_MIDI case=211 PASS
SCSP_MIDI case=212 PASS
SCSP_MIDI case=213 PASS
SCSP_MIDI case=214 PASS
SCSP_MIDI case=215 PASS
SCSP_MIDI case=216 PASS
SCSP_MIDI case=217 PASS
SCSP_MIDI case=218 PASS
SCSP_MIDI case=219 PASS
SCSP_MIDI case=220 PASS
SCSP_MIDI case=221 PASS
SCSP_MIDI case=222 PASS
SCSP_MIDI case=223 PASS
SCSP_MIDI case=224 PASS
SCSP_MIDI case=225 PASS
SCSP_MIDI case=226 PASS
SCSP_MIDI case=227 PASS
SCSP_MIDI case=228 PASS
SCSP_MIDI case=229 PASS
SCSP_MIDI case=230 PASS
SCSP_MIDI case=231 PASS
SCSP_MIDI case=232 PASS
SCSP_MIDI case=233 PASS
SCSP_MIDI case=234 PASS
SCSP_MIDI case=235 PASS
SCSP_MIDI case=236 PASS
SCSP_MIDI case=237 PASS
SCSP_MIDI case=238 PASS
SCSP_MIDI case=239 PASS
SCSP_MIDI case=240 PASS
SCSP_MIDI case=241 PASS
SCSP_MIDI case=242 PASS
SCSP_MIDI case=243 PASS
SCSP_MIDI case=244 PASS
SCSP_MIDI case=245 PASS
SCSP_MIDI case=246 PASS
SCSP_MIDI case=247 PASS
SCSP_MIDI case=248 PASS
SCSP_MIDI case=249 PASS
SCSP_MIDI case=250 PASS
SCSP_MIDI case=251 PASS
SCSP_MIDI case=252 PASS
SCSP_MIDI case=253 PASS
SCSP_MIDI case=254 PASS
SCSP_MIDI case=255 PASS
SCSP_MIDI case=256 PASS
SCSP_MIDI case=513 PASS
SCSP_MIDI case=514 PASS
SCSP_MIDI case=515 PASS
SCSP_MIDI case=516 PASS
SCSP_MIDI case=517 PASS
SCSP_MIDI case=518 PASS
SCSP_MIDI case=519 PASS
SCSP_MIDI case=520 PASS
SCSP_MIDI case=521 PASS
SCSP_MIDI case=522 PASS
SCSP_MIDI case=523 PASS
SCSP_MIDI case=524 PASS
SCSP_MIDI case=525 PASS
SCSP_MIDI case=526 PASS
SCSP_MIDI case=527 PASS
SCSP_MIDI case=528 PASS
SCSP_MIDI case=529 PASS
SCSP_MIDI case=530 PASS
SCSP_MIDI case=531 PASS
SCSP_MIDI case=532 PASS
SCSP_MIDI case=533 PASS
SCSP_MIDI case=534 PASS
SCSP_MIDI case=535 PASS
SCSP_MIDI case=536 PASS
SCSP_MIDI case=537 PASS
SCSP_MIDI case=538 PASS
SCSP_MIDI case=539 PASS
SCSP_MIDI case=540 PASS
SCSP_MIDI case=541 PASS
SCSP_MIDI case=542 PASS
SCSP_MIDI case=543 PASS
SCSP_MIDI case=544 PASS
SCSP_MIDI case=545 PASS
SCSP_MIDI case=546 PASS
SCSP_MIDI case=547 PASS
SCSP_MIDI case=548 PASS
SCSP_MIDI case=549 PASS
SCSP_MIDI case=550 PASS
SCSP_MIDI case=551 PASS
SCSP_MIDI case=552 PASS
SCSP_MIDI case=553 PASS
SCSP_MIDI case=554 PASS
SCSP_MIDI case=555 PASS
SCSP_MIDI case=556 PASS
SCSP_MIDI case=557 PASS
SCSP_MIDI case=558 PASS
SCSP_MIDI case=559 PASS
SCSP_MIDI case=560 PASS
SCSP_MIDI case=561 PASS
SCSP_MIDI case=562 PASS
SCSP_MIDI case=563 PASS
SCSP_MIDI case=564 PASS
SCSP_MIDI case=565 PASS
SCSP_MIDI case=566 PASS
SCSP_MIDI case=567 PASS
SCSP_MIDI case=568 PASS
SCSP_MIDI case=569 PASS
SCSP_MIDI case=570 PASS
SCSP_MIDI case=571 PASS
SCSP_MIDI case=572 PASS
SCSP_MIDI case=573 PASS
SCSP_MIDI case=574 PASS
SCSP_MIDI case=575 PASS
SCSP_MIDI case=576 PASS
SCSP_MIDI case=577 PASS
SCSP_MIDI case=578 PASS
SCSP_MIDI case=579 PASS
SCSP_MIDI case=580 PASS
SCSP_MIDI case=581 PASS
SCSP_MIDI case=582 PASS
SCSP_MIDI case=583 PASS
SCSP_MIDI case=584 PASS
SCSP_MIDI case=585 PASS
SCSP_MIDI case=586 PASS
SCSP_MIDI case=587 PASS
SCSP_MIDI case=588 PASS
SCSP_MIDI case=589 PASS
SCSP_MIDI case=590 PASS
SCSP_MIDI case=591 PASS
SCSP_MIDI case=592 PASS
SCSP_MIDI case=593 PASS
SCSP_MIDI case=594 PASS
SCSP_MIDI case=595 PASS
SCSP_MIDI case=596 PASS
SCSP_MIDI case=597 PASS
SCSP_MIDI case=598 PASS
SCSP_MIDI case=599 PASS
SCSP_MIDI case=600 PASS
SCSP_MIDI case=601 PASS
SCSP_MIDI case=602 PASS
SCSP_MIDI case=603 PASS
SCSP_MIDI case=604 PASS
SCSP_MIDI case=605 PASS
SCSP_MIDI case=606 PASS
SCSP_MIDI case=607 PASS
SCSP_MIDI case=608 PASS
SCSP_MIDI case=609 PASS
SCSP_MIDI case=610 PASS
SCSP_MIDI case=611 PASS
SCSP_MIDI case=612 PASS
SCSP_MIDI case=613 PASS
SCSP_MIDI case=614 PASS
SCSP_MIDI case=615 PASS
SCSP_MIDI case=616 PASS
SCSP_MIDI case=617 PASS
SCSP_MIDI case=618 PASS
SCSP_MIDI case=619 PASS
SCSP_MIDI case=620 PASS
SCSP_MIDI case=621 PASS
SCSP_MIDI case=622 PASS
SCSP_MIDI case=623 PASS
SCSP_MIDI case=624 PASS
SCSP_MIDI case=625 PASS
SCSP_MIDI case=626 PASS
SCSP_MIDI case=627 PASS
SCSP_MIDI case=628 PASS
SCSP_MIDI case=629 PASS
SCSP_MIDI case=630 PASS
SCSP_MIDI case=631 PASS
SCSP_MIDI case=632 PASS
SCSP_MIDI case=633 PASS
SCSP_MIDI case=634 PASS
SCSP_MIDI case=635 PASS
SCSP_MIDI case=636 PASS
SCSP_MIDI case=637 PASS
SCSP_MIDI case=638 PASS
SCSP_MIDI case=639 PASS
SCSP_MIDI case=640 PASS
SCSP_MIDI case=641 PASS
SCSP_MIDI case=642 PASS
SCSP_MIDI case=643 PASS
SCSP_MIDI case=644 PASS
SCSP_MIDI case=645 PASS
SCSP_MIDI case=646 PASS
SCSP_MIDI case=647 PASS
SCSP_MIDI case=648 PASS
SCSP_MIDI case=649 PASS
SCSP_MIDI case=650 PASS
SCSP_MIDI case=651 PASS
SCSP_MIDI case=652 PASS
SCSP_MIDI case=653 PASS
SCSP_MIDI case=654 PASS
SCSP_MIDI case=655 PASS
SCSP_MIDI case=656 PASS
SCSP_MIDI case=657 PASS
SCSP_MIDI case=658 PASS
SCSP_MIDI case=659 PASS
SCSP_MIDI case=660 PASS
SCSP_MIDI case=661 PASS
SCSP_MIDI case=662 PASS
SCSP_MIDI case=663 PASS
SCSP_MIDI case=664 PASS
SCSP_MIDI case=665 PASS
SCSP_MIDI case=666 PASS
SCSP_MIDI case=667 PASS
SCSP_MIDI case=668 PASS
SCSP_MIDI case=669 PASS
SCSP_MIDI case=670 PASS
SCSP_MIDI case=671 PASS
SCSP_MIDI case=672 PASS
SCSP_MIDI case=673 PASS
SCSP_MIDI case=674 PASS
SCSP_MIDI case=675 PASS
SCSP_MIDI case=676 PASS
SCSP_MIDI case=677 PASS
SCSP_MIDI case=678 PASS
SCSP_MIDI case=679 PASS
SCSP_MIDI case=680 PASS
SCSP_MIDI case=681 PASS
SCSP_MIDI case=682 PASS
SCSP_MIDI case=683 PASS
SCSP_MIDI case=684 PASS
SCSP_MIDI case=685 PASS
SCSP_MIDI case=686 PASS
SCSP_MIDI case=687 PASS
SCSP_MIDI case=688 PASS
SCSP_MIDI case=689 PASS
SCSP_MIDI case=690 PASS
SCSP_MIDI case=691 PASS
SCSP_MIDI case=692 PASS
SCSP_MIDI case=693 PASS
SCSP_MIDI case=694 PASS
SCSP_MIDI case=695 PASS
SCSP_MIDI case=696 PASS
SCSP_MIDI case=697 PASS
SCSP_MIDI case=698 PASS
SCSP_MIDI case=699 PASS
SCSP_MIDI case=700 PASS
SCSP_MIDI case=701 PASS
SCSP_MIDI case=702 PASS
SCSP_MIDI case=703 PASS
SCSP_MIDI case=704 PASS
SCSP_MIDI case=705 PASS
SCSP_MIDI case=706 PASS
SCSP_MIDI case=707 PASS
SCSP_MIDI case=708 PASS
SCSP_MIDI case=709 PASS
SCSP_MIDI case=710 PASS
SCSP_MIDI case=711 PASS
SCSP_MIDI case=712 PASS
SCSP_MIDI case=713 PASS
SCSP_MIDI case=714 PASS
SCSP_MIDI case=715 PASS
SCSP_MIDI case=716 PASS
SCSP_MIDI case=717 PASS
SCSP_MIDI case=718 PASS
SCSP_MIDI case=719 PASS
SCSP_MIDI case=720 PASS
SCSP_MIDI case=721 PASS
SCSP_MIDI case=722 PASS
SCSP_MIDI case=723 PASS
SCSP_MIDI case=724 PASS
SCSP_MIDI case=725 PASS
SCSP_MIDI case=726 PASS
SCSP_MIDI case=727 PASS
SCSP_MIDI case=728 PASS
SCSP_MIDI case=729 PASS
SCSP_MIDI case=730 PASS
SCSP_MIDI case=731 PASS
SCSP_MIDI case=732 PASS
SCSP_MIDI case=733 PASS
SCSP_MIDI case=734 PASS
SCSP_MIDI case=735 PASS
SCSP_MIDI case=736 PASS
SCSP_MIDI case=737 PASS
SCSP_MIDI case=738 PASS
SCSP_MIDI case=739 PASS
SCSP_MIDI case=740 PASS
SCSP_MIDI case=741 PASS
SCSP_MIDI case=742 PASS
SCSP_MIDI case=743 PASS
SCSP_MIDI case=744 PASS
SCSP_MIDI case=745 PASS
SCSP_MIDI case=746 PASS
SCSP_MIDI case=747 PASS
SCSP_MIDI case=748 PASS
SCSP_MIDI case=749 PASS
SCSP_MIDI case=750 PASS
SCSP_MIDI case=751 PASS
SCSP_MIDI case=752 PASS
SCSP_MIDI case=753 PASS
SCSP_MIDI case=754 PASS
SCSP_MIDI case=755 PASS
SCSP_MIDI case=756 PASS
SCSP_MIDI case=757 PASS
SCSP_MIDI case=758 PASS
SCSP_MIDI case=759 PASS
SCSP_MIDI case=760 PASS
SCSP_MIDI case=761 PASS
SCSP_MIDI case=762 PASS
SCSP_MIDI case=763 PASS
SCSP_MIDI case=764 PASS
SCSP_MIDI case=765 PASS
SCSP_MIDI case=766 PASS
SCSP_MIDI case=767 PASS
SCSP_MIDI case=768 PASS
SCSP_MIDI case=769 PASS
SCSP_MIDI case=770 PASS
SCSP_MIDI case=771 PASS
SCSP_MIDI case=772 PASS
SCSP_MIDI case=773 PASS
SCSP_MIDI case=774 PASS
SCSP_MIDI case=775 PASS
SCSP_MIDI case=776 PASS
SCSP_MIDI case=777 PASS
SCSP_MIDI case=778 PASS
SCSP_MIDI case=779 PASS
SCSP_MIDI case=780 PASS
SCSP_MIDI case=781 PASS
SCSP_MIDI case=782 PASS
SCSP_MIDI case=783 PASS
SCSP_MIDI case=784 PASS
SCSP_MIDI case=785 PASS
SCSP_MIDI case=786 PASS
SCSP_MIDI case=787 PASS
SCSP_MIDI case=788 PASS
SCSP_MIDI case=789 PASS
SCSP_MIDI case=790 PASS
SCSP_MIDI case=791 PASS
SCSP_MIDI case=792 PASS
SCSP_MIDI case=793 PASS
SCSP_MIDI case=794 PASS
SCSP_MIDI case=795 PASS
SCSP_MIDI case=796 PASS
SCSP_MIDI case=797 PASS
SCSP_MIDI case=798 PASS
SCSP_MIDI case=799 PASS
SCSP_MIDI case=800 PASS
SCSP_MIDI case=801 PASS
SCSP_MIDI case=802 PASS
SCSP_MIDI case=803 PASS
SCSP_MIDI case=804 PASS
SCSP_MIDI case=805 PASS
SCSP_MIDI case=806 PASS
SCSP_MIDI case=807 PASS
SCSP_MIDI case=808 PASS
SCSP_MIDI case=809 PASS
SCSP_MIDI case=810 PASS
SCSP_MIDI case=811 PASS
SCSP_MIDI case=812 PASS
SCSP_MIDI case=813 PASS
SCSP_MIDI case=814 PASS
SCSP_MIDI case=815 PASS
SCSP_MIDI case=816 PASS
SCSP_MIDI case=817 PASS
SCSP_MIDI case=818 PASS
SCSP_MIDI case=819 PASS
SCSP_MIDI case=820 PASS
SCSP_MIDI case=821 PASS
SCSP_MIDI case=822 PASS
SCSP_MIDI case=823 PASS
SCSP_MIDI case=824 PASS
SCSP_MIDI case=825 PASS
SCSP_MIDI case=826 PASS
SCSP_MIDI case=827 PASS
SCSP_MIDI case=828 PASS
SCSP_MIDI case=829 PASS
SCSP_MIDI case=830 PASS
SCSP_MIDI case=831 PASS
SCSP_MIDI case=832 PASS
SCSP_MIDI case=833 PASS
SCSP_MIDI case=834 PASS
SCSP_MIDI case=835 PASS
SCSP_MIDI case=836 PASS
SCSP_MIDI case=837 PASS
SCSP_MIDI case=838 PASS
SCSP_MIDI case=839 PASS
SCSP_MIDI case=840 PASS
SCSP_MIDI case=841 PASS
SCSP_MIDI case=842 PASS
SCSP_MIDI case=843 PASS
SCSP_MIDI case=844 PASS
SCSP_MIDI case=845 PASS
SCSP_MIDI case=846 PASS
SCSP_MIDI case=847 PASS
SCSP_MIDI case=848 PASS
SCSP_MIDI case=849 PASS
SCSP_MIDI case=850 PASS
SCSP_MIDI case=851 PASS
SCSP_MIDI case=852 PASS
SCSP_MIDI case=853 PASS
SCSP_MIDI case=854 PASS
SCSP_MIDI case=855 PASS
SCSP_MIDI case=856 PASS
SCSP_MIDI case=857 PASS
SCSP_MIDI case=858 PASS
SCSP_MIDI case=859 PASS
SCSP_MIDI case=860 PASS
SCSP_MIDI case=861 PASS
SCSP_MIDI case=862 PASS
SCSP_MIDI case=863 PASS
SCSP_MIDI case=864 PASS
SCSP_MIDI case=865 PASS
SCSP_MIDI case=866 PASS
SCSP_MIDI case=867 PASS
SCSP_MIDI case=868 PASS
SCSP_MIDI case=869 PASS
SCSP_MIDI case=870 PASS
SCSP_MIDI case=871 PASS
SCSP_MIDI case=872 PASS
SCSP_MIDI case=873 PASS
SCSP_MIDI case=874 PASS
SCSP_MIDI case=875 PASS
SCSP_MIDI case=876 PASS
SCSP_MIDI case=877 PASS
SCSP_MIDI case=878 PASS
SCSP_MIDI case=879 PASS
SCSP_MIDI case=880 PASS
SCSP_MIDI case=881 PASS
SCSP_MIDI case=882 PASS
SCSP_MIDI case=883 PASS
SCSP_MIDI case=884 PASS
SCSP_MIDI case=885 PASS
SCSP_MIDI case=886 PASS
SCSP_MIDI case=887 PASS
SCSP_MIDI case=888 PASS
SCSP_MIDI case=889 PASS
SCSP_MIDI case=890 PASS
SCSP_MIDI case=891 PASS
SCSP_MIDI case=892 PASS
SCSP_MIDI case=893 PASS
SCSP_MIDI case=894 PASS
SCSP_MIDI case=895 PASS
SCSP_MIDI case=896 PASS
SCSP_MIDI case=897 PASS
SCSP_MIDI case=898 PASS
SCSP_MIDI case=899 PASS
SCSP_MIDI case=900 PASS
SCSP_MIDI case=901 PASS
SCSP_MIDI case=902 PASS
SCSP_MIDI case=903 PASS
SCSP_MIDI case=904 PASS
SCSP_MIDI case=905 PASS
SCSP_MIDI case=906 PASS
SCSP_MIDI case=907 PASS
SCSP_MIDI case=908 PASS
SCSP_MIDI case=909 PASS
SCSP_MIDI case=910 PASS
SCSP_MIDI case=911 PASS
SCSP_MIDI case=912 PASS
SCSP_MIDI case=913 PASS
SCSP_MIDI case=914 PASS
SCSP_MIDI case=915 PASS
SCSP_MIDI case=916 PASS
SCSP_MIDI case=917 PASS
SCSP_MIDI case=918 PASS
SCSP_MIDI case=919 PASS
SCSP_MIDI case=920 PASS
SCSP_MIDI case=921 PASS
SCSP_MIDI case=922 PASS
SCSP_MIDI case=923 PASS
SCSP_MIDI case=924 PASS
SCSP_MIDI case=925 PASS
SCSP_MIDI case=926 PASS
SCSP_MIDI case=927 PASS
SCSP_MIDI case=928 PASS
SCSP_MIDI case=929 PASS
SCSP_MIDI case=930 PASS
SCSP_MIDI case=931 PASS
SCSP_MIDI case=932 PASS
SCSP_MIDI case=933 PASS
SCSP_MIDI case=934 PASS
SCSP_MIDI case=935 PASS
SCSP_MIDI case=936 PASS
SCSP_MIDI case=937 PASS
SCSP_MIDI case=938 PASS
SCSP_MIDI case=939 PASS
SCSP_MIDI case=940 PASS
SCSP_MIDI case=941 PASS
SCSP_MIDI case=942 PASS
SCSP_MIDI case=943 PASS
SCSP_MIDI case=944 PASS
SCSP_MIDI case=945 PASS
SCSP_MIDI case=946 PASS
SCSP_MIDI case=947 PASS
SCSP_MIDI case=948 PASS
SCSP_MIDI case=949 PASS
SCSP_MIDI case=950 PASS
SCSP_MIDI case=951 PASS
SCSP_MIDI case=952 PASS
SCSP_MIDI case=953 PASS
SCSP_MIDI case=954 PASS
SCSP_MIDI case=955 PASS
SCSP_MIDI case=956 PASS
SCSP_MIDI case=957 PASS
SCSP_MIDI case=958 PASS
SCSP_MIDI case=959 PASS
SCSP_MIDI case=960 PASS
SCSP_MIDI case=961 PASS
SCSP_MIDI case=962 PASS
SCSP_MIDI case=963 PASS
SCSP_MIDI case=964 PASS
SCSP_MIDI case=965 PASS
SCSP_MIDI case=966 PASS
SCSP_MIDI case=967 PASS
SCSP_MIDI case=968 PASS
SCSP_MIDI case=969 PASS
SCSP_MIDI case=970 PASS
SCSP_MIDI case=971 PASS
SCSP_MIDI case=972 PASS
SCSP_MIDI case=973 PASS
SCSP_MIDI case=974 PASS
SCSP_MIDI case=975 PASS
SCSP_MIDI case=976 PASS
SCSP_MIDI case=977 PASS
SCSP_MIDI case=978 PASS
SCSP_MIDI case=979 PASS
SCSP_MIDI case=980 PASS
SCSP_MIDI case=981 PASS
SCSP_MIDI case=982 PASS
SCSP_MIDI case=983 PASS
SCSP_MIDI case=984 PASS
SCSP_MIDI case=985 PASS
SCSP_MIDI case=986 PASS
SCSP_MIDI case=987 PASS
SCSP_MIDI case=988 PASS
SCSP_MIDI case=989 PASS
SCSP_MIDI case=990 PASS
SCSP_MIDI case=991 PASS
SCSP_MIDI case=992 PASS
SCSP_MIDI case=993 PASS
SCSP_MIDI case=994 PASS
SCSP_MIDI case=995 PASS
SCSP_MIDI case=996 PASS
SCSP_MIDI case=997 PASS
SCSP_MIDI case=998 PASS
SCSP_MIDI case=999 PASS
SCSP_MIDI case=1000 PASS
SCSP_MIDI case=1001 PASS
SCSP_MIDI case=1002 PASS
SCSP_MIDI case=1003 PASS
SCSP_MIDI case=1004 PASS
SCSP_MIDI case=1005 PASS
SCSP_MIDI case=1006 PASS
SCSP_MIDI case=1007 PASS
SCSP_MIDI case=1008 PASS
SCSP_MIDI case=1009 PASS
SCSP_MIDI case=1010 PASS
SCSP_MIDI case=1011 PASS
SCSP_MIDI case=1012 PASS
SCSP_MIDI case=1013 PASS
SCSP_MIDI case=1014 PASS
SCSP_MIDI case=1015 PASS
SCSP_MIDI case=1016 PASS
SCSP_MIDI case=1017 PASS
SCSP_MIDI case=1018 PASS
SCSP_MIDI case=1019 PASS
SCSP_MIDI case=1020 PASS
SCSP_MIDI case=1021 PASS
SCSP_MIDI case=1022 PASS
SCSP_MIDI case=1023 PASS
SCSP_MIDI case=1024 PASS
SCSP_MIDI case=1281 PASS
SCSP_MIDI case=1282 PASS
SCSP_MIDI case=1283 PASS
SCSP_MIDI case=1284 PASS
SCSP_MIDI case=1285 PASS
SCSP_MIDI case=1286 PASS
SCSP_MIDI case=1287 PASS
SCSP_MIDI case=1288 PASS
SCSP_MIDI case=1289 PASS
SCSP_MIDI case=1290 PASS
SCSP_MIDI case=1291 PASS
SCSP_MIDI case=1292 PASS
SCSP_MIDI case=1293 PASS
SCSP_MIDI case=1294 PASS
SCSP_MIDI case=1295 PASS
SCSP_MIDI case=1296 PASS
SCSP_MIDI case=1297 PASS
SCSP_MIDI case=1298 PASS
SCSP_MIDI case=1299 PASS
SCSP_MIDI case=1300 PASS
SCSP_MIDI case=1301 PASS
SCSP_MIDI case=1302 PASS
SCSP_MIDI case=1303 PASS
SCSP_MIDI case=1304 PASS
SCSP_MIDI case=1305 PASS
SCSP_MIDI case=1306 PASS
SCSP_MIDI case=1307 PASS
SCSP_MIDI case=1308 PASS
SCSP_MIDI case=1309 PASS
SCSP_MIDI case=1310 PASS
SCSP_MIDI case=1311 PASS
SCSP_MIDI case=1312 PASS
SCSP_MIDI case=1313 PASS
SCSP_MIDI case=1314 PASS
SCSP_MIDI case=1315 PASS
SCSP_MIDI case=1316 PASS
SCSP_MIDI case=1317 PASS
SCSP_MIDI case=1318 PASS
SCSP_MIDI case=1319 PASS
SCSP_MIDI case=1320 PASS
SCSP_MIDI case=1321 PASS
SCSP_MIDI case=1322 PASS
SCSP_MIDI case=1323 PASS
SCSP_MIDI case=1324 PASS
SCSP_MIDI case=1325 PASS
SCSP_MIDI case=1326 PASS
SCSP_MIDI case=1327 PASS
SCSP_MIDI case=1328 PASS
SCSP_MIDI case=1329 PASS
SCSP_MIDI case=1330 PASS
SCSP_MIDI case=1331 PASS
SCSP_MIDI case=1332 PASS
SCSP_MIDI case=1333 PASS
SCSP_MIDI case=1334 PASS
SCSP_MIDI case=1335 PASS
SCSP_MIDI case=1336 PASS
SCSP_MIDI case=1337 PASS
SCSP_MIDI case=1338 PASS
SCSP_MIDI case=1339 PASS
SCSP_MIDI case=1340 PASS
SCSP_MIDI case=1341 PASS
SCSP_MIDI case=1342 PASS
SCSP_MIDI case=1343 PASS
SCSP_MIDI case=1344 PASS
SCSP_MIDI case=1345 PASS
SCSP_MIDI case=1346 PASS
SCSP_MIDI case=1347 PASS
SCSP_MIDI case=1348 PASS
SCSP_MIDI case=1349 PASS
SCSP_MIDI case=1350 PASS
SCSP_MIDI case=1351 PASS
SCSP_MIDI case=1352 PASS
SCSP_MIDI case=1353 PASS
SCSP_MIDI case=1354 PASS
SCSP_MIDI case=1355 PASS
SCSP_MIDI case=1356 PASS
SCSP_MIDI case=1357 PASS
SCSP_MIDI case=1358 PASS
SCSP_MIDI case=1359 PASS
SCSP_MIDI case=1360 PASS
SCSP_MIDI case=1361 PASS
SCSP_MIDI case=1362 PASS
SCSP_MIDI case=1363 PASS
SCSP_MIDI case=1364 PASS
SCSP_MIDI case=1365 PASS
SCSP_MIDI case=1366 PASS
SCSP_MIDI case=1367 PASS
SCSP_MIDI case=1368 PASS
SCSP_MIDI case=1369 PASS
SCSP_MIDI case=1370 PASS
SCSP_MIDI case=1371 PASS
SCSP_MIDI case=1372 PASS
SCSP_MIDI case=1373 PASS
SCSP_MIDI case=1374 PASS
SCSP_MIDI case=1375 PASS
SCSP_MIDI case=1376 PASS
SCSP_MIDI case=1377 PASS
SCSP_MIDI case=1378 PASS
SCSP_MIDI case=1379 PASS
SCSP_MIDI case=1380 PASS
SCSP_MIDI case=1381 PASS
SCSP_MIDI case=1382 PASS
SCSP_MIDI case=1383 PASS
SCSP_MIDI case=1384 PASS
SCSP_MIDI case=1385 PASS
SCSP_MIDI case=1386 PASS
SCSP_MIDI case=1387 PASS
SCSP_MIDI case=1388 PASS
SCSP_MIDI case=1389 PASS
SCSP_MIDI case=1390 PASS
SCSP_MIDI case=1391 PASS
SCSP_MIDI case=1392 PASS
SCSP_MIDI case=1393 PASS
SCSP_MIDI case=1394 PASS
SCSP_MIDI case=1395 PASS
SCSP_MIDI case=1396 PASS
SCSP_MIDI case=1397 PASS
SCSP_MIDI case=1398 PASS
SCSP_MIDI case=1399 PASS
SCSP_MIDI case=1400 PASS
SCSP_MIDI case=1401 PASS
SCSP_MIDI case=1402 PASS
SCSP_MIDI case=1403 PASS
SCSP_MIDI case=1404 PASS
SCSP_MIDI case=1405 PASS
SCSP_MIDI case=1406 PASS
SCSP_MIDI case=1407 PASS
SCSP_MIDI case=1408 PASS
SCSP_MIDI case=1409 PASS
SCSP_MIDI case=1410 PASS
SCSP_MIDI case=1411 PASS
SCSP_MIDI case=1412 PASS
SCSP_MIDI case=1413 PASS
SCSP_MIDI case=1414 PASS
SCSP_MIDI case=1415 PASS
SCSP_MIDI case=1416 PASS
SCSP_MIDI case=1417 PASS
SCSP_MIDI case=1418 PASS
SCSP_MIDI case=1419 PASS
SCSP_MIDI case=1420 PASS
SCSP_MIDI case=1421 PASS
SCSP_MIDI case=1422 PASS
SCSP_MIDI case=1423 PASS
SCSP_MIDI case=1424 PASS
SCSP_MIDI case=1425 PASS
SCSP_MIDI case=1426 PASS
SCSP_MIDI case=1427 PASS
SCSP_MIDI case=1428 PASS
SCSP_MIDI case=1429 PASS
SCSP_MIDI case=1430 PASS
SCSP_MIDI case=1431 PASS
SCSP_MIDI case=1432 PASS
SCSP_MIDI case=1433 PASS
SCSP_MIDI case=1434 PASS
SCSP_MIDI case=1435 PASS
SCSP_MIDI case=1436 PASS
SCSP_MIDI case=1437 PASS
SCSP_MIDI case=1438 PASS
SCSP_MIDI case=1439 PASS
SCSP_MIDI case=1440 PASS
SCSP_MIDI case=1441 PASS
SCSP_MIDI case=1442 PASS
SCSP_MIDI case=1443 PASS
SCSP_MIDI case=1444 PASS
SCSP_MIDI case=1445 PASS
SCSP_MIDI case=1446 PASS
SCSP_MIDI case=1447 PASS
SCSP_MIDI case=1448 PASS
SCSP_MIDI case=1449 PASS
SCSP_MIDI case=1450 PASS
SCSP_MIDI case=1451 PASS
SCSP_MIDI case=1452 PASS
SCSP_MIDI case=1453 PASS
SCSP_MIDI case=1454 PASS
SCSP_MIDI case=1455 PASS
SCSP_MIDI case=1456 PASS
SCSP_MIDI case=1457 PASS
SCSP_MIDI case=1458 PASS
SCSP_MIDI case=1459 PASS
SCSP_MIDI case=1460 PASS
SCSP_MIDI case=1461 PASS
SCSP_MIDI case=1462 PASS
SCSP_MIDI case=1463 PASS
SCSP_MIDI case=1464 PASS
SCSP_MIDI case=1465 PASS
SCSP_MIDI case=1466 PASS
SCSP_MIDI case=1467 PASS
SCSP_MIDI case=1468 PASS
SCSP_MIDI case=1469 PASS
SCSP_MIDI case=1470 PASS
SCSP_MIDI case=1471 PASS
SCSP_MIDI case=1472 PASS
SCSP_MIDI case=1473 PASS
SCSP_MIDI case=1474 PASS
SCSP_MIDI case=1475 PASS
SCSP_MIDI case=1476 PASS
SCSP_MIDI case=1477 PASS
SCSP_MIDI case=1478 PASS
SCSP_MIDI case=1479 PASS
SCSP_MIDI case=1480 PASS
SCSP_MIDI case=1481 PASS
SCSP_MIDI case=1482 PASS
SCSP_MIDI case=1483 PASS
SCSP_MIDI case=1484 PASS
SCSP_MIDI case=1485 PASS
SCSP_MIDI case=1486 PASS
SCSP_MIDI case=1487 PASS
SCSP_MIDI case=1488 PASS
SCSP_MIDI case=1489 PASS
SCSP_MIDI case=1490 PASS
SCSP_MIDI case=1491 PASS
SCSP_MIDI case=1492 PASS
SCSP_MIDI case=1493 PASS
SCSP_MIDI case=1494 PASS
SCSP_MIDI case=1495 PASS
SCSP_MIDI case=1496 PASS
SCSP_MIDI case=1497 PASS
SCSP_MIDI case=1498 PASS
SCSP_MIDI case=1499 PASS
SCSP_MIDI case=1500 PASS
SCSP_MIDI case=1501 PASS
SCSP_MIDI case=1502 PASS
SCSP_MIDI case=1503 PASS
SCSP_MIDI case=1504 PASS
SCSP_MIDI case=1505 PASS
SCSP_MIDI case=1506 PASS
SCSP_MIDI case=1507 PASS
SCSP_MIDI case=1508 PASS
SCSP_MIDI case=1509 PASS
SCSP_MIDI case=1510 PASS
SCSP_MIDI case=1511 PASS
SCSP_MIDI case=1512 PASS
SCSP_MIDI case=1513 PASS
SCSP_MIDI case=1514 PASS
SCSP_MIDI case=1515 PASS
SCSP_MIDI case=1516 PASS
SCSP_MIDI case=1517 PASS
SCSP_MIDI case=1518 PASS
SCSP_MIDI case=1519 PASS
SCSP_MIDI case=1520 PASS
SCSP_MIDI case=1521 PASS
SCSP_MIDI case=1522 PASS
SCSP_MIDI case=1523 PASS
SCSP_MIDI case=1524 PASS
SCSP_MIDI case=1525 PASS
SCSP_MIDI case=1526 PASS
SCSP_MIDI case=1527 PASS
SCSP_MIDI case=1528 PASS
SCSP_MIDI case=1529 PASS
SCSP_MIDI case=1530 PASS
SCSP_MIDI case=1531 PASS
SCSP_MIDI case=1532 PASS
SCSP_MIDI case=1533 PASS
SCSP_MIDI case=1534 PASS
SCSP_MIDI case=1535 PASS
SCSP_MIDI case=1536 PASS
SCSP_MIDI FAIL sound_output_activity257 got=0 want=200
SCSP_MIDI FAIL main_output_activity257 got=0 want=200
SCSP_MIDI FAIL sound_output_activity258 got=0 want=200
SCSP_MIDI FAIL main_output_activity258 got=0 want=200
SCSP_MIDI FAIL sound_output_activity259 got=0 want=200
SCSP_MIDI FAIL main_output_activity259 got=0 want=200
SCSP_MIDI FAIL sound_output_activity260 got=0 want=200
SCSP_MIDI FAIL main_output_activity260 got=0 want=200
SCSP_MIDI FAIL sound_output_activity261 got=0 want=200
SCSP_MIDI FAIL main_output_activity261 got=0 want=200
SCSP_MIDI FAIL sound_output_activity262 got=0 want=200
SCSP_MIDI FAIL main_output_activity262 got=0 want=200
SCSP_MIDI FAIL sound_output_activity263 got=0 want=200
SCSP_MIDI FAIL main_output_activity263 got=0 want=200
SCSP_MIDI FAIL sound_output_activity264 got=0 want=200
SCSP_MIDI FAIL main_output_activity264 got=0 want=200
SCSP_MIDI FAIL sound_output_activity265 got=0 want=200
SCSP_MIDI FAIL main_output_activity265 got=0 want=200
SCSP_MIDI FAIL sound_output_activity266 got=0 want=200
SCSP_MIDI FAIL main_output_activity266 got=0 want=200
SCSP_MIDI FAIL sound_output_activity267 got=0 want=200
SCSP_MIDI FAIL main_output_activity267 got=0 want=200
SCSP_MIDI FAIL sound_output_activity268 got=0 want=200
SCSP_MIDI FAIL main_output_activity268 got=0 want=200
SCSP_MIDI FAIL sound_output_activity269 got=0 want=200
SCSP_MIDI FAIL main_output_activity269 got=0 want=200
SCSP_MIDI FAIL sound_output_activity270 got=0 want=200
SCSP_MIDI FAIL main_output_activity270 got=0 want=200
SCSP_MIDI FAIL sound_output_activity271 got=0 want=200
SCSP_MIDI FAIL main_output_activity271 got=0 want=200
SCSP_MIDI FAIL sound_output_activity272 got=0 want=200
SCSP_MIDI FAIL main_output_activity272 got=0 want=200
SCSP_MIDI FAIL sound_output_activity273 got=0 want=200
SCSP_MIDI FAIL main_output_activity273 got=0 want=200
SCSP_MIDI FAIL sound_output_activity274 got=0 want=200
SCSP_MIDI FAIL main_output_activity274 got=0 want=200
SCSP_MIDI FAIL sound_output_activity275 got=0 want=200
SCSP_MIDI FAIL main_output_activity275 got=0 want=200
SCSP_MIDI FAIL sound_output_activity276 got=0 want=200
SCSP_MIDI FAIL main_output_activity276 got=0 want=200
SCSP_MIDI FAIL sound_output_activity277 got=0 want=200
SCSP_MIDI FAIL main_output_activity277 got=0 want=200
SCSP_MIDI FAIL sound_output_activity278 got=0 want=200
SCSP_MIDI FAIL main_output_activity278 got=0 want=200
SCSP_MIDI FAIL sound_output_activity279 got=0 want=200
SCSP_MIDI FAIL main_output_activity279 got=0 want=200
SCSP_MIDI FAIL sound_output_activity280 got=0 want=200
SCSP_MIDI FAIL main_output_activity280 got=0 want=200
SCSP_MIDI FAIL sound_output_activity281 got=0 want=200
SCSP_MIDI FAIL main_output_activity281 got=0 want=200
SCSP_MIDI FAIL sound_output_activity282 got=0 want=200
SCSP_MIDI FAIL main_output_activity282 got=0 want=200
SCSP_MIDI FAIL sound_output_activity283 got=0 want=200
SCSP_MIDI FAIL main_output_activity283 got=0 want=200
SCSP_MIDI FAIL sound_output_activity284 got=0 want=200
SCSP_MIDI FAIL main_output_activity284 got=0 want=200
SCSP_MIDI FAIL sound_output_activity285 got=0 want=200
SCSP_MIDI FAIL main_output_activity285 got=0 want=200
SCSP_MIDI FAIL sound_output_activity286 got=0 want=200
SCSP_MIDI FAIL main_output_activity286 got=0 want=200
SCSP_MIDI FAIL sound_output_activity287 got=0 want=200
SCSP_MIDI FAIL main_output_activity287 got=0 want=200
SCSP_MIDI FAIL sound_output_activity288 got=0 want=200
SCSP_MIDI FAIL main_output_activity288 got=0 want=200
SCSP_MIDI FAIL sound_output_activity289 got=0 want=200
SCSP_MIDI FAIL main_output_activity289 got=0 want=200
SCSP_MIDI FAIL sound_output_activity290 got=0 want=200
SCSP_MIDI FAIL main_output_activity290 got=0 want=200
SCSP_MIDI FAIL sound_output_activity291 got=0 want=200
SCSP_MIDI FAIL main_output_activity291 got=0 want=200
SCSP_MIDI FAIL sound_output_activity292 got=0 want=200
SCSP_MIDI FAIL main_output_activity292 got=0 want=200
SCSP_MIDI FAIL sound_output_activity293 got=0 want=200
SCSP_MIDI FAIL main_output_activity293 got=0 want=200
SCSP_MIDI FAIL sound_output_activity294 got=0 want=200
SCSP_MIDI FAIL main_output_activity294 got=0 want=200
SCSP_MIDI FAIL sound_output_activity295 got=0 want=200
SCSP_MIDI FAIL main_output_activity295 got=0 want=200
SCSP_MIDI FAIL sound_output_activity296 got=0 want=200
SCSP_MIDI FAIL main_output_activity296 got=0 want=200
SCSP_MIDI FAIL sound_output_activity297 got=0 want=200
SCSP_MIDI FAIL main_output_activity297 got=0 want=200
SCSP_MIDI FAIL sound_output_activity298 got=0 want=200
SCSP_MIDI FAIL main_output_activity298 got=0 want=200
SCSP_MIDI FAIL sound_output_activity299 got=0 want=200
SCSP_MIDI FAIL main_output_activity299 got=0 want=200
SCSP_MIDI FAIL sound_output_activity300 got=0 want=200
SCSP_MIDI FAIL main_output_activity300 got=0 want=200
SCSP_MIDI FAIL sound_output_activity301 got=0 want=200
SCSP_MIDI FAIL main_output_activity301 got=0 want=200
SCSP_MIDI FAIL sound_output_activity302 got=0 want=200
SCSP_MIDI FAIL main_output_activity302 got=0 want=200
SCSP_MIDI FAIL sound_output_activity303 got=0 want=200
SCSP_MIDI FAIL main_output_activity303 got=0 want=200
SCSP_MIDI FAIL sound_output_activity304 got=0 want=200
SCSP_MIDI FAIL main_output_activity304 got=0 want=200
SCSP_MIDI FAIL sound_output_activity305 got=0 want=200
SCSP_MIDI FAIL main_output_activity305 got=0 want=200
SCSP_MIDI FAIL sound_output_activity306 got=0 want=200
SCSP_MIDI FAIL main_output_activity306 got=0 want=200
SCSP_MIDI FAIL sound_output_activity307 got=0 want=200
SCSP_MIDI FAIL main_output_activity307 got=0 want=200
SCSP_MIDI FAIL sound_output_activity308 got=0 want=200
SCSP_MIDI FAIL main_output_activity308 got=0 want=200
SCSP_MIDI FAIL sound_output_activity309 got=0 want=200
SCSP_MIDI FAIL main_output_activity309 got=0 want=200
SCSP_MIDI FAIL sound_output_activity310 got=0 want=200
SCSP_MIDI FAIL main_output_activity310 got=0 want=200
SCSP_MIDI FAIL sound_output_activity311 got=0 want=200
SCSP_MIDI FAIL main_output_activity311 got=0 want=200
SCSP_MIDI FAIL sound_output_activity312 got=0 want=200
SCSP_MIDI FAIL main_output_activity312 got=0 want=200
SCSP_MIDI FAIL sound_output_activity313 got=0 want=200
SCSP_MIDI FAIL main_output_activity313 got=0 want=200
SCSP_MIDI FAIL sound_output_activity314 got=0 want=200
SCSP_MIDI FAIL main_output_activity314 got=0 want=200
SCSP_MIDI FAIL sound_output_activity315 got=0 want=200
SCSP_MIDI FAIL main_output_activity315 got=0 want=200
SCSP_MIDI FAIL sound_output_activity316 got=0 want=200
SCSP_MIDI FAIL main_output_activity316 got=0 want=200
SCSP_MIDI FAIL sound_output_activity317 got=0 want=200
SCSP_MIDI FAIL main_output_activity317 got=0 want=200
SCSP_MIDI FAIL sound_output_activity318 got=0 want=200
SCSP_MIDI FAIL main_output_activity318 got=0 want=200
SCSP_MIDI FAIL sound_output_activity319 got=0 want=200
SCSP_MIDI FAIL main_output_activity319 got=0 want=200
SCSP_MIDI FAIL sound_output_activity320 got=0 want=200
SCSP_MIDI FAIL main_output_activity320 got=0 want=200
SCSP_MIDI FAIL sound_output_activity321 got=0 want=200
SCSP_MIDI FAIL main_output_activity321 got=0 want=200
SCSP_MIDI FAIL sound_output_activity322 got=0 want=200
SCSP_MIDI FAIL main_output_activity322 got=0 want=200
SCSP_MIDI FAIL sound_output_activity323 got=0 want=200
SCSP_MIDI FAIL main_output_activity323 got=0 want=200
SCSP_MIDI FAIL sound_output_activity324 got=0 want=200
SCSP_MIDI FAIL main_output_activity324 got=0 want=200
SCSP_MIDI FAIL sound_output_activity325 got=0 want=200
SCSP_MIDI FAIL main_output_activity325 got=0 want=200
SCSP_MIDI FAIL sound_output_activity326 got=0 want=200
SCSP_MIDI FAIL main_output_activity326 got=0 want=200
SCSP_MIDI FAIL sound_output_activity327 got=0 want=200
SCSP_MIDI FAIL main_output_activity327 got=0 want=200
SCSP_MIDI FAIL sound_output_activity328 got=0 want=200
SCSP_MIDI FAIL main_output_activity328 got=0 want=200
SCSP_MIDI FAIL sound_output_activity329 got=0 want=200
SCSP_MIDI FAIL main_output_activity329 got=0 want=200
SCSP_MIDI FAIL sound_output_activity330 got=0 want=200
SCSP_MIDI FAIL main_output_activity330 got=0 want=200
SCSP_MIDI FAIL sound_output_activity331 got=0 want=200
SCSP_MIDI FAIL main_output_activity331 got=0 want=200
SCSP_MIDI FAIL sound_output_activity332 got=0 want=200
SCSP_MIDI FAIL main_output_activity332 got=0 want=200
SCSP_MIDI FAIL sound_output_activity333 got=0 want=200
SCSP_MIDI FAIL main_output_activity333 got=0 want=200
SCSP_MIDI FAIL sound_output_activity334 got=0 want=200
SCSP_MIDI FAIL main_output_activity334 got=0 want=200
SCSP_MIDI FAIL sound_output_activity335 got=0 want=200
SCSP_MIDI FAIL main_output_activity335 got=0 want=200
SCSP_MIDI FAIL sound_output_activity336 got=0 want=200
SCSP_MIDI FAIL main_output_activity336 got=0 want=200
SCSP_MIDI FAIL sound_output_activity337 got=0 want=200
SCSP_MIDI FAIL main_output_activity337 got=0 want=200
SCSP_MIDI FAIL sound_output_activity338 got=0 want=200
SCSP_MIDI FAIL main_output_activity338 got=0 want=200
SCSP_MIDI FAIL sound_output_activity339 got=0 want=200
SCSP_MIDI FAIL main_output_activity339 got=0 want=200
SCSP_MIDI FAIL sound_output_activity340 got=0 want=200
SCSP_MIDI FAIL main_output_activity340 got=0 want=200
SCSP_MIDI FAIL sound_output_activity341 got=0 want=200
SCSP_MIDI FAIL main_output_activity341 got=0 want=200
SCSP_MIDI FAIL sound_output_activity342 got=0 want=200
SCSP_MIDI FAIL main_output_activity342 got=0 want=200
SCSP_MIDI FAIL sound_output_activity343 got=0 want=200
SCSP_MIDI FAIL main_output_activity343 got=0 want=200
SCSP_MIDI FAIL sound_output_activity344 got=0 want=200
SCSP_MIDI FAIL main_output_activity344 got=0 want=200
SCSP_MIDI FAIL sound_output_activity345 got=0 want=200
SCSP_MIDI FAIL main_output_activity345 got=0 want=200
SCSP_MIDI FAIL sound_output_activity346 got=0 want=200
SCSP_MIDI FAIL main_output_activity346 got=0 want=200
SCSP_MIDI FAIL sound_output_activity347 got=0 want=200
SCSP_MIDI FAIL main_output_activity347 got=0 want=200
SCSP_MIDI FAIL sound_output_activity348 got=0 want=200
SCSP_MIDI FAIL main_output_activity348 got=0 want=200
SCSP_MIDI FAIL sound_output_activity349 got=0 want=200
SCSP_MIDI FAIL main_output_activity349 got=0 want=200
SCSP_MIDI FAIL sound_output_activity350 got=0 want=200
SCSP_MIDI FAIL main_output_activity350 got=0 want=200
SCSP_MIDI FAIL sound_output_activity351 got=0 want=200
SCSP_MIDI FAIL main_output_activity351 got=0 want=200
SCSP_MIDI FAIL sound_output_activity352 got=0 want=200
SCSP_MIDI FAIL main_output_activity352 got=0 want=200
SCSP_MIDI FAIL sound_output_activity353 got=0 want=200
SCSP_MIDI FAIL main_output_activity353 got=0 want=200
SCSP_MIDI FAIL sound_output_activity354 got=0 want=200
SCSP_MIDI FAIL main_output_activity354 got=0 want=200
SCSP_MIDI FAIL sound_output_activity355 got=0 want=200
SCSP_MIDI FAIL main_output_activity355 got=0 want=200
SCSP_MIDI FAIL sound_output_activity356 got=0 want=200
SCSP_MIDI FAIL main_output_activity356 got=0 want=200
SCSP_MIDI FAIL sound_output_activity357 got=0 want=200
SCSP_MIDI FAIL main_output_activity357 got=0 want=200
SCSP_MIDI FAIL sound_output_activity358 got=0 want=200
SCSP_MIDI FAIL main_output_activity358 got=0 want=200
SCSP_MIDI FAIL sound_output_activity359 got=0 want=200
SCSP_MIDI FAIL main_output_activity359 got=0 want=200
SCSP_MIDI FAIL sound_output_activity360 got=0 want=200
SCSP_MIDI FAIL main_output_activity360 got=0 want=200
SCSP_MIDI FAIL sound_output_activity361 got=0 want=200
SCSP_MIDI FAIL main_output_activity361 got=0 want=200
SCSP_MIDI FAIL sound_output_activity362 got=0 want=200
SCSP_MIDI FAIL main_output_activity362 got=0 want=200
SCSP_MIDI FAIL sound_output_activity363 got=0 want=200
SCSP_MIDI FAIL main_output_activity363 got=0 want=200
SCSP_MIDI FAIL sound_output_activity364 got=0 want=200
SCSP_MIDI FAIL main_output_activity364 got=0 want=200
SCSP_MIDI FAIL sound_output_activity365 got=0 want=200
SCSP_MIDI FAIL main_output_activity365 got=0 want=200
SCSP_MIDI FAIL sound_output_activity366 got=0 want=200
SCSP_MIDI FAIL main_output_activity366 got=0 want=200
SCSP_MIDI FAIL sound_output_activity367 got=0 want=200
SCSP_MIDI FAIL main_output_activity367 got=0 want=200
SCSP_MIDI FAIL sound_output_activity368 got=0 want=200
SCSP_MIDI FAIL main_output_activity368 got=0 want=200
SCSP_MIDI FAIL sound_output_activity369 got=0 want=200
SCSP_MIDI FAIL main_output_activity369 got=0 want=200
SCSP_MIDI FAIL sound_output_activity370 got=0 want=200
SCSP_MIDI FAIL main_output_activity370 got=0 want=200
SCSP_MIDI FAIL sound_output_activity371 got=0 want=200
SCSP_MIDI FAIL main_output_activity371 got=0 want=200
SCSP_MIDI FAIL sound_output_activity372 got=0 want=200
SCSP_MIDI FAIL main_output_activity372 got=0 want=200
SCSP_MIDI FAIL sound_output_activity373 got=0 want=200
SCSP_MIDI FAIL main_output_activity373 got=0 want=200
SCSP_MIDI FAIL sound_output_activity374 got=0 want=200
SCSP_MIDI FAIL main_output_activity374 got=0 want=200
SCSP_MIDI FAIL sound_output_activity375 got=0 want=200
SCSP_MIDI FAIL main_output_activity375 got=0 want=200
SCSP_MIDI FAIL sound_output_activity376 got=0 want=200
SCSP_MIDI FAIL main_output_activity376 got=0 want=200
SCSP_MIDI FAIL sound_output_activity377 got=0 want=200
SCSP_MIDI FAIL main_output_activity377 got=0 want=200
SCSP_MIDI FAIL sound_output_activity378 got=0 want=200
SCSP_MIDI FAIL main_output_activity378 got=0 want=200
SCSP_MIDI FAIL sound_output_activity379 got=0 want=200
SCSP_MIDI FAIL main_output_activity379 got=0 want=200
SCSP_MIDI FAIL sound_output_activity380 got=0 want=200
SCSP_MIDI FAIL main_output_activity380 got=0 want=200
SCSP_MIDI FAIL sound_output_activity381 got=0 want=200
SCSP_MIDI FAIL main_output_activity381 got=0 want=200
SCSP_MIDI FAIL sound_output_activity382 got=0 want=200
SCSP_MIDI FAIL main_output_activity382 got=0 want=200
SCSP_MIDI FAIL sound_output_activity383 got=0 want=200
SCSP_MIDI FAIL main_output_activity383 got=0 want=200
SCSP_MIDI FAIL sound_output_activity384 got=0 want=200
SCSP_MIDI FAIL main_output_activity384 got=0 want=200
SCSP_MIDI FAIL sound_output_activity385 got=0 want=200
SCSP_MIDI FAIL main_output_activity385 got=0 want=200
SCSP_MIDI FAIL sound_output_activity386 got=0 want=200
SCSP_MIDI FAIL main_output_activity386 got=0 want=200
SCSP_MIDI FAIL sound_output_activity387 got=0 want=200
SCSP_MIDI FAIL main_output_activity387 got=0 want=200
SCSP_MIDI FAIL sound_output_activity388 got=0 want=200
SCSP_MIDI FAIL main_output_activity388 got=0 want=200
SCSP_MIDI FAIL sound_output_activity389 got=0 want=200
SCSP_MIDI FAIL main_output_activity389 got=0 want=200
SCSP_MIDI FAIL sound_output_activity390 got=0 want=200
SCSP_MIDI FAIL main_output_activity390 got=0 want=200
SCSP_MIDI FAIL sound_output_activity391 got=0 want=200
SCSP_MIDI FAIL main_output_activity391 got=0 want=200
SCSP_MIDI FAIL sound_output_activity392 got=0 want=200
SCSP_MIDI FAIL main_output_activity392 got=0 want=200
SCSP_MIDI FAIL sound_output_activity393 got=0 want=200
SCSP_MIDI FAIL main_output_activity393 got=0 want=200
SCSP_MIDI FAIL sound_output_activity394 got=0 want=200
SCSP_MIDI FAIL main_output_activity394 got=0 want=200
SCSP_MIDI FAIL sound_output_activity395 got=0 want=200
SCSP_MIDI FAIL main_output_activity395 got=0 want=200
SCSP_MIDI FAIL sound_output_activity396 got=0 want=200
SCSP_MIDI FAIL main_output_activity396 got=0 want=200
SCSP_MIDI FAIL sound_output_activity397 got=0 want=200
SCSP_MIDI FAIL main_output_activity397 got=0 want=200
SCSP_MIDI FAIL sound_output_activity398 got=0 want=200
SCSP_MIDI FAIL main_output_activity398 got=0 want=200
SCSP_MIDI FAIL sound_output_activity399 got=0 want=200
SCSP_MIDI FAIL main_output_activity399 got=0 want=200
SCSP_MIDI FAIL sound_output_activity400 got=0 want=200
SCSP_MIDI FAIL main_output_activity400 got=0 want=200
SCSP_MIDI FAIL sound_output_activity401 got=0 want=200
SCSP_MIDI FAIL main_output_activity401 got=0 want=200
SCSP_MIDI FAIL sound_output_activity402 got=0 want=200
SCSP_MIDI FAIL main_output_activity402 got=0 want=200
SCSP_MIDI FAIL sound_output_activity403 got=0 want=200
SCSP_MIDI FAIL main_output_activity403 got=0 want=200
SCSP_MIDI FAIL sound_output_activity404 got=0 want=200
SCSP_MIDI FAIL main_output_activity404 got=0 want=200
SCSP_MIDI FAIL sound_output_activity405 got=0 want=200
SCSP_MIDI FAIL main_output_activity405 got=0 want=200
SCSP_MIDI FAIL sound_output_activity406 got=0 want=200
SCSP_MIDI FAIL main_output_activity406 got=0 want=200
SCSP_MIDI FAIL sound_output_activity407 got=0 want=200
SCSP_MIDI FAIL main_output_activity407 got=0 want=200
SCSP_MIDI FAIL sound_output_activity408 got=0 want=200
SCSP_MIDI FAIL main_output_activity408 got=0 want=200
SCSP_MIDI FAIL sound_output_activity409 got=0 want=200
SCSP_MIDI FAIL main_output_activity409 got=0 want=200
SCSP_MIDI FAIL sound_output_activity410 got=0 want=200
SCSP_MIDI FAIL main_output_activity410 got=0 want=200
SCSP_MIDI FAIL sound_output_activity411 got=0 want=200
SCSP_MIDI FAIL main_output_activity411 got=0 want=200
SCSP_MIDI FAIL sound_output_activity412 got=0 want=200
SCSP_MIDI FAIL main_output_activity412 got=0 want=200
SCSP_MIDI FAIL sound_output_activity413 got=0 want=200
SCSP_MIDI FAIL main_output_activity413 got=0 want=200
SCSP_MIDI FAIL sound_output_activity414 got=0 want=200
SCSP_MIDI FAIL main_output_activity414 got=0 want=200
SCSP_MIDI FAIL sound_output_activity415 got=0 want=200
SCSP_MIDI FAIL main_output_activity415 got=0 want=200
SCSP_MIDI FAIL sound_output_activity416 got=0 want=200
SCSP_MIDI FAIL main_output_activity416 got=0 want=200
SCSP_MIDI FAIL sound_output_activity417 got=0 want=200
SCSP_MIDI FAIL main_output_activity417 got=0 want=200
SCSP_MIDI FAIL sound_output_activity418 got=0 want=200
SCSP_MIDI FAIL main_output_activity418 got=0 want=200
SCSP_MIDI FAIL sound_output_activity419 got=0 want=200
SCSP_MIDI FAIL main_output_activity419 got=0 want=200
SCSP_MIDI FAIL sound_output_activity420 got=0 want=200
SCSP_MIDI FAIL main_output_activity420 got=0 want=200
SCSP_MIDI FAIL sound_output_activity421 got=0 want=200
SCSP_MIDI FAIL main_output_activity421 got=0 want=200
SCSP_MIDI FAIL sound_output_activity422 got=0 want=200
SCSP_MIDI FAIL main_output_activity422 got=0 want=200
SCSP_MIDI FAIL sound_output_activity423 got=0 want=200
SCSP_MIDI FAIL main_output_activity423 got=0 want=200
SCSP_MIDI FAIL sound_output_activity424 got=0 want=200
SCSP_MIDI FAIL main_output_activity424 got=0 want=200
SCSP_MIDI FAIL sound_output_activity425 got=0 want=200
SCSP_MIDI FAIL main_output_activity425 got=0 want=200
SCSP_MIDI FAIL sound_output_activity426 got=0 want=200
SCSP_MIDI FAIL main_output_activity426 got=0 want=200
SCSP_MIDI FAIL sound_output_activity427 got=0 want=200
SCSP_MIDI FAIL main_output_activity427 got=0 want=200
SCSP_MIDI FAIL sound_output_activity428 got=0 want=200
SCSP_MIDI FAIL main_output_activity428 got=0 want=200
SCSP_MIDI FAIL sound_output_activity429 got=0 want=200
SCSP_MIDI FAIL main_output_activity429 got=0 want=200
SCSP_MIDI FAIL sound_output_activity430 got=0 want=200
SCSP_MIDI FAIL main_output_activity430 got=0 want=200
SCSP_MIDI FAIL sound_output_activity431 got=0 want=200
SCSP_MIDI FAIL main_output_activity431 got=0 want=200
SCSP_MIDI FAIL sound_output_activity432 got=0 want=200
SCSP_MIDI FAIL main_output_activity432 got=0 want=200
SCSP_MIDI FAIL sound_output_activity433 got=0 want=200
SCSP_MIDI FAIL main_output_activity433 got=0 want=200
SCSP_MIDI FAIL sound_output_activity434 got=0 want=200
SCSP_MIDI FAIL main_output_activity434 got=0 want=200
SCSP_MIDI FAIL sound_output_activity435 got=0 want=200
SCSP_MIDI FAIL main_output_activity435 got=0 want=200
SCSP_MIDI FAIL sound_output_activity436 got=0 want=200
SCSP_MIDI FAIL main_output_activity436 got=0 want=200
SCSP_MIDI FAIL sound_output_activity437 got=0 want=200
SCSP_MIDI FAIL main_output_activity437 got=0 want=200
SCSP_MIDI FAIL sound_output_activity438 got=0 want=200
SCSP_MIDI FAIL main_output_activity438 got=0 want=200
SCSP_MIDI FAIL sound_output_activity439 got=0 want=200
SCSP_MIDI FAIL main_output_activity439 got=0 want=200
SCSP_MIDI FAIL sound_output_activity440 got=0 want=200
SCSP_MIDI FAIL main_output_activity440 got=0 want=200
SCSP_MIDI FAIL sound_output_activity441 got=0 want=200
SCSP_MIDI FAIL main_output_activity441 got=0 want=200
SCSP_MIDI FAIL sound_output_activity442 got=0 want=200
SCSP_MIDI FAIL main_output_activity442 got=0 want=200
SCSP_MIDI FAIL sound_output_activity443 got=0 want=200
SCSP_MIDI FAIL main_output_activity443 got=0 want=200
SCSP_MIDI FAIL sound_output_activity444 got=0 want=200
SCSP_MIDI FAIL main_output_activity444 got=0 want=200
SCSP_MIDI FAIL sound_output_activity445 got=0 want=200
SCSP_MIDI FAIL main_output_activity445 got=0 want=200
SCSP_MIDI FAIL sound_output_activity446 got=0 want=200
SCSP_MIDI FAIL main_output_activity446 got=0 want=200
SCSP_MIDI FAIL sound_output_activity447 got=0 want=200
SCSP_MIDI FAIL main_output_activity447 got=0 want=200
SCSP_MIDI FAIL sound_output_activity448 got=0 want=200
SCSP_MIDI FAIL main_output_activity448 got=0 want=200
SCSP_MIDI FAIL sound_output_activity449 got=0 want=200
SCSP_MIDI FAIL main_output_activity449 got=0 want=200
SCSP_MIDI FAIL sound_output_activity450 got=0 want=200
SCSP_MIDI FAIL main_output_activity450 got=0 want=200
SCSP_MIDI FAIL sound_output_activity451 got=0 want=200
SCSP_MIDI FAIL main_output_activity451 got=0 want=200
SCSP_MIDI FAIL sound_output_activity452 got=0 want=200
SCSP_MIDI FAIL main_output_activity452 got=0 want=200
SCSP_MIDI FAIL sound_output_activity453 got=0 want=200
SCSP_MIDI FAIL main_output_activity453 got=0 want=200
SCSP_MIDI FAIL sound_output_activity454 got=0 want=200
SCSP_MIDI FAIL main_output_activity454 got=0 want=200
SCSP_MIDI FAIL sound_output_activity455 got=0 want=200
SCSP_MIDI FAIL main_output_activity455 got=0 want=200
SCSP_MIDI FAIL sound_output_activity456 got=0 want=200
SCSP_MIDI FAIL main_output_activity456 got=0 want=200
SCSP_MIDI FAIL sound_output_activity457 got=0 want=200
SCSP_MIDI FAIL main_output_activity457 got=0 want=200
SCSP_MIDI FAIL sound_output_activity458 got=0 want=200
SCSP_MIDI FAIL main_output_activity458 got=0 want=200
SCSP_MIDI FAIL sound_output_activity459 got=0 want=200
SCSP_MIDI FAIL main_output_activity459 got=0 want=200
SCSP_MIDI FAIL sound_output_activity460 got=0 want=200
SCSP_MIDI FAIL main_output_activity460 got=0 want=200
SCSP_MIDI FAIL sound_output_activity461 got=0 want=200
SCSP_MIDI FAIL main_output_activity461 got=0 want=200
SCSP_MIDI FAIL sound_output_activity462 got=0 want=200
SCSP_MIDI FAIL main_output_activity462 got=0 want=200
SCSP_MIDI FAIL sound_output_activity463 got=0 want=200
SCSP_MIDI FAIL main_output_activity463 got=0 want=200
SCSP_MIDI FAIL sound_output_activity464 got=0 want=200
SCSP_MIDI FAIL main_output_activity464 got=0 want=200
SCSP_MIDI FAIL sound_output_activity465 got=0 want=200
SCSP_MIDI FAIL main_output_activity465 got=0 want=200
SCSP_MIDI FAIL sound_output_activity466 got=0 want=200
SCSP_MIDI FAIL main_output_activity466 got=0 want=200
SCSP_MIDI FAIL sound_output_activity467 got=0 want=200
SCSP_MIDI FAIL main_output_activity467 got=0 want=200
SCSP_MIDI FAIL sound_output_activity468 got=0 want=200
SCSP_MIDI FAIL main_output_activity468 got=0 want=200
SCSP_MIDI FAIL sound_output_activity469 got=0 want=200
SCSP_MIDI FAIL main_output_activity469 got=0 want=200
SCSP_MIDI FAIL sound_output_activity470 got=0 want=200
SCSP_MIDI FAIL main_output_activity470 got=0 want=200
SCSP_MIDI FAIL sound_output_activity471 got=0 want=200
SCSP_MIDI FAIL main_output_activity471 got=0 want=200
SCSP_MIDI FAIL sound_output_activity472 got=0 want=200
SCSP_MIDI FAIL main_output_activity472 got=0 want=200
SCSP_MIDI FAIL sound_output_activity473 got=0 want=200
SCSP_MIDI FAIL main_output_activity473 got=0 want=200
SCSP_MIDI FAIL sound_output_activity474 got=0 want=200
SCSP_MIDI FAIL main_output_activity474 got=0 want=200
SCSP_MIDI FAIL sound_output_activity475 got=0 want=200
SCSP_MIDI FAIL main_output_activity475 got=0 want=200
SCSP_MIDI FAIL sound_output_activity476 got=0 want=200
SCSP_MIDI FAIL main_output_activity476 got=0 want=200
SCSP_MIDI FAIL sound_output_activity477 got=0 want=200
SCSP_MIDI FAIL main_output_activity477 got=0 want=200
SCSP_MIDI FAIL sound_output_activity478 got=0 want=200
SCSP_MIDI FAIL main_output_activity478 got=0 want=200
SCSP_MIDI FAIL sound_output_activity479 got=0 want=200
SCSP_MIDI FAIL main_output_activity479 got=0 want=200
SCSP_MIDI FAIL sound_output_activity480 got=0 want=200
SCSP_MIDI FAIL main_output_activity480 got=0 want=200
SCSP_MIDI FAIL sound_output_activity481 got=0 want=200
SCSP_MIDI FAIL main_output_activity481 got=0 want=200
SCSP_MIDI FAIL sound_output_activity482 got=0 want=200
SCSP_MIDI FAIL main_output_activity482 got=0 want=200
SCSP_MIDI FAIL sound_output_activity483 got=0 want=200
SCSP_MIDI FAIL main_output_activity483 got=0 want=200
SCSP_MIDI FAIL sound_output_activity484 got=0 want=200
SCSP_MIDI FAIL main_output_activity484 got=0 want=200
SCSP_MIDI FAIL sound_output_activity485 got=0 want=200
SCSP_MIDI FAIL main_output_activity485 got=0 want=200
SCSP_MIDI FAIL sound_output_activity486 got=0 want=200
SCSP_MIDI FAIL main_output_activity486 got=0 want=200
SCSP_MIDI FAIL sound_output_activity487 got=0 want=200
SCSP_MIDI FAIL main_output_activity487 got=0 want=200
SCSP_MIDI FAIL sound_output_activity488 got=0 want=200
SCSP_MIDI FAIL main_output_activity488 got=0 want=200
SCSP_MIDI FAIL sound_output_activity489 got=0 want=200
SCSP_MIDI FAIL main_output_activity489 got=0 want=200
SCSP_MIDI FAIL sound_output_activity490 got=0 want=200
SCSP_MIDI FAIL main_output_activity490 got=0 want=200
SCSP_MIDI FAIL sound_output_activity491 got=0 want=200
SCSP_MIDI FAIL main_output_activity491 got=0 want=200
SCSP_MIDI FAIL sound_output_activity492 got=0 want=200
SCSP_MIDI FAIL main_output_activity492 got=0 want=200
SCSP_MIDI FAIL sound_output_activity493 got=0 want=200
SCSP_MIDI FAIL main_output_activity493 got=0 want=200
SCSP_MIDI FAIL sound_output_activity494 got=0 want=200
SCSP_MIDI FAIL main_output_activity494 got=0 want=200
SCSP_MIDI FAIL sound_output_activity495 got=0 want=200
SCSP_MIDI FAIL main_output_activity495 got=0 want=200
SCSP_MIDI FAIL sound_output_activity496 got=0 want=200
SCSP_MIDI FAIL main_output_activity496 got=0 want=200
SCSP_MIDI FAIL sound_output_activity497 got=0 want=200
SCSP_MIDI FAIL main_output_activity497 got=0 want=200
SCSP_MIDI FAIL sound_output_activity498 got=0 want=200
SCSP_MIDI FAIL main_output_activity498 got=0 want=200
SCSP_MIDI FAIL sound_output_activity499 got=0 want=200
SCSP_MIDI FAIL main_output_activity499 got=0 want=200
SCSP_MIDI FAIL sound_output_activity500 got=0 want=200
SCSP_MIDI FAIL main_output_activity500 got=0 want=200
SCSP_MIDI FAIL sound_output_activity501 got=0 want=200
SCSP_MIDI FAIL main_output_activity501 got=0 want=200
SCSP_MIDI FAIL sound_output_activity502 got=0 want=200
SCSP_MIDI FAIL main_output_activity502 got=0 want=200
SCSP_MIDI FAIL sound_output_activity503 got=0 want=200
SCSP_MIDI FAIL main_output_activity503 got=0 want=200
SCSP_MIDI FAIL sound_output_activity504 got=0 want=200
SCSP_MIDI FAIL main_output_activity504 got=0 want=200
SCSP_MIDI FAIL sound_output_activity505 got=0 want=200
SCSP_MIDI FAIL main_output_activity505 got=0 want=200
SCSP_MIDI FAIL sound_output_activity506 got=0 want=200
SCSP_MIDI FAIL main_output_activity506 got=0 want=200
SCSP_MIDI FAIL sound_output_activity507 got=0 want=200
SCSP_MIDI FAIL main_output_activity507 got=0 want=200
SCSP_MIDI FAIL sound_output_activity508 got=0 want=200
SCSP_MIDI FAIL main_output_activity508 got=0 want=200
SCSP_MIDI FAIL sound_output_activity509 got=0 want=200
SCSP_MIDI FAIL main_output_activity509 got=0 want=200
SCSP_MIDI FAIL sound_output_activity510 got=0 want=200
SCSP_MIDI FAIL main_output_activity510 got=0 want=200
SCSP_MIDI FAIL sound_output_activity511 got=0 want=200
SCSP_MIDI FAIL main_output_activity511 got=0 want=200
SCSP_MIDI FAIL sound_output_activity512 got=0 want=200
SCSP_MIDI FAIL main_output_activity512 got=0 want=200
SCSP_MIDI FAIL sound_output_activity1025 got=0 want=200
SCSP_MIDI FAIL main_output_activity1025 got=0 want=200
SCSP_MIDI FAIL sound_output_activity1026 got=0 want=200
SCSP_MIDI FAIL main_output_activity1026 got=0 want=200
SCSP_MIDI FAIL sound_output_activity1027 got=0 want=200
SCSP_MIDI FAIL main_output_activity1027 got=0 want=200
SCSP_MIDI FAIL sound_output_activity1028 got=0 want=200
SCSP_MIDI FAIL main_output_activity1028 got=0 want=200
SCSP_MIDI FAIL sound_output_activity1029 got=0 want=200
SCSP_MIDI FAIL main_output_activity1029 got=0 want=200
SCSP_MIDI FAIL sound_output_activity1030 got=0 want=200
SCSP_MIDI FAIL main_output_activity1030 got=0 want=200
SCSP_MIDI FAIL sound_output_activity1031 got=0 want=200
SCSP_MIDI FAIL main_output_activity1031 got=0 want=200
SCSP_MIDI FAIL sound_output_activity1032 got=0 want=200
SCSP_MIDI FAIL main_output_activity1032 got=0 want=200
SCSP_MIDI FAIL sound_output_activity1033 got=0 want=200
SCSP_MIDI FAIL main_output_activity1033 got=0 want=200
SCSP_MIDI FAIL sound_output_activity1034 got=0 want=200
SCSP_MIDI FAIL main_output_activity1034 got=0 want=200
SCSP_MIDI FAIL sound_output_activity1035 got=0 want=200
SCSP_MIDI FAIL main_output_activity1035 got=0 want=200
SCSP_MIDI FAIL sound_output_activity1036 got=0 want=200
SCSP_MIDI FAIL main_output_activity1036 got=0 want=200
SCSP_MIDI FAIL sound_output_activity1037 got=0 want=200
SCSP_MIDI FAIL main_output_activity1037 got=0 want=200
SCSP_MIDI FAIL sound_output_activity1038 got=0 want=200
SCSP_MIDI FAIL main_output_activity1038 got=0 want=200
SCSP_MIDI FAIL sound_output_activity1039 got=0 want=200
SCSP_MIDI FAIL main_output_activity1039 got=0 want=200
SCSP_MIDI FAIL sound_output_activity1040 got=0 want=200
SCSP_MIDI FAIL main_output_activity1040 got=0 want=200
SCSP_MIDI FAIL sound_output_activity1041 got=0 want=200
SCSP_MIDI FAIL main_output_activity1041 got=0 want=200
SCSP_MIDI FAIL sound_output_activity1042 got=0 want=200
SCSP_MIDI FAIL main_output_activity1042 got=0 want=200
SCSP_MIDI FAIL sound_output_activity1043 got=0 want=200
SCSP_MIDI FAIL main_output_activity1043 got=0 want=200
SCSP_MIDI FAIL sound_output_activity1044 got=0 want=200
SCSP_MIDI FAIL main_output_activity1044 got=0 want=200
SCSP_MIDI FAIL sound_output_activity1045 got=0 want=200
SCSP_MIDI FAIL main_output_activity1045 got=0 want=200
SCSP_MIDI FAIL sound_output_activity1046 got=0 want=200
SCSP_MIDI FAIL main_output_activity1046 got=0 want=200
SCSP_MIDI FAIL sound_output_activity1047 got=0 want=200
SCSP_MIDI FAIL main_output_activity1047 got=0 want=200
SCSP_MIDI FAIL sound_output_activity1048 got=0 want=200
SCSP_MIDI FAIL main_output_activity1048 got=0 want=200
SCSP_MIDI FAIL sound_output_activity1049 got=0 want=200
SCSP_MIDI FAIL main_output_activity1049 got=0 want=200
SCSP_MIDI FAIL sound_output_activity1050 got=0 want=200
SCSP_MIDI FAIL main_output_activity1050 got=0 want=200
SCSP_MIDI FAIL sound_output_activity1051 got=0 want=200
SCSP_MIDI FAIL main_output_activity1051 got=0 want=200
SCSP_MIDI FAIL sound_output_activity1052 got=0 want=200
SCSP_MIDI FAIL main_output_activity1052 got=0 want=200
SCSP_MIDI FAIL sound_output_activity1053 got=0 want=200
SCSP_MIDI FAIL main_output_activity1053 got=0 want=200
SCSP_MIDI FAIL sound_output_activity1054 got=0 want=200
SCSP_MIDI FAIL main_output_activity1054 got=0 want=200
SCSP_MIDI FAIL sound_output_activity1055 got=0 want=200
SCSP_MIDI FAIL main_output_activity1055 got=0 want=200
SCSP_MIDI FAIL sound_output_activity1056 got=0 want=200
SCSP_MIDI FAIL main_output_activity1056 got=0 want=200
SCSP_MIDI FAIL sound_output_activity1057 got=0 want=200
SCSP_MIDI FAIL main_output_activity1057 got=0 want=200
SCSP_MIDI FAIL sound_output_activity1058 got=0 want=200
SCSP_MIDI FAIL main_output_activity1058 got=0 want=200
SCSP_MIDI FAIL sound_output_activity1059 got=0 want=200
SCSP_MIDI FAIL main_output_activity1059 got=0 want=200
SCSP_MIDI FAIL sound_output_activity1060 got=0 want=200
SCSP_MIDI FAIL main_output_activity1060 got=0 want=200
SCSP_MIDI FAIL sound_output_activity1061 got=0 want=200
SCSP_MIDI FAIL main_output_activity1061 got=0 want=200
SCSP_MIDI FAIL sound_output_activity1062 got=0 want=200
SCSP_MIDI FAIL main_output_activity1062 got=0 want=200
SCSP_MIDI FAIL sound_output_activity1063 got=0 want=200
SCSP_MIDI FAIL main_output_activity1063 got=0 want=200
SCSP_MIDI FAIL sound_output_activity1064 got=0 want=200
SCSP_MIDI FAIL main_output_activity1064 got=0 want=200
SCSP_MIDI FAIL sound_output_activity1065 got=0 want=200
SCSP_MIDI FAIL main_output_activity1065 got=0 want=200
SCSP_MIDI FAIL sound_output_activity1066 got=0 want=200
SCSP_MIDI FAIL main_output_activity1066 got=0 want=200
SCSP_MIDI FAIL sound_output_activity1067 got=0 want=200
SCSP_MIDI FAIL main_output_activity1067 got=0 want=200
SCSP_MIDI FAIL sound_output_activity1068 got=0 want=200
SCSP_MIDI FAIL main_output_activity1068 got=0 want=200
SCSP_MIDI FAIL sound_output_activity1069 got=0 want=200
SCSP_MIDI FAIL main_output_activity1069 got=0 want=200
SCSP_MIDI FAIL sound_output_activity1070 got=0 want=200
SCSP_MIDI FAIL main_output_activity1070 got=0 want=200
SCSP_MIDI FAIL sound_output_activity1071 got=0 want=200
SCSP_MIDI FAIL main_output_activity1071 got=0 want=200
SCSP_MIDI FAIL sound_output_activity1072 got=0 want=200
SCSP_MIDI FAIL main_output_activity1072 got=0 want=200
SCSP_MIDI FAIL sound_output_activity1073 got=0 want=200
SCSP_MIDI FAIL main_output_activity1073 got=0 want=200
SCSP_MIDI FAIL sound_output_activity1074 got=0 want=200
SCSP_MIDI FAIL main_output_activity1074 got=0 want=200
SCSP_MIDI FAIL sound_output_activity1075 got=0 want=200
SCSP_MIDI FAIL main_output_activity1075 got=0 want=200
SCSP_MIDI FAIL sound_output_activity1076 got=0 want=200
SCSP_MIDI FAIL main_output_activity1076 got=0 want=200
SCSP_MIDI FAIL sound_output_activity1077 got=0 want=200
SCSP_MIDI FAIL main_output_activity1077 got=0 want=200
SCSP_MIDI FAIL sound_output_activity1078 got=0 want=200
SCSP_MIDI FAIL main_output_activity1078 got=0 want=200
SCSP_MIDI FAIL sound_output_activity1079 got=0 want=200
SCSP_MIDI FAIL main_output_activity1079 got=0 want=200
SCSP_MIDI FAIL sound_output_activity1080 got=0 want=200
SCSP_MIDI FAIL main_output_activity1080 got=0 want=200
SCSP_MIDI FAIL sound_output_activity1081 got=0 want=200
SCSP_MIDI FAIL main_output_activity1081 got=0 want=200
SCSP_MIDI FAIL sound_output_activity1082 got=0 want=200
SCSP_MIDI FAIL main_output_activity1082 got=0 want=200
SCSP_MIDI FAIL sound_output_activity1083 got=0 want=200
SCSP_MIDI FAIL main_output_activity1083 got=0 want=200
SCSP_MIDI FAIL sound_output_activity1084 got=0 want=200
SCSP_MIDI FAIL main_output_activity1084 got=0 want=200
SCSP_MIDI FAIL sound_output_activity1085 got=0 want=200
SCSP_MIDI FAIL main_output_activity1085 got=0 want=200
SCSP_MIDI FAIL sound_output_activity1086 got=0 want=200
SCSP_MIDI FAIL main_output_activity1086 got=0 want=200
SCSP_MIDI FAIL sound_output_activity1087 got=0 want=200
SCSP_MIDI FAIL main_output_activity1087 got=0 want=200
SCSP_MIDI FAIL sound_output_activity1088 got=0 want=200
SCSP_MIDI FAIL main_output_activity1088 got=0 want=200
SCSP_MIDI FAIL sound_output_activity1089 got=0 want=200
SCSP_MIDI FAIL main_output_activity1089 got=0 want=200
SCSP_MIDI FAIL sound_output_activity1090 got=0 want=200
SCSP_MIDI FAIL main_output_activity1090 got=0 want=200
SCSP_MIDI FAIL sound_output_activity1091 got=0 want=200
SCSP_MIDI FAIL main_output_activity1091 got=0 want=200
SCSP_MIDI FAIL sound_output_activity1092 got=0 want=200
SCSP_MIDI FAIL main_output_activity1092 got=0 want=200
SCSP_MIDI FAIL sound_output_activity1093 got=0 want=200
SCSP_MIDI FAIL main_output_activity1093 got=0 want=200
SCSP_MIDI FAIL sound_output_activity1094 got=0 want=200
SCSP_MIDI FAIL main_output_activity1094 got=0 want=200
SCSP_MIDI FAIL sound_output_activity1095 got=0 want=200
SCSP_MIDI FAIL main_output_activity1095 got=0 want=200
SCSP_MIDI FAIL sound_output_activity1096 got=0 want=200
SCSP_MIDI FAIL main_output_activity1096 got=0 want=200
SCSP_MIDI FAIL sound_output_activity1097 got=0 want=200
SCSP_MIDI FAIL main_output_activity1097 got=0 want=200
SCSP_MIDI FAIL sound_output_activity1098 got=0 want=200
SCSP_MIDI FAIL main_output_activity1098 got=0 want=200
SCSP_MIDI FAIL sound_output_activity1099 got=0 want=200
SCSP_MIDI FAIL main_output_activity1099 got=0 want=200
SCSP_MIDI FAIL sound_output_activity1100 got=0 want=200
SCSP_MIDI FAIL main_output_activity1100 got=0 want=200
SCSP_MIDI FAIL sound_output_activity1101 got=0 want=200
SCSP_MIDI FAIL main_output_activity1101 got=0 want=200
SCSP_MIDI FAIL sound_output_activity1102 got=0 want=200
SCSP_MIDI FAIL main_output_activity1102 got=0 want=200
SCSP_MIDI FAIL sound_output_activity1103 got=0 want=200
SCSP_MIDI FAIL main_output_activity1103 got=0 want=200
SCSP_MIDI FAIL sound_output_activity1104 got=0 want=200
SCSP_MIDI FAIL main_output_activity1104 got=0 want=200
SCSP_MIDI FAIL sound_output_activity1105 got=0 want=200
SCSP_MIDI FAIL main_output_activity1105 got=0 want=200
SCSP_MIDI FAIL sound_output_activity1106 got=0 want=200
SCSP_MIDI FAIL main_output_activity1106 got=0 want=200
SCSP_MIDI FAIL sound_output_activity1107 got=0 want=200
SCSP_MIDI FAIL main_output_activity1107 got=0 want=200
SCSP_MIDI FAIL sound_output_activity1108 got=0 want=200
SCSP_MIDI FAIL main_output_activity1108 got=0 want=200
SCSP_MIDI FAIL sound_output_activity1109 got=0 want=200
SCSP_MIDI FAIL main_output_activity1109 got=0 want=200
SCSP_MIDI FAIL sound_output_activity1110 got=0 want=200
SCSP_MIDI FAIL main_output_activity1110 got=0 want=200
SCSP_MIDI FAIL sound_output_activity1111 got=0 want=200
SCSP_MIDI FAIL main_output_activity1111 got=0 want=200
SCSP_MIDI FAIL sound_output_activity1112 got=0 want=200
SCSP_MIDI FAIL main_output_activity1112 got=0 want=200
SCSP_MIDI FAIL sound_output_activity1113 got=0 want=200
SCSP_MIDI FAIL main_output_activity1113 got=0 want=200
SCSP_MIDI FAIL sound_output_activity1114 got=0 want=200
SCSP_MIDI FAIL main_output_activity1114 got=0 want=200
SCSP_MIDI FAIL sound_output_activity1115 got=0 want=200
SCSP_MIDI FAIL main_output_activity1115 got=0 want=200
SCSP_MIDI FAIL sound_output_activity1116 got=0 want=200
SCSP_MIDI FAIL main_output_activity1116 got=0 want=200
SCSP_MIDI FAIL sound_output_activity1117 got=0 want=200
SCSP_MIDI FAIL main_output_activity1117 got=0 want=200
SCSP_MIDI FAIL sound_output_activity1118 got=0 want=200
SCSP_MIDI FAIL main_output_activity1118 got=0 want=200
SCSP_MIDI FAIL sound_output_activity1119 got=0 want=200
SCSP_MIDI FAIL main_output_activity1119 got=0 want=200
SCSP_MIDI FAIL sound_output_activity1120 got=0 want=200
SCSP_MIDI FAIL main_output_activity1120 got=0 want=200
SCSP_MIDI FAIL sound_output_activity1121 got=0 want=200
SCSP_MIDI FAIL main_output_activity1121 got=0 want=200
SCSP_MIDI FAIL sound_output_activity1122 got=0 want=200
SCSP_MIDI FAIL main_output_activity1122 got=0 want=200
SCSP_MIDI FAIL sound_output_activity1123 got=0 want=200
SCSP_MIDI FAIL main_output_activity1123 got=0 want=200
SCSP_MIDI FAIL sound_output_activity1124 got=0 want=200
SCSP_MIDI FAIL main_output_activity1124 got=0 want=200
SCSP_MIDI FAIL sound_output_activity1125 got=0 want=200
SCSP_MIDI FAIL main_output_activity1125 got=0 want=200
SCSP_MIDI FAIL sound_output_activity1126 got=0 want=200
SCSP_MIDI FAIL main_output_activity1126 got=0 want=200
SCSP_MIDI FAIL sound_output_activity1127 got=0 want=200
SCSP_MIDI FAIL main_output_activity1127 got=0 want=200
SCSP_MIDI FAIL sound_output_activity1128 got=0 want=200
SCSP_MIDI FAIL main_output_activity1128 got=0 want=200
SCSP_MIDI FAIL sound_output_activity1129 got=0 want=200
SCSP_MIDI FAIL main_output_activity1129 got=0 want=200
SCSP_MIDI FAIL sound_output_activity1130 got=0 want=200
SCSP_MIDI FAIL main_output_activity1130 got=0 want=200
SCSP_MIDI FAIL sound_output_activity1131 got=0 want=200
SCSP_MIDI FAIL main_output_activity1131 got=0 want=200
SCSP_MIDI FAIL sound_output_activity1132 got=0 want=200
SCSP_MIDI FAIL main_output_activity1132 got=0 want=200
SCSP_MIDI FAIL sound_output_activity1133 got=0 want=200
SCSP_MIDI FAIL main_output_activity1133 got=0 want=200
SCSP_MIDI FAIL sound_output_activity1134 got=0 want=200
SCSP_MIDI FAIL main_output_activity1134 got=0 want=200
SCSP_MIDI FAIL sound_output_activity1135 got=0 want=200
SCSP_MIDI FAIL main_output_activity1135 got=0 want=200
SCSP_MIDI FAIL sound_output_activity1136 got=0 want=200
SCSP_MIDI FAIL main_output_activity1136 got=0 want=200
SCSP_MIDI FAIL sound_output_activity1137 got=0 want=200
SCSP_MIDI FAIL main_output_activity1137 got=0 want=200
SCSP_MIDI FAIL sound_output_activity1138 got=0 want=200
SCSP_MIDI FAIL main_output_activity1138 got=0 want=200
SCSP_MIDI FAIL sound_output_activity1139 got=0 want=200
SCSP_MIDI FAIL main_output_activity1139 got=0 want=200
SCSP_MIDI FAIL sound_output_activity1140 got=0 want=200
SCSP_MIDI FAIL main_output_activity1140 got=0 want=200
SCSP_MIDI FAIL sound_output_activity1141 got=0 want=200
SCSP_MIDI FAIL main_output_activity1141 got=0 want=200
SCSP_MIDI FAIL sound_output_activity1142 got=0 want=200
SCSP_MIDI FAIL main_output_activity1142 got=0 want=200
SCSP_MIDI FAIL sound_output_activity1143 got=0 want=200
SCSP_MIDI FAIL main_output_activity1143 got=0 want=200
SCSP_MIDI FAIL sound_output_activity1144 got=0 want=200
SCSP_MIDI FAIL main_output_activity1144 got=0 want=200
SCSP_MIDI FAIL sound_output_activity1145 got=0 want=200
SCSP_MIDI FAIL main_output_activity1145 got=0 want=200
SCSP_MIDI FAIL sound_output_activity1146 got=0 want=200
SCSP_MIDI FAIL main_output_activity1146 got=0 want=200
SCSP_MIDI FAIL sound_output_activity1147 got=0 want=200
SCSP_MIDI FAIL main_output_activity1147 got=0 want=200
SCSP_MIDI FAIL sound_output_activity1148 got=0 want=200
SCSP_MIDI FAIL main_output_activity1148 got=0 want=200
SCSP_MIDI FAIL sound_output_activity1149 got=0 want=200
SCSP_MIDI FAIL main_output_activity1149 got=0 want=200
SCSP_MIDI FAIL sound_output_activity1150 got=0 want=200
SCSP_MIDI FAIL main_output_activity1150 got=0 want=200
SCSP_MIDI FAIL sound_output_activity1151 got=0 want=200
SCSP_MIDI FAIL main_output_activity1151 got=0 want=200
SCSP_MIDI FAIL sound_output_activity1152 got=0 want=200
SCSP_MIDI FAIL main_output_activity1152 got=0 want=200
SCSP_MIDI FAIL sound_output_activity1153 got=0 want=200
SCSP_MIDI FAIL main_output_activity1153 got=0 want=200
SCSP_MIDI FAIL sound_output_activity1154 got=0 want=200
SCSP_MIDI FAIL main_output_activity1154 got=0 want=200
SCSP_MIDI FAIL sound_output_activity1155 got=0 want=200
SCSP_MIDI FAIL main_output_activity1155 got=0 want=200
SCSP_MIDI FAIL sound_output_activity1156 got=0 want=200
SCSP_MIDI FAIL main_output_activity1156 got=0 want=200
SCSP_MIDI FAIL sound_output_activity1157 got=0 want=200
SCSP_MIDI FAIL main_output_activity1157 got=0 want=200
SCSP_MIDI FAIL sound_output_activity1158 got=0 want=200
SCSP_MIDI FAIL main_output_activity1158 got=0 want=200
SCSP_MIDI FAIL sound_output_activity1159 got=0 want=200
SCSP_MIDI FAIL main_output_activity1159 got=0 want=200
SCSP_MIDI FAIL sound_output_activity1160 got=0 want=200
SCSP_MIDI FAIL main_output_activity1160 got=0 want=200
SCSP_MIDI FAIL sound_output_activity1161 got=0 want=200
SCSP_MIDI FAIL main_output_activity1161 got=0 want=200
SCSP_MIDI FAIL sound_output_activity1162 got=0 want=200
SCSP_MIDI FAIL main_output_activity1162 got=0 want=200
SCSP_MIDI FAIL sound_output_activity1163 got=0 want=200
SCSP_MIDI FAIL main_output_activity1163 got=0 want=200
SCSP_MIDI FAIL sound_output_activity1164 got=0 want=200
SCSP_MIDI FAIL main_output_activity1164 got=0 want=200
SCSP_MIDI FAIL sound_output_activity1165 got=0 want=200
SCSP_MIDI FAIL main_output_activity1165 got=0 want=200
SCSP_MIDI FAIL sound_output_activity1166 got=0 want=200
SCSP_MIDI FAIL main_output_activity1166 got=0 want=200
SCSP_MIDI FAIL sound_output_activity1167 got=0 want=200
SCSP_MIDI FAIL main_output_activity1167 got=0 want=200
SCSP_MIDI FAIL sound_output_activity1168 got=0 want=200
SCSP_MIDI FAIL main_output_activity1168 got=0 want=200
SCSP_MIDI FAIL sound_output_activity1169 got=0 want=200
SCSP_MIDI FAIL main_output_activity1169 got=0 want=200
SCSP_MIDI FAIL sound_output_activity1170 got=0 want=200
SCSP_MIDI FAIL main_output_activity1170 got=0 want=200
SCSP_MIDI FAIL sound_output_activity1171 got=0 want=200
SCSP_MIDI FAIL main_output_activity1171 got=0 want=200
SCSP_MIDI FAIL sound_output_activity1172 got=0 want=200
SCSP_MIDI FAIL main_output_activity1172 got=0 want=200
SCSP_MIDI FAIL sound_output_activity1173 got=0 want=200
SCSP_MIDI FAIL main_output_activity1173 got=0 want=200
SCSP_MIDI FAIL sound_output_activity1174 got=0 want=200
SCSP_MIDI FAIL main_output_activity1174 got=0 want=200
SCSP_MIDI FAIL sound_output_activity1175 got=0 want=200
SCSP_MIDI FAIL main_output_activity1175 got=0 want=200
SCSP_MIDI FAIL sound_output_activity1176 got=0 want=200
SCSP_MIDI FAIL main_output_activity1176 got=0 want=200
SCSP_MIDI FAIL sound_output_activity1177 got=0 want=200
SCSP_MIDI FAIL main_output_activity1177 got=0 want=200
SCSP_MIDI FAIL sound_output_activity1178 got=0 want=200
SCSP_MIDI FAIL main_output_activity1178 got=0 want=200
SCSP_MIDI FAIL sound_output_activity1179 got=0 want=200
SCSP_MIDI FAIL main_output_activity1179 got=0 want=200
SCSP_MIDI FAIL sound_output_activity1180 got=0 want=200
SCSP_MIDI FAIL main_output_activity1180 got=0 want=200
SCSP_MIDI FAIL sound_output_activity1181 got=0 want=200
SCSP_MIDI FAIL main_output_activity1181 got=0 want=200
SCSP_MIDI FAIL sound_output_activity1182 got=0 want=200
SCSP_MIDI FAIL main_output_activity1182 got=0 want=200
SCSP_MIDI FAIL sound_output_activity1183 got=0 want=200
SCSP_MIDI FAIL main_output_activity1183 got=0 want=200
SCSP_MIDI FAIL sound_output_activity1184 got=0 want=200
SCSP_MIDI FAIL main_output_activity1184 got=0 want=200
SCSP_MIDI FAIL sound_output_activity1185 got=0 want=200
SCSP_MIDI FAIL main_output_activity1185 got=0 want=200
SCSP_MIDI FAIL sound_output_activity1186 got=0 want=200
SCSP_MIDI FAIL main_output_activity1186 got=0 want=200
SCSP_MIDI FAIL sound_output_activity1187 got=0 want=200
SCSP_MIDI FAIL main_output_activity1187 got=0 want=200
SCSP_MIDI FAIL sound_output_activity1188 got=0 want=200
SCSP_MIDI FAIL main_output_activity1188 got=0 want=200
SCSP_MIDI FAIL sound_output_activity1189 got=0 want=200
SCSP_MIDI FAIL main_output_activity1189 got=0 want=200
SCSP_MIDI FAIL sound_output_activity1190 got=0 want=200
SCSP_MIDI FAIL main_output_activity1190 got=0 want=200
SCSP_MIDI FAIL sound_output_activity1191 got=0 want=200
SCSP_MIDI FAIL main_output_activity1191 got=0 want=200
SCSP_MIDI FAIL sound_output_activity1192 got=0 want=200
SCSP_MIDI FAIL main_output_activity1192 got=0 want=200
SCSP_MIDI FAIL sound_output_activity1193 got=0 want=200
SCSP_MIDI FAIL main_output_activity1193 got=0 want=200
SCSP_MIDI FAIL sound_output_activity1194 got=0 want=200
SCSP_MIDI FAIL main_output_activity1194 got=0 want=200
SCSP_MIDI FAIL sound_output_activity1195 got=0 want=200
SCSP_MIDI FAIL main_output_activity1195 got=0 want=200
SCSP_MIDI FAIL sound_output_activity1196 got=0 want=200
SCSP_MIDI FAIL main_output_activity1196 got=0 want=200
SCSP_MIDI FAIL sound_output_activity1197 got=0 want=200
SCSP_MIDI FAIL main_output_activity1197 got=0 want=200
SCSP_MIDI FAIL sound_output_activity1198 got=0 want=200
SCSP_MIDI FAIL main_output_activity1198 got=0 want=200
SCSP_MIDI FAIL sound_output_activity1199 got=0 want=200
SCSP_MIDI FAIL main_output_activity1199 got=0 want=200
SCSP_MIDI FAIL sound_output_activity1200 got=0 want=200
SCSP_MIDI FAIL main_output_activity1200 got=0 want=200
SCSP_MIDI FAIL sound_output_activity1201 got=0 want=200
SCSP_MIDI FAIL main_output_activity1201 got=0 want=200
SCSP_MIDI FAIL sound_output_activity1202 got=0 want=200
SCSP_MIDI FAIL main_output_activity1202 got=0 want=200
SCSP_MIDI FAIL sound_output_activity1203 got=0 want=200
SCSP_MIDI FAIL main_output_activity1203 got=0 want=200
SCSP_MIDI FAIL sound_output_activity1204 got=0 want=200
SCSP_MIDI FAIL main_output_activity1204 got=0 want=200
SCSP_MIDI FAIL sound_output_activity1205 got=0 want=200
SCSP_MIDI FAIL main_output_activity1205 got=0 want=200
SCSP_MIDI FAIL sound_output_activity1206 got=0 want=200
SCSP_MIDI FAIL main_output_activity1206 got=0 want=200
SCSP_MIDI FAIL sound_output_activity1207 got=0 want=200
SCSP_MIDI FAIL main_output_activity1207 got=0 want=200
SCSP_MIDI FAIL sound_output_activity1208 got=0 want=200
SCSP_MIDI FAIL main_output_activity1208 got=0 want=200
SCSP_MIDI FAIL sound_output_activity1209 got=0 want=200
SCSP_MIDI FAIL main_output_activity1209 got=0 want=200
SCSP_MIDI FAIL sound_output_activity1210 got=0 want=200
SCSP_MIDI FAIL main_output_activity1210 got=0 want=200
SCSP_MIDI FAIL sound_output_activity1211 got=0 want=200
SCSP_MIDI FAIL main_output_activity1211 got=0 want=200
SCSP_MIDI FAIL sound_output_activity1212 got=0 want=200
SCSP_MIDI FAIL main_output_activity1212 got=0 want=200
SCSP_MIDI FAIL sound_output_activity1213 got=0 want=200
SCSP_MIDI FAIL main_output_activity1213 got=0 want=200
SCSP_MIDI FAIL sound_output_activity1214 got=0 want=200
SCSP_MIDI FAIL main_output_activity1214 got=0 want=200
SCSP_MIDI FAIL sound_output_activity1215 got=0 want=200
SCSP_MIDI FAIL main_output_activity1215 got=0 want=200
SCSP_MIDI FAIL sound_output_activity1216 got=0 want=200
SCSP_MIDI FAIL main_output_activity1216 got=0 want=200
SCSP_MIDI FAIL sound_output_activity1217 got=0 want=200
SCSP_MIDI FAIL main_output_activity1217 got=0 want=200
SCSP_MIDI FAIL sound_output_activity1218 got=0 want=200
SCSP_MIDI FAIL main_output_activity1218 got=0 want=200
SCSP_MIDI FAIL sound_output_activity1219 got=0 want=200
SCSP_MIDI FAIL main_output_activity1219 got=0 want=200
SCSP_MIDI FAIL sound_output_activity1220 got=0 want=200
SCSP_MIDI FAIL main_output_activity1220 got=0 want=200
SCSP_MIDI FAIL sound_output_activity1221 got=0 want=200
SCSP_MIDI FAIL main_output_activity1221 got=0 want=200
SCSP_MIDI FAIL sound_output_activity1222 got=0 want=200
SCSP_MIDI FAIL main_output_activity1222 got=0 want=200
SCSP_MIDI FAIL sound_output_activity1223 got=0 want=200
SCSP_MIDI FAIL main_output_activity1223 got=0 want=200
SCSP_MIDI FAIL sound_output_activity1224 got=0 want=200
SCSP_MIDI FAIL main_output_activity1224 got=0 want=200
SCSP_MIDI FAIL sound_output_activity1225 got=0 want=200
SCSP_MIDI FAIL main_output_activity1225 got=0 want=200
SCSP_MIDI FAIL sound_output_activity1226 got=0 want=200
SCSP_MIDI FAIL main_output_activity1226 got=0 want=200
SCSP_MIDI FAIL sound_output_activity1227 got=0 want=200
SCSP_MIDI FAIL main_output_activity1227 got=0 want=200
SCSP_MIDI FAIL sound_output_activity1228 got=0 want=200
SCSP_MIDI FAIL main_output_activity1228 got=0 want=200
SCSP_MIDI FAIL sound_output_activity1229 got=0 want=200
SCSP_MIDI FAIL main_output_activity1229 got=0 want=200
SCSP_MIDI FAIL sound_output_activity1230 got=0 want=200
SCSP_MIDI FAIL main_output_activity1230 got=0 want=200
SCSP_MIDI FAIL sound_output_activity1231 got=0 want=200
SCSP_MIDI FAIL main_output_activity1231 got=0 want=200
SCSP_MIDI FAIL sound_output_activity1232 got=0 want=200
SCSP_MIDI FAIL main_output_activity1232 got=0 want=200
SCSP_MIDI FAIL sound_output_activity1233 got=0 want=200
SCSP_MIDI FAIL main_output_activity1233 got=0 want=200
SCSP_MIDI FAIL sound_output_activity1234 got=0 want=200
SCSP_MIDI FAIL main_output_activity1234 got=0 want=200
SCSP_MIDI FAIL sound_output_activity1235 got=0 want=200
SCSP_MIDI FAIL main_output_activity1235 got=0 want=200
SCSP_MIDI FAIL sound_output_activity1236 got=0 want=200
SCSP_MIDI FAIL main_output_activity1236 got=0 want=200
SCSP_MIDI FAIL sound_output_activity1237 got=0 want=200
SCSP_MIDI FAIL main_output_activity1237 got=0 want=200
SCSP_MIDI FAIL sound_output_activity1238 got=0 want=200
SCSP_MIDI FAIL main_output_activity1238 got=0 want=200
SCSP_MIDI FAIL sound_output_activity1239 got=0 want=200
SCSP_MIDI FAIL main_output_activity1239 got=0 want=200
SCSP_MIDI FAIL sound_output_activity1240 got=0 want=200
SCSP_MIDI FAIL main_output_activity1240 got=0 want=200
SCSP_MIDI FAIL sound_output_activity1241 got=0 want=200
SCSP_MIDI FAIL main_output_activity1241 got=0 want=200
SCSP_MIDI FAIL sound_output_activity1242 got=0 want=200
SCSP_MIDI FAIL main_output_activity1242 got=0 want=200
SCSP_MIDI FAIL sound_output_activity1243 got=0 want=200
SCSP_MIDI FAIL main_output_activity1243 got=0 want=200
SCSP_MIDI FAIL sound_output_activity1244 got=0 want=200
SCSP_MIDI FAIL main_output_activity1244 got=0 want=200
SCSP_MIDI FAIL sound_output_activity1245 got=0 want=200
SCSP_MIDI FAIL main_output_activity1245 got=0 want=200
SCSP_MIDI FAIL sound_output_activity1246 got=0 want=200
SCSP_MIDI FAIL main_output_activity1246 got=0 want=200
SCSP_MIDI FAIL sound_output_activity1247 got=0 want=200
SCSP_MIDI FAIL main_output_activity1247 got=0 want=200
SCSP_MIDI FAIL sound_output_activity1248 got=0 want=200
SCSP_MIDI FAIL main_output_activity1248 got=0 want=200
SCSP_MIDI FAIL sound_output_activity1249 got=0 want=200
SCSP_MIDI FAIL main_output_activity1249 got=0 want=200
SCSP_MIDI FAIL sound_output_activity1250 got=0 want=200
SCSP_MIDI FAIL main_output_activity1250 got=0 want=200
SCSP_MIDI FAIL sound_output_activity1251 got=0 want=200
SCSP_MIDI FAIL main_output_activity1251 got=0 want=200
SCSP_MIDI FAIL sound_output_activity1252 got=0 want=200
SCSP_MIDI FAIL main_output_activity1252 got=0 want=200
SCSP_MIDI FAIL sound_output_activity1253 got=0 want=200
SCSP_MIDI FAIL main_output_activity1253 got=0 want=200
SCSP_MIDI FAIL sound_output_activity1254 got=0 want=200
SCSP_MIDI FAIL main_output_activity1254 got=0 want=200
SCSP_MIDI FAIL sound_output_activity1255 got=0 want=200
SCSP_MIDI FAIL main_output_activity1255 got=0 want=200
SCSP_MIDI FAIL sound_output_activity1256 got=0 want=200
SCSP_MIDI FAIL main_output_activity1256 got=0 want=200
SCSP_MIDI FAIL sound_output_activity1257 got=0 want=200
SCSP_MIDI FAIL main_output_activity1257 got=0 want=200
SCSP_MIDI FAIL sound_output_activity1258 got=0 want=200
SCSP_MIDI FAIL main_output_activity1258 got=0 want=200
SCSP_MIDI FAIL sound_output_activity1259 got=0 want=200
SCSP_MIDI FAIL main_output_activity1259 got=0 want=200
SCSP_MIDI FAIL sound_output_activity1260 got=0 want=200
SCSP_MIDI FAIL main_output_activity1260 got=0 want=200
SCSP_MIDI FAIL sound_output_activity1261 got=0 want=200
SCSP_MIDI FAIL main_output_activity1261 got=0 want=200
SCSP_MIDI FAIL sound_output_activity1262 got=0 want=200
SCSP_MIDI FAIL main_output_activity1262 got=0 want=200
SCSP_MIDI FAIL sound_output_activity1263 got=0 want=200
SCSP_MIDI FAIL main_output_activity1263 got=0 want=200
SCSP_MIDI FAIL sound_output_activity1264 got=0 want=200
SCSP_MIDI FAIL main_output_activity1264 got=0 want=200
SCSP_MIDI FAIL sound_output_activity1265 got=0 want=200
SCSP_MIDI FAIL main_output_activity1265 got=0 want=200
SCSP_MIDI FAIL sound_output_activity1266 got=0 want=200
SCSP_MIDI FAIL main_output_activity1266 got=0 want=200
SCSP_MIDI FAIL sound_output_activity1267 got=0 want=200
SCSP_MIDI FAIL main_output_activity1267 got=0 want=200
SCSP_MIDI FAIL sound_output_activity1268 got=0 want=200
SCSP_MIDI FAIL main_output_activity1268 got=0 want=200
SCSP_MIDI FAIL sound_output_activity1269 got=0 want=200
SCSP_MIDI FAIL main_output_activity1269 got=0 want=200
SCSP_MIDI FAIL sound_output_activity1270 got=0 want=200
SCSP_MIDI FAIL main_output_activity1270 got=0 want=200
SCSP_MIDI FAIL sound_output_activity1271 got=0 want=200
SCSP_MIDI FAIL main_output_activity1271 got=0 want=200
SCSP_MIDI FAIL sound_output_activity1272 got=0 want=200
SCSP_MIDI FAIL main_output_activity1272 got=0 want=200
SCSP_MIDI FAIL sound_output_activity1273 got=0 want=200
SCSP_MIDI FAIL main_output_activity1273 got=0 want=200
SCSP_MIDI FAIL sound_output_activity1274 got=0 want=200
SCSP_MIDI FAIL main_output_activity1274 got=0 want=200
SCSP_MIDI FAIL sound_output_activity1275 got=0 want=200
SCSP_MIDI FAIL main_output_activity1275 got=0 want=200
SCSP_MIDI FAIL sound_output_activity1276 got=0 want=200
SCSP_MIDI FAIL main_output_activity1276 got=0 want=200
SCSP_MIDI FAIL sound_output_activity1277 got=0 want=200
SCSP_MIDI FAIL main_output_activity1277 got=0 want=200
SCSP_MIDI FAIL sound_output_activity1278 got=0 want=200
SCSP_MIDI FAIL main_output_activity1278 got=0 want=200
SCSP_MIDI FAIL sound_output_activity1279 got=0 want=200
SCSP_MIDI FAIL main_output_activity1279 got=0 want=200
SCSP_MIDI FAIL sound_output_activity1280 got=0 want=200
SCSP_MIDI FAIL main_output_activity1280 got=0 want=200
Average speed: 124.25% (4 seconds)
