Traceback (most recent call last):
  File "/home/user/mame/saturn_pending/test_scudsp_disassembler_runtime.py", line 81, in <module>
    if __name__=='__main__':main()
                            ^^^^^^
  File "/home/user/mame/saturn_pending/test_scudsp_disassembler_runtime.py", line 79, in main
    validate_output((output/'runtime.log').read_text(),dump,run.returncode)
  File "/home/user/mame/saturn_pending/test_scudsp_disassembler_runtime.py", line 64, in validate_output
    if errors:raise RuntimeError(f'{len(errors)} disassembly mismatches:\n'+'\n'.join(errors))
              ^^^^^^^^^^^^^^^^^^^^^^^^^^^^^^^^^^^^^^^^^^^^^^^^^^^^^^^^^^^^^^^^^^^^^^^^^^^^^^^^
RuntimeError: 184 disassembly mismatches:
row33: 'MVI #$12345,TOP' != 'MVI #$12345,???'
row34: 'MVI #$12345,TOP,Z' != 'MVI #$12345,???,Z'
row36: 'MVI #$12345,CT0' != 'MVI #$12345,PC'
row37: 'MVI #$12345,CT0,Z' != 'MVI #$12345,PC,Z'
row39: 'MVI #$12345,CT1' != 'MVI #$12345,???'
row40: 'MVI #$12345,CT1,Z' != 'MVI #$12345,???,Z'
row42: 'MVI #$12345,CT2' != 'MVI #$12345,???'
row43: 'MVI #$12345,CT2,Z' != 'MVI #$12345,???,Z'
row45: 'MVI #$12345,CT3' != 'MVI #$12345,???'
row46: 'MVI #$12345,CT3,Z' != 'MVI #$12345,???,Z'
row52: 'ADD CLR AMOV #$31,MC3' != 'ADD CLR A MOV #$31,MC3'
row53: 'ADD CLR AMOV M2,MC3' != 'ADD CLR A MOV M2,MC3'
row55: 'ADD MOV ALU,AMOV #$31,MC3' != 'ADD MOV ALU,A MOV #$31,MC3'
row56: 'ADD MOV ALU,AMOV M2,MC3' != 'ADD MOV ALU,A MOV M2,MC3'
row58: 'ADD MOV M1,AMOV #$31,MC3' != 'ADD MOV M1,A MOV #$31,MC3'
row59: 'ADD MOV M1,AMOV M2,MC3' != 'ADD MOV M1,A MOV M2,MC3'
row61: 'ADD MOV M1,YMOV #$31,MC3' != 'ADD MOV M1,Y MOV #$31,MC3'
row62: 'ADD MOV M1,YMOV M2,MC3' != 'ADD MOV M1,Y MOV M2,MC3'
row63: 'ADD MOV M1,YCLR A' != 'ADD MOV M1,Y CLR A'
row64: 'ADD MOV M1,YCLR AMOV #$31,MC3' != 'ADD MOV M1,Y CLR A MOV #$31,MC3'
row65: 'ADD MOV M1,YCLR AMOV M2,MC3' != 'ADD MOV M1,Y CLR A MOV M2,MC3'
row66: 'ADD MOV M1,YMOV ALU,A' != 'ADD MOV M1,Y MOV ALU,A'
row67: 'ADD MOV M1,YMOV ALU,AMOV #$31,MC3' != 'ADD MOV M1,Y MOV ALU,A MOV #$31,MC3'
row68: 'ADD MOV M1,YMOV ALU,AMOV M2,MC3' != 'ADD MOV M1,Y MOV ALU,A MOV M2,MC3'
row69: 'ADD MOV M1,YMOV M1,A' != 'ADD MOV M1,Y MOV M1,A'
row70: 'ADD MOV M1,YMOV M1,AMOV #$31,MC3' != 'ADD MOV M1,Y MOV M1,A MOV #$31,MC3'
row71: 'ADD MOV M1,YMOV M1,AMOV M2,MC3' != 'ADD MOV M1,Y MOV M1,A MOV M2,MC3'
row76: 'ADD CLR AMOV #$31,MC3' != 'ADD CLR A MOV #$31,MC3'
row77: 'ADD CLR AMOV M2,MC3' != 'ADD CLR A MOV M2,MC3'
row79: 'ADD MOV ALU,AMOV #$31,MC3' != 'ADD MOV ALU,A MOV #$31,MC3'
row80: 'ADD MOV ALU,AMOV M2,MC3' != 'ADD MOV ALU,A MOV M2,MC3'
row82: 'ADD MOV M1,AMOV #$31,MC3' != 'ADD MOV M1,A MOV #$31,MC3'
row83: 'ADD MOV M1,AMOV M2,MC3' != 'ADD MOV M1,A MOV M2,MC3'
row85: 'ADD MOV M1,YMOV #$31,MC3' != 'ADD MOV M1,Y MOV #$31,MC3'
row86: 'ADD MOV M1,YMOV M2,MC3' != 'ADD MOV M1,Y MOV M2,MC3'
row87: 'ADD MOV M1,YCLR A' != 'ADD MOV M1,Y CLR A'
row88: 'ADD MOV M1,YCLR AMOV #$31,MC3' != 'ADD MOV M1,Y CLR A MOV #$31,MC3'
row89: 'ADD MOV M1,YCLR AMOV M2,MC3' != 'ADD MOV M1,Y CLR A MOV M2,MC3'
row90: 'ADD MOV M1,YMOV ALU,A' != 'ADD MOV M1,Y MOV ALU,A'
row91: 'ADD MOV M1,YMOV ALU,AMOV #$31,MC3' != 'ADD MOV M1,Y MOV ALU,A MOV #$31,MC3'
row92: 'ADD MOV M1,YMOV ALU,AMOV M2,MC3' != 'ADD MOV M1,Y MOV ALU,A MOV M2,MC3'
row93: 'ADD MOV M1,YMOV M1,A' != 'ADD MOV M1,Y MOV M1,A'
row94: 'ADD MOV M1,YMOV M1,AMOV #$31,MC3' != 'ADD MOV M1,Y MOV M1,A MOV #$31,MC3'
row95: 'ADD MOV M1,YMOV M1,AMOV M2,MC3' != 'ADD MOV M1,Y MOV M1,A MOV M2,MC3'
row97: 'ADD MOV MUL,PMOV #$31,MC3' != 'ADD MOV MUL,P MOV #$31,MC3'
row98: 'ADD MOV MUL,PMOV M2,MC3' != 'ADD MOV MUL,P MOV M2,MC3'
row99: 'ADD MOV MUL,PCLR A' != 'ADD MOV MUL,P CLR A'
row100: 'ADD MOV MUL,PCLR AMOV #$31,MC3' != 'ADD MOV MUL,P CLR A MOV #$31,MC3'
row101: 'ADD MOV MUL,PCLR AMOV M2,MC3' != 'ADD MOV MUL,P CLR A MOV M2,MC3'
row102: 'ADD MOV MUL,PMOV ALU,A' != 'ADD MOV MUL,P MOV ALU,A'
row103: 'ADD MOV MUL,PMOV ALU,AMOV #$31,MC3' != 'ADD MOV MUL,P MOV ALU,A MOV #$31,MC3'
row104: 'ADD MOV MUL,PMOV ALU,AMOV M2,MC3' != 'ADD MOV MUL,P MOV ALU,A MOV M2,MC3'
row105: 'ADD MOV MUL,PMOV M1,A' != 'ADD MOV MUL,P MOV M1,A'
row106: 'ADD MOV MUL,PMOV M1,AMOV #$31,MC3' != 'ADD MOV MUL,P MOV M1,A MOV #$31,MC3'
row107: 'ADD MOV MUL,PMOV M1,AMOV M2,MC3' != 'ADD MOV MUL,P MOV M1,A MOV M2,MC3'
row108: 'ADD MOV MUL,PMOV M1,Y' != 'ADD MOV MUL,P MOV M1,Y'
row109: 'ADD MOV MUL,PMOV M1,YMOV #$31,MC3' != 'ADD MOV MUL,P MOV M1,Y MOV #$31,MC3'
row110: 'ADD MOV MUL,PMOV M1,YMOV M2,MC3' != 'ADD MOV MUL,P MOV M1,Y MOV M2,MC3'
row111: 'ADD MOV MUL,PMOV M1,YCLR A' != 'ADD MOV MUL,P MOV M1,Y CLR A'
row112: 'ADD MOV MUL,PMOV M1,YCLR AMOV #$31,MC3' != 'ADD MOV MUL,P MOV M1,Y CLR A MOV #$31,MC3'
row113: 'ADD MOV MUL,PMOV M1,YCLR AMOV M2,MC3' != 'ADD MOV MUL,P MOV M1,Y CLR A MOV M2,MC3'
row114: 'ADD MOV MUL,PMOV M1,YMOV ALU,A' != 'ADD MOV MUL,P MOV M1,Y MOV ALU,A'
row115: 'ADD MOV MUL,PMOV M1,YMOV ALU,AMOV #$31,MC3' != 'ADD MOV MUL,P MOV M1,Y MOV ALU,A MOV #$31,MC3'
row116: 'ADD MOV MUL,PMOV M1,YMOV ALU,AMOV M2,MC3' != 'ADD MOV MUL,P MOV M1,Y MOV ALU,A MOV M2,MC3'
row117: 'ADD MOV MUL,PMOV M1,YMOV M1,A' != 'ADD MOV MUL,P MOV M1,Y MOV M1,A'
row118: 'ADD MOV MUL,PMOV M1,YMOV M1,AMOV #$31,MC3' != 'ADD MOV MUL,P MOV M1,Y MOV M1,A MOV #$31,MC3'
row119: 'ADD MOV MUL,PMOV M1,YMOV M1,AMOV M2,MC3' != 'ADD MOV MUL,P MOV M1,Y MOV M1,A MOV M2,MC3'
row121: 'ADD MOV M0,PMOV #$31,MC3' != 'ADD MOV M0,P MOV #$31,MC3'
row122: 'ADD MOV M0,PMOV M2,MC3' != 'ADD MOV M0,P MOV M2,MC3'
row123: 'ADD MOV M0,PCLR A' != 'ADD MOV M0,P CLR A'
row124: 'ADD MOV M0,PCLR AMOV #$31,MC3' != 'ADD MOV M0,P CLR A MOV #$31,MC3'
row125: 'ADD MOV M0,PCLR AMOV M2,MC3' != 'ADD MOV M0,P CLR A MOV M2,MC3'
row126: 'ADD MOV M0,PMOV ALU,A' != 'ADD MOV M0,P MOV ALU,A'
row127: 'ADD MOV M0,PMOV ALU,AMOV #$31,MC3' != 'ADD MOV M0,P MOV ALU,A MOV #$31,MC3'
row128: 'ADD MOV M0,PMOV ALU,AMOV M2,MC3' != 'ADD MOV M0,P MOV ALU,A MOV M2,MC3'
row129: 'ADD MOV M0,PMOV M1,A' != 'ADD MOV M0,P MOV M1,A'
row130: 'ADD MOV M0,PMOV M1,AMOV #$31,MC3' != 'ADD MOV M0,P MOV M1,A MOV #$31,MC3'
row131: 'ADD MOV M0,PMOV M1,AMOV M2,MC3' != 'ADD MOV M0,P MOV M1,A MOV M2,MC3'
row132: 'ADD MOV M0,PMOV M1,Y' != 'ADD MOV M0,P MOV M1,Y'
row133: 'ADD MOV M0,PMOV M1,YMOV #$31,MC3' != 'ADD MOV M0,P MOV M1,Y MOV #$31,MC3'
row134: 'ADD MOV M0,PMOV M1,YMOV M2,MC3' != 'ADD MOV M0,P MOV M1,Y MOV M2,MC3'
row135: 'ADD MOV M0,PMOV M1,YCLR A' != 'ADD MOV M0,P MOV M1,Y CLR A'
row136: 'ADD MOV M0,PMOV M1,YCLR AMOV #$31,MC3' != 'ADD MOV M0,P MOV M1,Y CLR A MOV #$31,MC3'
row137: 'ADD MOV M0,PMOV M1,YCLR AMOV M2,MC3' != 'ADD MOV M0,P MOV M1,Y CLR A MOV M2,MC3'
row138: 'ADD MOV M0,PMOV M1,YMOV ALU,A' != 'ADD MOV M0,P MOV M1,Y MOV ALU,A'
row139: 'ADD MOV M0,PMOV M1,YMOV ALU,AMOV #$31,MC3' != 'ADD MOV M0,P MOV M1,Y MOV ALU,A MOV #$31,MC3'
row140: 'ADD MOV M0,PMOV M1,YMOV ALU,AMOV M2,MC3' != 'ADD MOV M0,P MOV M1,Y MOV ALU,A MOV M2,MC3'
row141: 'ADD MOV M0,PMOV M1,YMOV M1,A' != 'ADD MOV M0,P MOV M1,Y MOV M1,A'
row142: 'ADD MOV M0,PMOV M1,YMOV M1,AMOV #$31,MC3' != 'ADD MOV M0,P MOV M1,Y MOV M1,A MOV #$31,MC3'
row143: 'ADD MOV M0,PMOV M1,YMOV M1,AMOV M2,MC3' != 'ADD MOV M0,P MOV M1,Y MOV M1,A MOV M2,MC3'
row145: 'ADD MOV M0,XMOV #$31,MC3' != 'ADD MOV M0,X MOV #$31,MC3'
row146: 'ADD MOV M0,XMOV M2,MC3' != 'ADD MOV M0,X MOV M2,MC3'
row147: 'ADD MOV M0,XCLR A' != 'ADD MOV M0,X CLR A'
row148: 'ADD MOV M0,XCLR AMOV #$31,MC3' != 'ADD MOV M0,X CLR A MOV #$31,MC3'
row149: 'ADD MOV M0,XCLR AMOV M2,MC3' != 'ADD MOV M0,X CLR A MOV M2,MC3'
row150: 'ADD MOV M0,XMOV ALU,A' != 'ADD MOV M0,X MOV ALU,A'
row151: 'ADD MOV M0,XMOV ALU,AMOV #$31,MC3' != 'ADD MOV M0,X MOV ALU,A MOV #$31,MC3'
row152: 'ADD MOV M0,XMOV ALU,AMOV M2,MC3' != 'ADD MOV M0,X MOV ALU,A MOV M2,MC3'
row153: 'ADD MOV M0,XMOV M1,A' != 'ADD MOV M0,X MOV M1,A'
row154: 'ADD MOV M0,XMOV M1,AMOV #$31,MC3' != 'ADD MOV M0,X MOV M1,A MOV #$31,MC3'
row155: 'ADD MOV M0,XMOV M1,AMOV M2,MC3' != 'ADD MOV M0,X MOV M1,A MOV M2,MC3'
row156: 'ADD MOV M0,XMOV M1,Y' != 'ADD MOV M0,X MOV M1,Y'
row157: 'ADD MOV M0,XMOV M1,YMOV #$31,MC3' != 'ADD MOV M0,X MOV M1,Y MOV #$31,MC3'
row158: 'ADD MOV M0,XMOV M1,YMOV M2,MC3' != 'ADD MOV M0,X MOV M1,Y MOV M2,MC3'
row159: 'ADD MOV M0,XMOV M1,YCLR A' != 'ADD MOV M0,X MOV M1,Y CLR A'
row160: 'ADD MOV M0,XMOV M1,YCLR AMOV #$31,MC3' != 'ADD MOV M0,X MOV M1,Y CLR A MOV #$31,MC3'
row161: 'ADD MOV M0,XMOV M1,YCLR AMOV M2,MC3' != 'ADD MOV M0,X MOV M1,Y CLR A MOV M2,MC3'
row162: 'ADD MOV M0,XMOV M1,YMOV ALU,A' != 'ADD MOV M0,X MOV M1,Y MOV ALU,A'
row163: 'ADD MOV M0,XMOV M1,YMOV ALU,AMOV #$31,MC3' != 'ADD MOV M0,X MOV M1,Y MOV ALU,A MOV #$31,MC3'
row164: 'ADD MOV M0,XMOV M1,YMOV ALU,AMOV M2,MC3' != 'ADD MOV M0,X MOV M1,Y MOV ALU,A MOV M2,MC3'
row165: 'ADD MOV M0,XMOV M1,YMOV M1,A' != 'ADD MOV M0,X MOV M1,Y MOV M1,A'
row166: 'ADD MOV M0,XMOV M1,YMOV M1,AMOV #$31,MC3' != 'ADD MOV M0,X MOV M1,Y MOV M1,A MOV #$31,MC3'
row167: 'ADD MOV M0,XMOV M1,YMOV M1,AMOV M2,MC3' != 'ADD MOV M0,X MOV M1,Y MOV M1,A MOV M2,MC3'
row169: 'ADD MOV M0,XMOV #$31,MC3' != 'ADD MOV M0,X MOV #$31,MC3'
row170: 'ADD MOV M0,XMOV M2,MC3' != 'ADD MOV M0,X MOV M2,MC3'
row171: 'ADD MOV M0,XCLR A' != 'ADD MOV M0,X CLR A'
row172: 'ADD MOV M0,XCLR AMOV #$31,MC3' != 'ADD MOV M0,X CLR A MOV #$31,MC3'
row173: 'ADD MOV M0,XCLR AMOV M2,MC3' != 'ADD MOV M0,X CLR A MOV M2,MC3'
row174: 'ADD MOV M0,XMOV ALU,A' != 'ADD MOV M0,X MOV ALU,A'
row175: 'ADD MOV M0,XMOV ALU,AMOV #$31,MC3' != 'ADD MOV M0,X MOV ALU,A MOV #$31,MC3'
row176: 'ADD MOV M0,XMOV ALU,AMOV M2,MC3' != 'ADD MOV M0,X MOV ALU,A MOV M2,MC3'
row177: 'ADD MOV M0,XMOV M1,A' != 'ADD MOV M0,X MOV M1,A'
row178: 'ADD MOV M0,XMOV M1,AMOV #$31,MC3' != 'ADD MOV M0,X MOV M1,A MOV #$31,MC3'
row179: 'ADD MOV M0,XMOV M1,AMOV M2,MC3' != 'ADD MOV M0,X MOV M1,A MOV M2,MC3'
row180: 'ADD MOV M0,XMOV M1,Y' != 'ADD MOV M0,X MOV M1,Y'
row181: 'ADD MOV M0,XMOV M1,YMOV #$31,MC3' != 'ADD MOV M0,X MOV M1,Y MOV #$31,MC3'
row182: 'ADD MOV M0,XMOV M1,YMOV M2,MC3' != 'ADD MOV M0,X MOV M1,Y MOV M2,MC3'
row183: 'ADD MOV M0,XMOV M1,YCLR A' != 'ADD MOV M0,X MOV M1,Y CLR A'
row184: 'ADD MOV M0,XMOV M1,YCLR AMOV #$31,MC3' != 'ADD MOV M0,X MOV M1,Y CLR A MOV #$31,MC3'
row185: 'ADD MOV M0,XMOV M1,YCLR AMOV M2,MC3' != 'ADD MOV M0,X MOV M1,Y CLR A MOV M2,MC3'
row186: 'ADD MOV M0,XMOV M1,YMOV ALU,A' != 'ADD MOV M0,X MOV M1,Y MOV ALU,A'
row187: 'ADD MOV M0,XMOV M1,YMOV ALU,AMOV #$31,MC3' != 'ADD MOV M0,X MOV M1,Y MOV ALU,A MOV #$31,MC3'
row188: 'ADD MOV M0,XMOV M1,YMOV ALU,AMOV M2,MC3' != 'ADD MOV M0,X MOV M1,Y MOV ALU,A MOV M2,MC3'
row189: 'ADD MOV M0,XMOV M1,YMOV M1,A' != 'ADD MOV M0,X MOV M1,Y MOV M1,A'
row190: 'ADD MOV M0,XMOV M1,YMOV M1,AMOV #$31,MC3' != 'ADD MOV M0,X MOV M1,Y MOV M1,A MOV #$31,MC3'
row191: 'ADD MOV M0,XMOV M1,YMOV M1,AMOV M2,MC3' != 'ADD MOV M0,X MOV M1,Y MOV M1,A MOV M2,MC3'
row192: 'ADD MOV M0,XMOV MUL,P' != 'ADD MOV M0,X MOV MUL,P'
row193: 'ADD MOV M0,XMOV MUL,PMOV #$31,MC3' != 'ADD MOV M0,X MOV MUL,P MOV #$31,MC3'
row194: 'ADD MOV M0,XMOV MUL,PMOV M2,MC3' != 'ADD MOV M0,X MOV MUL,P MOV M2,MC3'
row195: 'ADD MOV M0,XMOV MUL,PCLR A' != 'ADD MOV M0,X MOV MUL,P CLR A'
row196: 'ADD MOV M0,XMOV MUL,PCLR AMOV #$31,MC3' != 'ADD MOV M0,X MOV MUL,P CLR A MOV #$31,MC3'
row197: 'ADD MOV M0,XMOV MUL,PCLR AMOV M2,MC3' != 'ADD MOV M0,X MOV MUL,P CLR A MOV M2,MC3'
row198: 'ADD MOV M0,XMOV MUL,PMOV ALU,A' != 'ADD MOV M0,X MOV MUL,P MOV ALU,A'
row199: 'ADD MOV M0,XMOV MUL,PMOV ALU,AMOV #$31,MC3' != 'ADD MOV M0,X MOV MUL,P MOV ALU,A MOV #$31,MC3'
row200: 'ADD MOV M0,XMOV MUL,PMOV ALU,AMOV M2,MC3' != 'ADD MOV M0,X MOV MUL,P MOV ALU,A MOV M2,MC3'
row201: 'ADD MOV M0,XMOV MUL,PMOV M1,A' != 'ADD MOV M0,X MOV MUL,P MOV M1,A'
row202: 'ADD MOV M0,XMOV MUL,PMOV M1,AMOV #$31,MC3' != 'ADD MOV M0,X MOV MUL,P MOV M1,A MOV #$31,MC3'
row203: 'ADD MOV M0,XMOV MUL,PMOV M1,AMOV M2,MC3' != 'ADD MOV M0,X MOV MUL,P MOV M1,A MOV M2,MC3'
row204: 'ADD MOV M0,XMOV MUL,PMOV M1,Y' != 'ADD MOV M0,X MOV MUL,P MOV M1,Y'
row205: 'ADD MOV M0,XMOV MUL,PMOV M1,YMOV #$31,MC3' != 'ADD MOV M0,X MOV MUL,P MOV M1,Y MOV #$31,MC3'
row206: 'ADD MOV M0,XMOV MUL,PMOV M1,YMOV M2,MC3' != 'ADD MOV M0,X MOV MUL,P MOV M1,Y MOV M2,MC3'
row207: 'ADD MOV M0,XMOV MUL,PMOV M1,YCLR A' != 'ADD MOV M0,X MOV MUL,P MOV M1,Y CLR A'
row208: 'ADD MOV M0,XMOV MUL,PMOV M1,YCLR AMOV #$31,MC3' != 'ADD MOV M0,X MOV MUL,P MOV M1,Y CLR A MOV #$31,MC3'
row209: 'ADD MOV M0,XMOV MUL,PMOV M1,YCLR AMOV M2,MC3' != 'ADD MOV M0,X MOV MUL,P MOV M1,Y CLR A MOV M2,MC3'
row210: 'ADD MOV M0,XMOV MUL,PMOV M1,YMOV ALU,A' != 'ADD MOV M0,X MOV MUL,P MOV M1,Y MOV ALU,A'
row211: 'ADD MOV M0,XMOV MUL,PMOV M1,YMOV ALU,AMOV #$31,MC3' != 'ADD MOV M0,X MOV MUL,P MOV M1,Y MOV ALU,A MOV #$31,MC3'
row212: 'ADD MOV M0,XMOV MUL,PMOV M1,YMOV ALU,AMOV M2,MC3' != 'ADD MOV M0,X MOV MUL,P MOV M1,Y MOV ALU,A MOV M2,MC3'
row213: 'ADD MOV M0,XMOV MUL,PMOV M1,YMOV M1,A' != 'ADD MOV M0,X MOV MUL,P MOV M1,Y MOV M1,A'
row214: 'ADD MOV M0,XMOV MUL,PMOV M1,YMOV M1,AMOV #$31,MC3' != 'ADD MOV M0,X MOV MUL,P MOV M1,Y MOV M1,A MOV #$31,MC3'
row215: 'ADD MOV M0,XMOV MUL,PMOV M1,YMOV M1,AMOV M2,MC3' != 'ADD MOV M0,X MOV MUL,P MOV M1,Y MOV M1,A MOV M2,MC3'
row216: 'ADD MOV M0,XMOV M0,P' != 'ADD MOV M0,X MOV M0,P'
row217: 'ADD MOV M0,XMOV M0,PMOV #$31,MC3' != 'ADD MOV M0,X MOV M0,P MOV #$31,MC3'
row218: 'ADD MOV M0,XMOV M0,PMOV M2,MC3' != 'ADD MOV M0,X MOV M0,P MOV M2,MC3'
row219: 'ADD MOV M0,XMOV M0,PCLR A' != 'ADD MOV M0,X MOV M0,P CLR A'
row220: 'ADD MOV M0,XMOV M0,PCLR AMOV #$31,MC3' != 'ADD MOV M0,X MOV M0,P CLR A MOV #$31,MC3'
row221: 'ADD MOV M0,XMOV M0,PCLR AMOV M2,MC3' != 'ADD MOV M0,X MOV M0,P CLR A MOV M2,MC3'
row222: 'ADD MOV M0,XMOV M0,PMOV ALU,A' != 'ADD MOV M0,X MOV M0,P MOV ALU,A'
row223: 'ADD MOV M0,XMOV M0,PMOV ALU,AMOV #$31,MC3' != 'ADD MOV M0,X MOV M0,P MOV ALU,A MOV #$31,MC3'
row224: 'ADD MOV M0,XMOV M0,PMOV ALU,AMOV M2,MC3' != 'ADD MOV M0,X MOV M0,P MOV ALU,A MOV M2,MC3'
row225: 'ADD MOV M0,XMOV M0,PMOV M1,A' != 'ADD MOV M0,X MOV M0,P MOV M1,A'
row226: 'ADD MOV M0,XMOV M0,PMOV M1,AMOV #$31,MC3' != 'ADD MOV M0,X MOV M0,P MOV M1,A MOV #$31,MC3'
row227: 'ADD MOV M0,XMOV M0,PMOV M1,AMOV M2,MC3' != 'ADD MOV M0,X MOV M0,P MOV M1,A MOV M2,MC3'
row228: 'ADD MOV M0,XMOV M0,PMOV M1,Y' != 'ADD MOV M0,X MOV M0,P MOV M1,Y'
row229: 'ADD MOV M0,XMOV M0,PMOV M1,YMOV #$31,MC3' != 'ADD MOV M0,X MOV M0,P MOV M1,Y MOV #$31,MC3'
row230: 'ADD MOV M0,XMOV M0,PMOV M1,YMOV M2,MC3' != 'ADD MOV M0,X MOV M0,P MOV M1,Y MOV M2,MC3'
row231: 'ADD MOV M0,XMOV M0,PMOV M1,YCLR A' != 'ADD MOV M0,X MOV M0,P MOV M1,Y CLR A'
row232: 'ADD MOV M0,XMOV M0,PMOV M1,YCLR AMOV #$31,MC3' != 'ADD MOV M0,X MOV M0,P MOV M1,Y CLR A MOV #$31,MC3'
row233: 'ADD MOV M0,XMOV M0,PMOV M1,YCLR AMOV M2,MC3' != 'ADD MOV M0,X MOV M0,P MOV M1,Y CLR A MOV M2,MC3'
row234: 'ADD MOV M0,XMOV M0,PMOV M1,YMOV ALU,A' != 'ADD MOV M0,X MOV M0,P MOV M1,Y MOV ALU,A'
row235: 'ADD MOV M0,XMOV M0,PMOV M1,YMOV ALU,AMOV #$31,MC3' != 'ADD MOV M0,X MOV M0,P MOV M1,Y MOV ALU,A MOV #$31,MC3'
row236: 'ADD MOV M0,XMOV M0,PMOV M1,YMOV ALU,AMOV M2,MC3' != 'ADD MOV M0,X MOV M0,P MOV M1,Y MOV ALU,A MOV M2,MC3'
row237: 'ADD MOV M0,XMOV M0,PMOV M1,YMOV M1,A' != 'ADD MOV M0,X MOV M0,P MOV M1,Y MOV M1,A'
row238: 'ADD MOV M0,XMOV M0,PMOV M1,YMOV M1,AMOV #$31,MC3' != 'ADD MOV M0,X MOV M0,P MOV M1,Y MOV M1,A MOV #$31,MC3'
row239: 'ADD MOV M0,XMOV M0,PMOV M1,YMOV M1,AMOV M2,MC3' != 'ADD MOV M0,X MOV M0,P MOV M1,Y MOV M1,A MOV M2,MC3'
