DSP_PARALLEL armed
DSP_PARALLEL case=9 PASS
DSP_PARALLEL case=10 PASS
DSP_PARALLEL case=11 PASS
DSP_PARALLEL case=21 PASS
DSP_PARALLEL case=22 PASS
DSP_PARALLEL case=23 PASS
DSP_PARALLEL case=33 PASS
DSP_PARALLEL case=34 PASS
DSP_PARALLEL case=35 PASS
DSP_PARALLEL case=45 PASS
DSP_PARALLEL case=46 PASS
DSP_PARALLEL case=47 PASS
DSP_PARALLEL case=57 PASS
DSP_PARALLEL case=58 PASS
DSP_PARALLEL case=59 PASS
DSP_PARALLEL case=69 PASS
DSP_PARALLEL case=70 PASS
DSP_PARALLEL case=71 PASS
DSP_PARALLEL case=81 PASS
DSP_PARALLEL case=82 PASS
DSP_PARALLEL case=83 PASS
DSP_PARALLEL case=93 PASS
DSP_PARALLEL case=94 PASS
DSP_PARALLEL case=95 PASS
DSP_PARALLEL case=105 PASS
DSP_PARALLEL case=106 PASS
DSP_PARALLEL case=107 PASS
DSP_PARALLEL case=117 PASS
DSP_PARALLEL case=118 PASS
DSP_PARALLEL case=119 PASS
DSP_PARALLEL case=129 PASS
DSP_PARALLEL case=130 PASS
DSP_PARALLEL case=131 PASS
DSP_PARALLEL case=141 PASS
DSP_PARALLEL case=142 PASS
DSP_PARALLEL case=143 PASS
DSP_PARALLEL FAIL sum1 got=51000101 want=51000000
DSP_PARALLEL FAIL ram2_1 got=51000101 want=70
DSP_PARALLEL FAIL ram2_2 got=70 want=51000202
DSP_PARALLEL FAIL sum2 got=51000101 want=51000000
DSP_PARALLEL FAIL ram3_1 got=51000101 want=70
DSP_PARALLEL FAIL ram3_2 got=70 want=51000202
DSP_PARALLEL FAIL ram3_128 got=51000101 want=51000000
DSP_PARALLEL FAIL ram4_0 got=51000000 want=70
DSP_PARALLEL FAIL ram4_1 got=70 want=51000101
DSP_PARALLEL FAIL ram5_0 got=51000000 want=70
DSP_PARALLEL FAIL ram5_1 got=51000000 want=51000101
DSP_PARALLEL FAIL ram5_2 got=70 want=51000202
DSP_PARALLEL FAIL ram6_1 got=51020002 want=70
DSP_PARALLEL FAIL ram6_2 got=70 want=51000202
DSP_PARALLEL FAIL ram7_0 got=51000000 want=70
DSP_PARALLEL FAIL ram7_1 got=70 want=51000101
DSP_PARALLEL FAIL ram8_1 got=ffffffc5 want=70
DSP_PARALLEL FAIL ram8_2 got=70 want=51000202
DSP_PARALLEL FAIL ram12_1 got=0 want=70
DSP_PARALLEL FAIL ram12_2 got=70 want=51000202
DSP_PARALLEL FAIL sum13 got=51000202 want=51000101
DSP_PARALLEL FAIL ram14_2 got=51000202 want=70
DSP_PARALLEL FAIL ram14_3 got=70 want=51000303
DSP_PARALLEL FAIL sum14 got=51000202 want=51000101
DSP_PARALLEL FAIL ram15_2 got=51000202 want=70
DSP_PARALLEL FAIL ram15_3 got=70 want=51000303
DSP_PARALLEL FAIL ram15_129 got=51000202 want=51000101
DSP_PARALLEL FAIL ram16_1 got=51000101 want=70
DSP_PARALLEL FAIL ram16_2 got=70 want=51000202
DSP_PARALLEL FAIL ram17_1 got=51000101 want=70
DSP_PARALLEL FAIL ram17_2 got=51000101 want=51000202
DSP_PARALLEL FAIL ram17_3 got=70 want=51000303
DSP_PARALLEL FAIL ram18_2 got=51020103 want=70
DSP_PARALLEL FAIL ram18_3 got=70 want=51000303
DSP_PARALLEL FAIL ram19_1 got=51000101 want=70
DSP_PARALLEL FAIL ram19_2 got=70 want=51000202
DSP_PARALLEL FAIL ram20_2 got=ffffffc5 want=70
DSP_PARALLEL FAIL ram20_3 got=70 want=51000303
DSP_PARALLEL FAIL ram24_2 got=0 want=70
DSP_PARALLEL FAIL ram24_3 got=70 want=51000303
DSP_PARALLEL FAIL sum25 got=51000000 want=51003f3f
DSP_PARALLEL FAIL ram26_0 got=51000000 want=70
DSP_PARALLEL FAIL ram26_1 got=70 want=51000101
DSP_PARALLEL FAIL sum26 got=51000000 want=51003f3f
DSP_PARALLEL FAIL ram27_0 got=51000000 want=70
DSP_PARALLEL FAIL ram27_1 got=70 want=51000101
DSP_PARALLEL FAIL ram27_191 got=51000000 want=51003f3f
DSP_PARALLEL FAIL ram28_0 got=70 want=51000000
DSP_PARALLEL FAIL ram28_63 got=51003f3f want=70
DSP_PARALLEL FAIL ram29_0 got=51003f3f want=51000000
DSP_PARALLEL FAIL ram29_1 got=70 want=51000101
DSP_PARALLEL FAIL ram29_63 got=51003f3f want=70
DSP_PARALLEL FAIL ram30_0 got=51023f3d want=70
DSP_PARALLEL FAIL ram30_1 got=70 want=51000101
DSP_PARALLEL FAIL ram31_0 got=70 want=51000000
DSP_PARALLEL FAIL ram31_63 got=51003f3f want=70
DSP_PARALLEL FAIL ram32_0 got=ffffffc5 want=70
DSP_PARALLEL FAIL ram32_1 got=70 want=51000101
DSP_PARALLEL FAIL ram36_0 got=0 want=70
DSP_PARALLEL FAIL ram36_1 got=70 want=51000101
DSP_PARALLEL FAIL sum37 got=51010100 want=51010001
DSP_PARALLEL FAIL ram38_65 got=51010100 want=71
DSP_PARALLEL FAIL ram38_66 got=71 want=51010203
DSP_PARALLEL FAIL sum38 got=51010100 want=51010001
DSP_PARALLEL FAIL ram39_65 got=51010100 want=71
DSP_PARALLEL FAIL ram39_66 got=71 want=51010203
DSP_PARALLEL FAIL ram39_192 got=51010100 want=51010001
DSP_PARALLEL FAIL ram40_64 got=51010001 want=71
DSP_PARALLEL FAIL ram40_65 got=71 want=51010100
DSP_PARALLEL FAIL ram41_64 got=51010001 want=71
DSP_PARALLEL FAIL ram41_65 got=51010001 want=51010100
DSP_PARALLEL FAIL ram41_66 got=71 want=51010203
DSP_PARALLEL FAIL ram42_65 got=51030003 want=71
DSP_PARALLEL FAIL ram42_66 got=71 want=51010203
DSP_PARALLEL FAIL ram43_64 got=71 want=51010001
DSP_PARALLEL FAIL ram43_65 got=51010100 want=71
DSP_PARALLEL FAIL ram44_65 got=ffffffc5 want=71
DSP_PARALLEL FAIL ram44_66 got=71 want=51010203
DSP_PARALLEL FAIL ram48_65 got=0 want=71
DSP_PARALLEL FAIL ram48_66 got=71 want=51010203
DSP_PARALLEL FAIL sum49 got=51010203 want=51010100
DSP_PARALLEL FAIL ram50_66 got=51010203 want=71
DSP_PARALLEL FAIL ram50_67 got=71 want=51010302
DSP_PARALLEL FAIL sum50 got=51010203 want=51010100
DSP_PARALLEL FAIL ram51_66 got=51010203 want=71
DSP_PARALLEL FAIL ram51_67 got=71 want=51010302
DSP_PARALLEL FAIL ram51_193 got=51010203 want=51010100
DSP_PARALLEL FAIL ram52_65 got=51010100 want=71
DSP_PARALLEL FAIL ram52_66 got=71 want=51010203
DSP_PARALLEL FAIL ram53_65 got=51010100 want=71
DSP_PARALLEL FAIL ram53_66 got=51010100 want=51010203
DSP_PARALLEL FAIL ram53_67 got=71 want=51010302
DSP_PARALLEL FAIL ram54_66 got=51030102 want=71
DSP_PARALLEL FAIL ram54_67 got=71 want=51010302
DSP_PARALLEL FAIL ram55_64 got=51010001 want=71
DSP_PARALLEL FAIL ram55_67 got=71 want=51010302
DSP_PARALLEL FAIL ram56_66 got=ffffffc5 want=71
DSP_PARALLEL FAIL ram56_67 got=71 want=51010302
DSP_PARALLEL FAIL ram60_66 got=0 want=71
DSP_PARALLEL FAIL ram60_67 got=71 want=51010302
DSP_PARALLEL FAIL sum61 got=51010001 want=51013f3e
DSP_PARALLEL FAIL ram62_64 got=51010001 want=71
DSP_PARALLEL FAIL ram62_65 got=71 want=51010100
DSP_PARALLEL FAIL sum62 got=51010001 want=51013f3e
DSP_PARALLEL FAIL ram63_64 got=51010001 want=71
DSP_PARALLEL FAIL ram63_65 got=71 want=51010100
DSP_PARALLEL FAIL ram63_255 got=51010001 want=51013f3e
DSP_PARALLEL FAIL ram64_64 got=71 want=51010001
DSP_PARALLEL FAIL ram64_127 got=51013f3e want=71
DSP_PARALLEL FAIL ram65_64 got=51013f3e want=51010001
DSP_PARALLEL FAIL ram65_65 got=71 want=51010100
DSP_PARALLEL FAIL ram65_127 got=51013f3e want=71
DSP_PARALLEL FAIL ram66_64 got=51033f3c want=71
DSP_PARALLEL FAIL ram66_65 got=71 want=51010100
DSP_PARALLEL FAIL ram67_65 got=71 want=51010100
DSP_PARALLEL FAIL ram67_126 got=51013e3f want=71
DSP_PARALLEL FAIL ram68_64 got=ffffffc5 want=71
DSP_PARALLEL FAIL ram68_65 got=71 want=51010100
DSP_PARALLEL FAIL ram72_64 got=0 want=71
DSP_PARALLEL FAIL ram72_65 got=71 want=51010100
DSP_PARALLEL FAIL sum73 got=51020103 want=51020002
DSP_PARALLEL FAIL ram74_129 got=51020103 want=72
DSP_PARALLEL FAIL ram74_130 got=72 want=51020200
DSP_PARALLEL FAIL sum74 got=51020103 want=51020002
DSP_PARALLEL FAIL ram75_0 got=51020103 want=51020002
DSP_PARALLEL FAIL ram75_129 got=51020103 want=72
DSP_PARALLEL FAIL ram75_130 got=72 want=51020200
DSP_PARALLEL FAIL ram76_128 got=51020002 want=72
DSP_PARALLEL FAIL ram76_129 got=72 want=51020103
DSP_PARALLEL FAIL ram77_128 got=51020002 want=72
DSP_PARALLEL FAIL ram77_129 got=51020002 want=51020103
DSP_PARALLEL FAIL ram77_130 got=72 want=51020200
DSP_PARALLEL FAIL ram78_129 got=51000000 want=72
DSP_PARALLEL FAIL ram78_130 got=72 want=51020200
DSP_PARALLEL FAIL ram79_130 got=51020200 want=72
DSP_PARALLEL FAIL ram79_131 got=72 want=51020301
DSP_PARALLEL FAIL ram80_129 got=ffffffc5 want=72
DSP_PARALLEL FAIL ram80_130 got=72 want=51020200
DSP_PARALLEL FAIL ram84_129 got=0 want=72
DSP_PARALLEL FAIL ram84_130 got=72 want=51020200
DSP_PARALLEL FAIL sum85 got=51020200 want=51020103
DSP_PARALLEL FAIL ram86_130 got=51020200 want=72
DSP_PARALLEL FAIL ram86_131 got=72 want=51020301
DSP_PARALLEL FAIL sum86 got=51020200 want=51020103
DSP_PARALLEL FAIL ram87_1 got=51020200 want=51020103
DSP_PARALLEL FAIL ram87_130 got=51020200 want=72
DSP_PARALLEL FAIL ram87_131 got=72 want=51020301
DSP_PARALLEL FAIL ram88_129 got=51020103 want=72
DSP_PARALLEL FAIL ram88_130 got=72 want=51020200
DSP_PARALLEL FAIL ram89_129 got=51020103 want=72
DSP_PARALLEL FAIL ram89_130 got=51020103 want=51020200
DSP_PARALLEL FAIL ram89_131 got=72 want=51020301
DSP_PARALLEL FAIL ram90_130 got=51000101 want=72
DSP_PARALLEL FAIL ram90_131 got=72 want=51020301
DSP_PARALLEL FAIL ram91_128 got=72 want=51020002
DSP_PARALLEL FAIL ram91_131 got=51020301 want=72
DSP_PARALLEL FAIL ram92_130 got=ffffffc5 want=72
DSP_PARALLEL FAIL ram92_131 got=72 want=51020301
DSP_PARALLEL FAIL ram96_130 got=0 want=72
DSP_PARALLEL FAIL ram96_131 got=72 want=51020301
DSP_PARALLEL FAIL sum97 got=51020002 want=51023f3d
DSP_PARALLEL FAIL ram98_128 got=51020002 want=72
DSP_PARALLEL FAIL ram98_129 got=72 want=51020103
DSP_PARALLEL FAIL sum98 got=51020002 want=51023f3d
DSP_PARALLEL FAIL ram99_63 got=51020002 want=51023f3d
DSP_PARALLEL FAIL ram99_128 got=51020002 want=72
DSP_PARALLEL FAIL ram99_129 got=72 want=51020103
DSP_PARALLEL FAIL ram100_128 got=72 want=51020002
DSP_PARALLEL FAIL ram100_191 got=51023f3d want=72
DSP_PARALLEL FAIL ram101_128 got=51023f3d want=51020002
DSP_PARALLEL FAIL ram101_129 got=72 want=51020103
DSP_PARALLEL FAIL ram101_191 got=51023f3d want=72
DSP_PARALLEL FAIL ram102_128 got=51003f3f want=72
DSP_PARALLEL FAIL ram102_129 got=72 want=51020103
DSP_PARALLEL FAIL ram103_130 got=72 want=51020200
DSP_PARALLEL FAIL ram103_189 got=51023d3f want=72
DSP_PARALLEL FAIL ram104_128 got=ffffffc5 want=72
DSP_PARALLEL FAIL ram104_129 got=72 want=51020103
DSP_PARALLEL FAIL ram108_128 got=0 want=72
DSP_PARALLEL FAIL ram108_129 got=72 want=51020103
DSP_PARALLEL FAIL sum109 got=51030102 want=51030003
DSP_PARALLEL FAIL ram110_193 got=51030102 want=73
DSP_PARALLEL FAIL ram110_194 got=73 want=51030201
DSP_PARALLEL FAIL sum110 got=51030102 want=51030003
DSP_PARALLEL FAIL ram111_64 got=51030102 want=51030003
DSP_PARALLEL FAIL ram111_193 got=51030102 want=73
DSP_PARALLEL FAIL ram111_194 got=73 want=51030201
DSP_PARALLEL FAIL ram112_192 got=51030003 want=73
DSP_PARALLEL FAIL ram112_193 got=73 want=51030102
DSP_PARALLEL FAIL ram113_192 got=51030003 want=73
DSP_PARALLEL FAIL ram113_193 got=51030003 want=51030102
DSP_PARALLEL FAIL ram113_194 got=73 want=51030201
DSP_PARALLEL FAIL ram114_193 got=51010001 want=73
DSP_PARALLEL FAIL ram114_194 got=73 want=51030201
DSP_PARALLEL FAIL ram115_194 got=73 want=51030201
DSP_PARALLEL FAIL ram115_195 got=51030300 want=73
DSP_PARALLEL FAIL ram116_193 got=ffffffc5 want=73
DSP_PARALLEL FAIL ram116_194 got=73 want=51030201
DSP_PARALLEL FAIL ram120_193 got=0 want=73
DSP_PARALLEL FAIL ram120_194 got=73 want=51030201
DSP_PARALLEL FAIL sum121 got=51030201 want=51030102
DSP_PARALLEL FAIL ram122_194 got=51030201 want=73
DSP_PARALLEL FAIL ram122_195 got=73 want=51030300
DSP_PARALLEL FAIL sum122 got=51030201 want=51030102
DSP_PARALLEL FAIL ram123_65 got=51030201 want=51030102
DSP_PARALLEL FAIL ram123_194 got=51030201 want=73
DSP_PARALLEL FAIL ram123_195 got=73 want=51030300
DSP_PARALLEL FAIL ram124_193 got=51030102 want=73
DSP_PARALLEL FAIL ram124_194 got=73 want=51030201
DSP_PARALLEL FAIL ram125_193 got=51030102 want=73
DSP_PARALLEL FAIL ram125_194 got=51030102 want=51030201
DSP_PARALLEL FAIL ram125_195 got=73 want=51030300
DSP_PARALLEL FAIL ram126_194 got=51010100 want=73
DSP_PARALLEL FAIL ram126_195 got=73 want=51030300
DSP_PARALLEL FAIL ram127_193 got=73 want=51030102
DSP_PARALLEL FAIL ram127_194 got=51030201 want=73
DSP_PARALLEL FAIL ram128_194 got=ffffffc5 want=73
DSP_PARALLEL FAIL ram128_195 got=73 want=51030300
DSP_PARALLEL FAIL ram132_194 got=0 want=73
DSP_PARALLEL FAIL ram132_195 got=73 want=51030300
DSP_PARALLEL FAIL sum133 got=51030003 want=51033f3c
DSP_PARALLEL FAIL ram134_192 got=51030003 want=73
DSP_PARALLEL FAIL ram134_193 got=73 want=51030102
DSP_PARALLEL FAIL sum134 got=51030003 want=51033f3c
DSP_PARALLEL FAIL ram135_127 got=51030003 want=51033f3c
DSP_PARALLEL FAIL ram135_192 got=51030003 want=73
DSP_PARALLEL FAIL ram135_193 got=73 want=51030102
DSP_PARALLEL FAIL ram136_192 got=73 want=51030003
DSP_PARALLEL FAIL ram136_255 got=51033f3c want=73
DSP_PARALLEL FAIL ram137_192 got=51033f3c want=51030003
DSP_PARALLEL FAIL ram137_193 got=73 want=51030102
DSP_PARALLEL FAIL ram137_255 got=51033f3c want=73
DSP_PARALLEL FAIL ram138_192 got=51013f3e want=73
DSP_PARALLEL FAIL ram138_193 got=73 want=51030102
DSP_PARALLEL FAIL ram139_195 got=73 want=51030300
DSP_PARALLEL FAIL ram139_252 got=51033c3f want=73
DSP_PARALLEL FAIL ram140_192 got=ffffffc5 want=73
DSP_PARALLEL FAIL ram140_193 got=73 want=51030102
DSP_PARALLEL FAIL ram144_192 got=0 want=73
DSP_PARALLEL FAIL ram144_193 got=73 want=51030102
Average speed: 213.06% (2 seconds)
