DSP_PARALLEL_SAVE armed
DSP_PARALLEL_SAVE observed partial loop
DSP_PARALLEL_SAVE saved
DSP_PARALLEL_SAVE mutated
DSP_PARALLEL_SAVE loaded
DSP_PARALLEL_SAVE FAIL original_word0 got=12340001 want=12340000
DSP_PARALLEL_SAVE FAIL original_word1 got=12340003 want=12340001
DSP_PARALLEL_SAVE FAIL original_word2 got=12340005 want=12340002
DSP_PARALLEL_SAVE FAIL original_word3 got=12340007 want=12340003
DSP_PARALLEL_SAVE FAIL original_word4 got=12340009 want=12340004
DSP_PARALLEL_SAVE FAIL original_word5 got=1234000b want=12340005
DSP_PARALLEL_SAVE FAIL original_word6 got=1234000d want=12340006
DSP_PARALLEL_SAVE FAIL original_word7 got=1234000f want=12340007
DSP_PARALLEL_SAVE FAIL original_word8 got=12340011 want=12340008
DSP_PARALLEL_SAVE FAIL original_word9 got=12340013 want=12340009
DSP_PARALLEL_SAVE FAIL original_word10 got=12340015 want=1234000a
DSP_PARALLEL_SAVE FAIL original_word11 got=12340017 want=1234000b
DSP_PARALLEL_SAVE FAIL original_word12 got=12340019 want=1234000c
DSP_PARALLEL_SAVE FAIL original_word13 got=1234001b want=1234000d
DSP_PARALLEL_SAVE FAIL original_word14 got=1234001d want=1234000e
DSP_PARALLEL_SAVE FAIL original_word15 got=1234001f want=1234000f
DSP_PARALLEL_SAVE FAIL original_word16 got=12340021 want=12340010
DSP_PARALLEL_SAVE FAIL original_word17 got=12340023 want=12340011
DSP_PARALLEL_SAVE FAIL original_word18 got=12340025 want=12340012
DSP_PARALLEL_SAVE FAIL original_word19 got=12340027 want=12340013
DSP_PARALLEL_SAVE FAIL original_word20 got=12340029 want=12340014
DSP_PARALLEL_SAVE FAIL original_word21 got=1234002b want=12340015
DSP_PARALLEL_SAVE FAIL original_word22 got=1234002d want=12340016
DSP_PARALLEL_SAVE FAIL original_word23 got=1234002f want=12340017
DSP_PARALLEL_SAVE FAIL original_word24 got=12340031 want=12340018
DSP_PARALLEL_SAVE FAIL original_word25 got=12340033 want=12340019
DSP_PARALLEL_SAVE FAIL original_word26 got=12340035 want=1234001a
DSP_PARALLEL_SAVE FAIL original_word27 got=12340037 want=1234001b
DSP_PARALLEL_SAVE FAIL original_word28 got=12340039 want=1234001c
DSP_PARALLEL_SAVE FAIL original_word29 got=1234003b want=1234001d
DSP_PARALLEL_SAVE FAIL original_word30 got=1234003d want=1234001e
DSP_PARALLEL_SAVE FAIL original_word31 got=1234003f want=1234001f
DSP_PARALLEL_SAVE FAIL original_word32 got=12340001 want=12340020
DSP_PARALLEL_SAVE FAIL original_word33 got=12340003 want=12340021
DSP_PARALLEL_SAVE FAIL original_word34 got=12340005 want=12340022
DSP_PARALLEL_SAVE FAIL original_word35 got=12340007 want=12340023
DSP_PARALLEL_SAVE FAIL original_word36 got=12340009 want=12340024
DSP_PARALLEL_SAVE FAIL original_word37 got=1234000b want=12340025
DSP_PARALLEL_SAVE FAIL original_word38 got=1234000d want=12340026
DSP_PARALLEL_SAVE FAIL original_word39 got=1234000f want=12340027
DSP_PARALLEL_SAVE FAIL original_word40 got=12340011 want=12340028
DSP_PARALLEL_SAVE FAIL original_word41 got=12340013 want=12340029
DSP_PARALLEL_SAVE FAIL original_word42 got=12340015 want=1234002a
DSP_PARALLEL_SAVE FAIL original_word43 got=12340017 want=1234002b
DSP_PARALLEL_SAVE FAIL original_word44 got=12340019 want=1234002c
DSP_PARALLEL_SAVE FAIL original_word45 got=1234001b want=1234002d
DSP_PARALLEL_SAVE FAIL original_word46 got=1234001d want=1234002e
DSP_PARALLEL_SAVE FAIL original_word47 got=1234001f want=1234002f
DSP_PARALLEL_SAVE FAIL original_word48 got=12340021 want=12340030
DSP_PARALLEL_SAVE FAIL original_word49 got=12340023 want=12340031
DSP_PARALLEL_SAVE FAIL original_word50 got=12340025 want=12340032
DSP_PARALLEL_SAVE FAIL original_word51 got=12340027 want=12340033
DSP_PARALLEL_SAVE FAIL original_word52 got=12340029 want=12340034
DSP_PARALLEL_SAVE FAIL original_word53 got=1234002b want=12340035
DSP_PARALLEL_SAVE FAIL original_word54 got=1234002d want=12340036
DSP_PARALLEL_SAVE FAIL original_word55 got=1234002f want=12340037
DSP_PARALLEL_SAVE FAIL original_word56 got=12340031 want=12340038
DSP_PARALLEL_SAVE FAIL original_word57 got=12340033 want=12340039
DSP_PARALLEL_SAVE FAIL original_word58 got=12340035 want=1234003a
DSP_PARALLEL_SAVE FAIL original_word59 got=12340037 want=1234003b
DSP_PARALLEL_SAVE FAIL original_word60 got=12340039 want=1234003c
DSP_PARALLEL_SAVE FAIL original_word61 got=1234003b want=1234003d
DSP_PARALLEL_SAVE FAIL original_word62 got=1234003d want=1234003e
DSP_PARALLEL_SAVE FAIL original_product_low got=d1300f04 want=f5980f81
DSP_PARALLEL_SAVE FAIL original_product_high got=5a98d130 want=5a98f598
DSP_PARALLEL_SAVE FAIL restored_word0 got=12340001 want=12340000
DSP_PARALLEL_SAVE FAIL restored_word1 got=12340003 want=12340001
DSP_PARALLEL_SAVE FAIL restored_word2 got=12340005 want=12340002
DSP_PARALLEL_SAVE FAIL restored_word3 got=12340007 want=12340003
DSP_PARALLEL_SAVE FAIL restored_word4 got=12340009 want=12340004
DSP_PARALLEL_SAVE FAIL restored_word5 got=1234000b want=12340005
DSP_PARALLEL_SAVE FAIL restored_word6 got=1234000d want=12340006
DSP_PARALLEL_SAVE FAIL restored_word7 got=1234000f want=12340007
DSP_PARALLEL_SAVE FAIL restored_word8 got=12340011 want=12340008
DSP_PARALLEL_SAVE FAIL restored_word9 got=12340013 want=12340009
DSP_PARALLEL_SAVE FAIL restored_word10 got=12340015 want=1234000a
DSP_PARALLEL_SAVE FAIL restored_word11 got=12340017 want=1234000b
DSP_PARALLEL_SAVE FAIL restored_word12 got=12340019 want=1234000c
DSP_PARALLEL_SAVE FAIL restored_word13 got=1234001b want=1234000d
DSP_PARALLEL_SAVE FAIL restored_word14 got=1234001d want=1234000e
DSP_PARALLEL_SAVE FAIL restored_word15 got=1234001f want=1234000f
DSP_PARALLEL_SAVE FAIL restored_word16 got=12340021 want=12340010
DSP_PARALLEL_SAVE FAIL restored_word17 got=12340023 want=12340011
DSP_PARALLEL_SAVE FAIL restored_word18 got=12340025 want=12340012
DSP_PARALLEL_SAVE FAIL restored_word19 got=12340027 want=12340013
DSP_PARALLEL_SAVE FAIL restored_word20 got=12340029 want=12340014
DSP_PARALLEL_SAVE FAIL restored_word21 got=1234002b want=12340015
DSP_PARALLEL_SAVE FAIL restored_word22 got=1234002d want=12340016
DSP_PARALLEL_SAVE FAIL restored_word23 got=1234002f want=12340017
DSP_PARALLEL_SAVE FAIL restored_word24 got=12340031 want=12340018
DSP_PARALLEL_SAVE FAIL restored_word25 got=12340033 want=12340019
DSP_PARALLEL_SAVE FAIL restored_word26 got=12340035 want=1234001a
DSP_PARALLEL_SAVE FAIL restored_word27 got=12340037 want=1234001b
DSP_PARALLEL_SAVE FAIL restored_word28 got=12340039 want=1234001c
DSP_PARALLEL_SAVE FAIL restored_word29 got=1234003b want=1234001d
DSP_PARALLEL_SAVE FAIL restored_word30 got=1234003d want=1234001e
DSP_PARALLEL_SAVE FAIL restored_word31 got=1234003f want=1234001f
DSP_PARALLEL_SAVE FAIL restored_word32 got=12340001 want=12340020
DSP_PARALLEL_SAVE FAIL restored_word33 got=12340003 want=12340021
DSP_PARALLEL_SAVE FAIL restored_word34 got=12340005 want=12340022
DSP_PARALLEL_SAVE FAIL restored_word35 got=12340007 want=12340023
DSP_PARALLEL_SAVE FAIL restored_word36 got=12340009 want=12340024
DSP_PARALLEL_SAVE FAIL restored_word37 got=1234000b want=12340025
DSP_PARALLEL_SAVE FAIL restored_word38 got=1234000d want=12340026
DSP_PARALLEL_SAVE FAIL restored_word39 got=1234000f want=12340027
DSP_PARALLEL_SAVE FAIL restored_word40 got=12340011 want=12340028
DSP_PARALLEL_SAVE FAIL restored_word41 got=12340013 want=12340029
DSP_PARALLEL_SAVE FAIL restored_word42 got=12340015 want=1234002a
DSP_PARALLEL_SAVE FAIL restored_word43 got=12340017 want=1234002b
DSP_PARALLEL_SAVE FAIL restored_word44 got=12340019 want=1234002c
DSP_PARALLEL_SAVE FAIL restored_word45 got=1234001b want=1234002d
DSP_PARALLEL_SAVE FAIL restored_word46 got=1234001d want=1234002e
DSP_PARALLEL_SAVE FAIL restored_word47 got=1234001f want=1234002f
DSP_PARALLEL_SAVE FAIL restored_word48 got=12340021 want=12340030
DSP_PARALLEL_SAVE FAIL restored_word49 got=12340023 want=12340031
DSP_PARALLEL_SAVE FAIL restored_word50 got=12340025 want=12340032
DSP_PARALLEL_SAVE FAIL restored_word51 got=12340027 want=12340033
DSP_PARALLEL_SAVE FAIL restored_word52 got=12340029 want=12340034
DSP_PARALLEL_SAVE FAIL restored_word53 got=1234002b want=12340035
DSP_PARALLEL_SAVE FAIL restored_word54 got=1234002d want=12340036
DSP_PARALLEL_SAVE FAIL restored_word55 got=1234002f want=12340037
DSP_PARALLEL_SAVE FAIL restored_word56 got=12340031 want=12340038
DSP_PARALLEL_SAVE FAIL restored_word57 got=12340033 want=12340039
DSP_PARALLEL_SAVE FAIL restored_word58 got=12340035 want=1234003a
DSP_PARALLEL_SAVE FAIL restored_word59 got=12340037 want=1234003b
DSP_PARALLEL_SAVE FAIL restored_word60 got=12340039 want=1234003c
DSP_PARALLEL_SAVE FAIL restored_word61 got=1234003b want=1234003d
DSP_PARALLEL_SAVE FAIL restored_word62 got=1234003d want=1234003e
DSP_PARALLEL_SAVE FAIL restored_product_low got=d1300f04 want=f5980f81
DSP_PARALLEL_SAVE FAIL restored_product_high got=5a98d130 want=5a98f598
Average speed: 216.67% (2 seconds)
