DSP_LOP_SAVE armed
DSP_LOP_SAVE observed partial loop
DSP_LOP_SAVE saved
DSP_LOP_SAVE mutated
DSP_LOP_SAVE loaded
DSP_LOP_SAVE FAIL original_word1 got=ffc1 want=fc1
DSP_LOP_SAVE FAIL original_word2 got=ffc2 want=fc2
DSP_LOP_SAVE FAIL original_word3 got=ffc3 want=fc3
DSP_LOP_SAVE FAIL original_word4 got=ffc4 want=fc4
DSP_LOP_SAVE FAIL original_word5 got=ffc5 want=fc5
DSP_LOP_SAVE FAIL original_word6 got=ffc6 want=fc6
DSP_LOP_SAVE FAIL original_word7 got=ffc7 want=fc7
DSP_LOP_SAVE FAIL original_word8 got=ffc8 want=fc8
DSP_LOP_SAVE FAIL original_word9 got=ffc9 want=fc9
DSP_LOP_SAVE FAIL original_word10 got=ffca want=fca
DSP_LOP_SAVE FAIL original_word11 got=ffcb want=fcb
DSP_LOP_SAVE FAIL original_word12 got=ffcc want=fcc
DSP_LOP_SAVE FAIL original_word13 got=ffcd want=fcd
DSP_LOP_SAVE FAIL original_word14 got=ffce want=fce
DSP_LOP_SAVE FAIL original_word15 got=ffcf want=fcf
DSP_LOP_SAVE FAIL original_word16 got=ffd0 want=fd0
DSP_LOP_SAVE FAIL original_word17 got=ffd1 want=fd1
DSP_LOP_SAVE FAIL original_word18 got=ffd2 want=fd2
DSP_LOP_SAVE FAIL original_word19 got=ffd3 want=fd3
DSP_LOP_SAVE FAIL original_word20 got=ffd4 want=fd4
DSP_LOP_SAVE FAIL original_word21 got=ffd5 want=fd5
DSP_LOP_SAVE FAIL original_word22 got=ffd6 want=fd6
DSP_LOP_SAVE FAIL original_word23 got=ffd7 want=fd7
DSP_LOP_SAVE FAIL original_word24 got=ffd8 want=fd8
DSP_LOP_SAVE FAIL original_word25 got=ffd9 want=fd9
DSP_LOP_SAVE FAIL original_word26 got=ffda want=fda
DSP_LOP_SAVE FAIL original_word27 got=ffdb want=fdb
DSP_LOP_SAVE FAIL original_word28 got=ffdc want=fdc
DSP_LOP_SAVE FAIL original_word29 got=ffdd want=fdd
DSP_LOP_SAVE FAIL original_word30 got=ffde want=fde
DSP_LOP_SAVE FAIL original_word31 got=ffdf want=fdf
DSP_LOP_SAVE FAIL original_word32 got=ffe0 want=fe0
DSP_LOP_SAVE FAIL original_word33 got=ffe1 want=fe1
DSP_LOP_SAVE FAIL original_word34 got=ffe2 want=fe2
DSP_LOP_SAVE FAIL original_word35 got=ffe3 want=fe3
DSP_LOP_SAVE FAIL original_word36 got=ffe4 want=fe4
DSP_LOP_SAVE FAIL original_word37 got=ffe5 want=fe5
DSP_LOP_SAVE FAIL original_word38 got=ffe6 want=fe6
DSP_LOP_SAVE FAIL original_word39 got=ffe7 want=fe7
DSP_LOP_SAVE FAIL original_word40 got=ffe8 want=fe8
DSP_LOP_SAVE FAIL original_word41 got=ffe9 want=fe9
DSP_LOP_SAVE FAIL original_word42 got=ffea want=fea
DSP_LOP_SAVE FAIL original_word43 got=ffeb want=feb
DSP_LOP_SAVE FAIL original_word44 got=ffec want=fec
DSP_LOP_SAVE FAIL original_word45 got=ffed want=fed
DSP_LOP_SAVE FAIL original_word46 got=ffee want=fee
DSP_LOP_SAVE FAIL original_word47 got=ffef want=fef
DSP_LOP_SAVE FAIL original_word48 got=fff0 want=ff0
DSP_LOP_SAVE FAIL original_word49 got=fff1 want=ff1
DSP_LOP_SAVE FAIL original_word50 got=fff2 want=ff2
DSP_LOP_SAVE FAIL original_word51 got=fff3 want=ff3
DSP_LOP_SAVE FAIL original_word52 got=fff4 want=ff4
DSP_LOP_SAVE FAIL original_word53 got=fff5 want=ff5
DSP_LOP_SAVE FAIL original_word54 got=fff6 want=ff6
DSP_LOP_SAVE FAIL original_word55 got=fff7 want=ff7
DSP_LOP_SAVE FAIL original_word56 got=fff8 want=ff8
DSP_LOP_SAVE FAIL original_word57 got=fff9 want=ff9
DSP_LOP_SAVE FAIL original_word58 got=fffa want=ffa
DSP_LOP_SAVE FAIL original_word59 got=fffb want=ffb
DSP_LOP_SAVE FAIL original_word60 got=fffc want=ffc
DSP_LOP_SAVE FAIL original_word61 got=fffd want=ffd
DSP_LOP_SAVE FAIL original_word62 got=fffe want=ffe
DSP_LOP_SAVE FAIL original_word63 got=ffff want=fff
DSP_LOP_SAVE FAIL original_word64 got=10000 want=1000
DSP_LOP_SAVE FAIL restored_word1 got=ffc1 want=fc1
DSP_LOP_SAVE FAIL restored_word2 got=ffc2 want=fc2
DSP_LOP_SAVE FAIL restored_word3 got=ffc3 want=fc3
DSP_LOP_SAVE FAIL restored_word4 got=ffc4 want=fc4
DSP_LOP_SAVE FAIL restored_word5 got=ffc5 want=fc5
DSP_LOP_SAVE FAIL restored_word6 got=ffc6 want=fc6
DSP_LOP_SAVE FAIL restored_word7 got=ffc7 want=fc7
DSP_LOP_SAVE FAIL restored_word8 got=ffc8 want=fc8
DSP_LOP_SAVE FAIL restored_word9 got=ffc9 want=fc9
DSP_LOP_SAVE FAIL restored_word10 got=ffca want=fca
DSP_LOP_SAVE FAIL restored_word11 got=ffcb want=fcb
DSP_LOP_SAVE FAIL restored_word12 got=ffcc want=fcc
DSP_LOP_SAVE FAIL restored_word13 got=ffcd want=fcd
DSP_LOP_SAVE FAIL restored_word14 got=ffce want=fce
DSP_LOP_SAVE FAIL restored_word15 got=ffcf want=fcf
DSP_LOP_SAVE FAIL restored_word16 got=ffd0 want=fd0
DSP_LOP_SAVE FAIL restored_word17 got=ffd1 want=fd1
DSP_LOP_SAVE FAIL restored_word18 got=ffd2 want=fd2
DSP_LOP_SAVE FAIL restored_word19 got=ffd3 want=fd3
DSP_LOP_SAVE FAIL restored_word20 got=ffd4 want=fd4
DSP_LOP_SAVE FAIL restored_word21 got=ffd5 want=fd5
DSP_LOP_SAVE FAIL restored_word22 got=ffd6 want=fd6
DSP_LOP_SAVE FAIL restored_word23 got=ffd7 want=fd7
DSP_LOP_SAVE FAIL restored_word24 got=ffd8 want=fd8
DSP_LOP_SAVE FAIL restored_word25 got=ffd9 want=fd9
DSP_LOP_SAVE FAIL restored_word26 got=ffda want=fda
DSP_LOP_SAVE FAIL restored_word27 got=ffdb want=fdb
DSP_LOP_SAVE FAIL restored_word28 got=ffdc want=fdc
DSP_LOP_SAVE FAIL restored_word29 got=ffdd want=fdd
DSP_LOP_SAVE FAIL restored_word30 got=ffde want=fde
DSP_LOP_SAVE FAIL restored_word31 got=ffdf want=fdf
DSP_LOP_SAVE FAIL restored_word32 got=ffe0 want=fe0
DSP_LOP_SAVE FAIL restored_word33 got=ffe1 want=fe1
DSP_LOP_SAVE FAIL restored_word34 got=ffe2 want=fe2
DSP_LOP_SAVE FAIL restored_word35 got=ffe3 want=fe3
DSP_LOP_SAVE FAIL restored_word36 got=ffe4 want=fe4
DSP_LOP_SAVE FAIL restored_word37 got=ffe5 want=fe5
DSP_LOP_SAVE FAIL restored_word38 got=ffe6 want=fe6
DSP_LOP_SAVE FAIL restored_word39 got=ffe7 want=fe7
DSP_LOP_SAVE FAIL restored_word40 got=ffe8 want=fe8
DSP_LOP_SAVE FAIL restored_word41 got=ffe9 want=fe9
DSP_LOP_SAVE FAIL restored_word42 got=ffea want=fea
DSP_LOP_SAVE FAIL restored_word43 got=ffeb want=feb
DSP_LOP_SAVE FAIL restored_word44 got=ffec want=fec
DSP_LOP_SAVE FAIL restored_word45 got=ffed want=fed
DSP_LOP_SAVE FAIL restored_word46 got=ffee want=fee
DSP_LOP_SAVE FAIL restored_word47 got=ffef want=fef
DSP_LOP_SAVE FAIL restored_word48 got=fff0 want=ff0
DSP_LOP_SAVE FAIL restored_word49 got=fff1 want=ff1
DSP_LOP_SAVE FAIL restored_word50 got=fff2 want=ff2
DSP_LOP_SAVE FAIL restored_word51 got=fff3 want=ff3
DSP_LOP_SAVE FAIL restored_word52 got=fff4 want=ff4
DSP_LOP_SAVE FAIL restored_word53 got=fff5 want=ff5
DSP_LOP_SAVE FAIL restored_word54 got=fff6 want=ff6
DSP_LOP_SAVE FAIL restored_word55 got=fff7 want=ff7
DSP_LOP_SAVE FAIL restored_word56 got=fff8 want=ff8
DSP_LOP_SAVE FAIL restored_word57 got=fff9 want=ff9
DSP_LOP_SAVE FAIL restored_word58 got=fffa want=ffa
DSP_LOP_SAVE FAIL restored_word59 got=fffb want=ffb
DSP_LOP_SAVE FAIL restored_word60 got=fffc want=ffc
DSP_LOP_SAVE FAIL restored_word61 got=fffd want=ffd
DSP_LOP_SAVE FAIL restored_word62 got=fffe want=ffe
DSP_LOP_SAVE FAIL restored_word63 got=ffff want=fff
DSP_LOP_SAVE FAIL restored_word64 got=10000 want=1000
Average speed: 243.31% (2 seconds)
