SCSP_FM hooked=true
SCSP_FM armed
SCSP_FM trace=base n=20480 peak=16384 edges=[2745:0,4792:1,6841:0,8888:1,10937:0,12984:1,15033:0,17080:1,19129:0] redges=[2745:0,4792:1,6841:0,8888:1,10937:0,12984:1,15033:0,17080:1,19129:0]
SCSP_FM trace=wbase n=40572 peak=16384 edges=[4352:0,12543:1,16640:0,24831:1,28928:0,37119:1] redges=[4352:0,12543:1,16640:0,24831:1,28928:0,37119:1]
SCSP_FM trace=m5 n=20286 peak=16384 edges=[2095:0,4142:1,6191:0,8238:1,10287:0,12334:1,14383:0,16430:1,18479:0] redges=[2127:0,4174:1,6223:0,8270:1,10319:0,12366:1,14415:0,16462:1,18511:0]
SCSP_FM trace=m6 n=20286 peak=16384 edges=[2504:0,4551:1,6600:0,8647:1,10696:0,12743:1,14792:0,16839:1,18888:0] redges=[2568:0,4615:1,6664:0,8711:1,10760:0,12807:1,14856:0,16903:1,18952:0]
SCSP_FM trace=m7 n=20286 peak=16384 edges=[1999:0,4046:1,6095:0,8142:1,10191:0,12238:1,14287:0,16334:1,18383:0] redges=[2127:0,4174:1,6223:0,8270:1,10319:0,12366:1,14415:0,16462:1,18511:0]
SCSP_FM trace=m8 n=20286 peak=16384 edges=[2312:0,4359:1,6408:0,8455:1,10504:0,12551:1,14600:0,16647:1,18696:0] redges=[2568:0,4615:1,6664:0,8711:1,10760:0,12807:1,14856:0,16903:1,18952:0]
SCSP_FM trace=m9 n=20286 peak=16384 edges=[1615:0,3662:1,5711:0,7758:1,9807:0,11854:1,13903:0,15950:1,17999:0,20046:1] redges=[2127:0,4174:1,6223:0,8270:1,10319:0,12366:1,14415:0,16462:1,18511:0]
SCSP_FM trace=mA n=20286 peak=16384 edges=[1544:0,3591:1,5640:0,7687:1,9736:0,11783:1,13832:0,15879:1,17928:0,19975:1] redges=[2568:0,4615:1,6664:0,8711:1,10760:0,12807:1,14856:0,16903:1,18952:0]
SCSP_FM trace=mA2 n=20286 peak=16384 edges=[111:0,2158:1,4207:0,6254:1,8303:0,10350:1,12399:0,14446:1,16495:0,18542:1] redges=[2127:0,4174:1,6223:0,8270:1,10319:0,12366:1,14415:0,16462:1,18511:0]
SCSP_FM trace=wrap3 n=20286 peak=16384 edges=[522:0,535:1,2584:0,4631:1,6680:0,8727:1,10776:0,12823:1,14872:0,16919:1,18968:0] redges=[2568:0,4615:1,6664:0,8711:1,10760:0,12807:1,14856:0,16903:1,18952:0]
SCSP_FM trace=wrap4 n=20286 peak=16384 edges=[81:0,110:1,2159:0,4206:1,6255:0,8302:1,10351:0,12398:1,14447:0,16494:1,18543:0] redges=[2127:0,4174:1,6223:0,8270:1,10319:0,12366:1,14415:0,16462:1,18511:0]
SCSP_FM trace=wrap5 n=20286 peak=16384 edges=[522:0,583:1,2632:0,4679:1,6728:0,8775:1,10824:0,12871:1,14920:0,16967:1,19016:0] redges=[2568:0,4615:1,6664:0,8711:1,10760:0,12807:1,14856:0,16903:1,18952:0]
SCSP_FM trace=wrap6 n=20286 peak=16384 edges=[81:0,206:1,2255:0,4302:1,6351:0,8398:1,10447:0,12494:1,14543:0,16590:1,18639:0] redges=[2127:0,4174:1,6223:0,8270:1,10319:0,12366:1,14415:0,16462:1,18511:0]
SCSP_FM trace=wrap7 n=20286 peak=16384 edges=[522:0,775:1,2824:0,4871:1,6920:0,8967:1,11016:0,13063:1,15112:0,17159:1,19208:0] redges=[2568:0,4615:1,6664:0,8711:1,10760:0,12807:1,14856:0,16903:1,18952:0]
SCSP_FM trace=wrap8 n=20286 peak=16384 edges=[81:0,590:1,2639:0,4686:1,6735:0,8782:1,10831:0,12878:1,14927:0,16974:1,19023:0] redges=[2127:0,4174:1,6223:0,8270:1,10319:0,12366:1,14415:0,16462:1,18511:0]
SCSP_FM trace=wrap9 n=20286 peak=16384 edges=[522:0,1543:1,3592:0,5639:1,7688:0,9735:1,11784:0,13831:1,15880:0,17927:1,19976:0] redges=[2568:0,4615:1,6664:0,8711:1,10760:0,12807:1,14856:0,16903:1,18952:0]
SCSP_FM trace=wrap9b n=20286 peak=16384 edges=[81:0,590:1,2639:0,4686:1,6735:0,8782:1,10831:0,12878:1,14927:0,16974:1,19023:0] redges=[2127:0,4174:1,6223:0,8270:1,10319:0,12366:1,14415:0,16462:1,18511:0]
SCSP_FM trace=deepB n=40960 peak=16384 edges=[1544:0,9735:1,13832:0,22023:1,26120:0,34311:1,38408:0] redges=[4616:0,12807:1,16904:0,25095:1,29192:0,37383:1]
SCSP_FM trace=boundA n=40572 peak=16384 edges=[345:1,346:0,375:1,4472:0,12663:1,16760:0,24951:1,29048:0,37239:1] redges=[345:1,4440:0,12631:1,16728:0,24919:1,29016:0,37207:1]
SCSP_FM trace=clipB n=40572 peak=16384 edges=[168:1,169:0,3238:1,7335:0,15526:1,19623:0,27814:1,31911:0,40102:1] redges=[168:1,4263:0,12454:1,16551:0,24742:1,28839:0,37030:1]
SCSP_FM trace=clipF n=40960 peak=16384 edges=[874:1,875:0,1896:1,5993:0,14184:1,18281:0,26472:1,30569:0,38760:1] redges=[874:1,4969:0,13160:1,17257:0,25448:1,29545:0,37736:1]
SCSP_FM trace=deepE n=40960 peak=16384 edges=[698:1,699:0,4792:1,8889:0,17080:1,21177:0,29368:1,33465:0] redges=[698:1,4793:0,12984:1,17081:0,25272:1,29369:0,37560:1]
SCSP_FM trace=halfA n=20286 peak=16384 edges=[345:1,522:0,1543:1,3592:0,5639:1,7688:0,9735:1,11784:0,13831:1,15880:0,17927:1,19976:0] redges=[345:1,2568:0,4615:1,6664:0,8711:1,10760:0,12807:1,14856:0,16903:1,18952:0]
SCSP_FM trace=injA n=20286 peak=16384 edges=[168:1,1207:0,3254:1,5303:0,7350:1,9399:0,11446:1,13495:0,15542:1,17591:0,19638:1] redges=[2215:0,4262:1,6311:0,8358:1,10407:0,12454:1,14503:0,16550:1,18599:0]
SCSP_FM trace=inj4 n=20480 peak=16384 edges=[519:0,521:1,2717:0,4764:1,6813:0,8860:1,10909:0,12956:1,15005:0,17052:1,19101:0] redges=[2745:0,4792:1,6841:0,8888:1,10937:0,12984:1,15033:0,17080:1,19129:0]
SCSP_FM trace=inj9 n=20286 peak=16384 edges=[1888:0,3935:1,5984:0,8031:1,10080:0,12127:1,14176:0,16223:1,18272:0] redges=[2392:0,4439:1,6488:0,8535:1,10584:0,12631:1,14680:0,16727:1,18776:0]
SCSP_FM trace=injC n=40960 peak=16384 edges=[3945:0,12136:1,16233:0,24424:1,28521:0,36712:1,40809:0] redges=[4969:0,13160:1,17257:0,25448:1,29545:0,37736:1]
SCSP_FM trace=injF n=40960 peak=16 edges=[609:1] redges=[786:1,4881:0,13072:1,17169:0,25360:1,29457:0,37648:1]
SCSP_FM done
Average speed: 204.55% (20 seconds)
