SMPC_MULTITAP armed
SMPC_MULTITAP FAIL case1_page1_SR got=c0 want=e0
SMPC_MULTITAP FAIL case1_byte32 got=10 want=df
SMPC_MULTITAP FAIL case1_byte33 got=16 want=2
SMPC_MULTITAP FAIL case1_byte34 got=2 want=fa
SMPC_MULTITAP FAIL case1_byte35 got=fb want=df
SMPC_MULTITAP FAIL case1_byte36 got=ff want=2
SMPC_MULTITAP FAIL case1_byte37 got=2 want=ff
SMPC_MULTITAP FAIL case1_byte38 got=fe want=9f
SMPC_MULTITAP FAIL case2_page1_SR got=c0 want=e0
SMPC_MULTITAP FAIL case2_byte32 got=10 want=df
SMPC_MULTITAP FAIL case2_byte33 got=16 want=2
SMPC_MULTITAP FAIL case2_byte34 got=2 want=fa
SMPC_MULTITAP FAIL case2_byte35 got=fb want=df
SMPC_MULTITAP FAIL case2_byte36 got=ff want=2
SMPC_MULTITAP FAIL case2_byte37 got=2 want=ff
SMPC_MULTITAP FAIL case2_byte38 got=fe want=9f
SMPC_MULTITAP FAIL case3_page1_SR got=c0 want=c3
SMPC_MULTITAP FAIL case3_byte3 got=fb want=fa
SMPC_MULTITAP FAIL case3_byte4 got=ff want=bf
SMPC_MULTITAP FAIL case3_byte6 got=fe want=ff
SMPC_MULTITAP FAIL case3_byte7 got=ff want=df
SMPC_MULTITAP FAIL case3_byte9 got=fa want=fb
SMPC_MULTITAP FAIL case3_byte10 got=ff want=df
SMPC_MULTITAP FAIL case3_byte12 got=ff want=fe
SMPC_MULTITAP FAIL case3_byte13 got=bf want=df
SMPC_MULTITAP FAIL case3_byte15 got=fb want=fa
SMPC_MULTITAP FAIL case3_byte16 got=bf want=df
SMPC_MULTITAP FAIL case3_byte18 got=fe want=ff
SMPC_MULTITAP FAIL case3_byte19 got=bf want=9f
SMPC_MULTITAP FAIL case4_page1_SR got=c0 want=c3
SMPC_MULTITAP FAIL case4_byte3 got=fb want=fa
SMPC_MULTITAP FAIL case4_byte4 got=ff want=bf
SMPC_MULTITAP FAIL case4_byte6 got=fe want=ff
SMPC_MULTITAP FAIL case4_byte7 got=ff want=df
SMPC_MULTITAP FAIL case4_byte9 got=fa want=fb
SMPC_MULTITAP FAIL case4_byte10 got=ff want=df
SMPC_MULTITAP FAIL case4_byte12 got=ff want=fe
SMPC_MULTITAP FAIL case4_byte13 got=bf want=df
SMPC_MULTITAP FAIL case4_byte15 got=fb want=fa
SMPC_MULTITAP FAIL case4_byte16 got=bf want=df
SMPC_MULTITAP FAIL case4_byte18 got=fe want=ff
SMPC_MULTITAP FAIL case4_byte19 got=bf want=9f
SMPC_MULTITAP FAIL case5_page1_SR got=c0 want=cc
SMPC_MULTITAP FAIL case6_page1_SR got=c0 want=cc
Average speed: 127.46% (2 seconds)
