SMPC_SAVE armed
SMPC_SAVE saved
SMPC_SAVE mutated
SMPC_SAVE loaded
SMPC_SAVE FAIL before_save_SR got=c0 want=e0
SMPC_SAVE FAIL before_save_byte32 got=10 want=df
SMPC_SAVE FAIL drained_byte1 got=16 want=2
SMPC_SAVE FAIL drained_byte2 got=2 want=fa
SMPC_SAVE FAIL drained_byte3 got=fb want=df
SMPC_SAVE FAIL drained_byte4 got=ff want=2
SMPC_SAVE FAIL drained_byte5 got=2 want=ff
SMPC_SAVE FAIL drained_byte6 got=fe want=9f
SMPC_SAVE FAIL drained_padding8 got=2 want=ff
SMPC_SAVE FAIL drained_padding9 got=fa want=ff
SMPC_SAVE FAIL drained_padding11 got=2 want=ff
SMPC_SAVE FAIL drained_padding13 got=bf want=ff
SMPC_SAVE FAIL drained_padding14 got=2 want=ff
SMPC_SAVE FAIL drained_padding15 got=fb want=ff
SMPC_SAVE FAIL drained_padding16 got=bf want=ff
SMPC_SAVE FAIL drained_padding17 got=2 want=ff
SMPC_SAVE FAIL drained_padding18 got=fe want=ff
SMPC_SAVE FAIL drained_padding19 got=bf want=ff
SMPC_SAVE FAIL drained_padding20 got=16 want=ff
SMPC_SAVE FAIL drained_padding21 got=2 want=ff
SMPC_SAVE FAIL drained_padding22 got=fa want=ff
SMPC_SAVE FAIL drained_padding23 got=bf want=ff
SMPC_SAVE FAIL drained_padding24 got=2 want=ff
SMPC_SAVE FAIL drained_padding26 got=df want=ff
SMPC_SAVE FAIL drained_padding27 got=2 want=ff
SMPC_SAVE FAIL drained_padding28 got=fb want=ff
SMPC_SAVE FAIL drained_padding29 got=df want=ff
SMPC_SAVE FAIL drained_padding30 got=2 want=ff
SMPC_SAVE FAIL drained_padding31 got=fe want=ff
SMPC_SAVE FAIL changed_snapshot_SR got=c0 want=e0
SMPC_SAVE FAIL changed_snapshot_byte32 got=10 want=bf
SMPC_SAVE FAIL zero_byte_SR got=c0 want=cf
SMPC_SAVE FAIL restored_first_SR got=c0 want=e0
SMPC_SAVE FAIL restored_first_byte32 got=10 want=df
SMPC_SAVE FAIL restored_tail_byte1 got=16 want=2
SMPC_SAVE FAIL restored_tail_byte2 got=2 want=fa
SMPC_SAVE FAIL restored_tail_byte3 got=fe want=df
SMPC_SAVE FAIL restored_tail_byte4 got=9f want=2
SMPC_SAVE FAIL restored_tail_byte5 got=2 want=ff
SMPC_SAVE FAIL restored_tail_byte6 got=fb want=9f
SMPC_SAVE FAIL restored_tail_padding7 got=9f want=ff
SMPC_SAVE FAIL restored_tail_padding8 got=2 want=ff
SMPC_SAVE FAIL restored_tail_padding10 got=9f want=ff
SMPC_SAVE FAIL restored_tail_padding11 got=2 want=ff
SMPC_SAVE FAIL restored_tail_padding12 got=fa want=ff
SMPC_SAVE FAIL restored_tail_padding13 got=df want=ff
SMPC_SAVE FAIL restored_tail_padding14 got=2 want=ff
SMPC_SAVE FAIL restored_tail_padding15 got=fe want=ff
SMPC_SAVE FAIL restored_tail_padding16 got=df want=ff
SMPC_SAVE FAIL restored_tail_padding17 got=2 want=ff
SMPC_SAVE FAIL restored_tail_padding18 got=fb want=ff
SMPC_SAVE FAIL restored_tail_padding19 got=df want=ff
SMPC_SAVE FAIL restored_tail_padding20 got=16 want=ff
SMPC_SAVE FAIL restored_tail_padding21 got=2 want=ff
SMPC_SAVE FAIL restored_tail_padding23 got=df want=ff
SMPC_SAVE FAIL restored_tail_padding24 got=2 want=ff
SMPC_SAVE FAIL restored_tail_padding25 got=fa want=ff
SMPC_SAVE FAIL restored_tail_padding26 got=bf want=ff
SMPC_SAVE FAIL restored_tail_padding27 got=2 want=ff
SMPC_SAVE FAIL restored_tail_padding28 got=fe want=ff
SMPC_SAVE FAIL restored_tail_padding29 got=bf want=ff
SMPC_SAVE FAIL restored_tail_padding30 got=2 want=ff
SMPC_SAVE FAIL restored_tail_padding31 got=fb want=ff
Average speed: 134.99% (2 seconds)
