SCSP_MIDI_FIFO armed
SCSP_MIDI_FIFO FAIL reset_status got=0 want=900
SCSP_MIDI_FIFO FAIL prime_status got=0 want=900
SCSP_MIDI_FIFO FAIL idle_status1 got=0 want=900
SCSP_MIDI_FIFO FAIL idle_mobuf_zero1 got=5a want=0
SCSP_MIDI_FIFO FAIL one_status1 got=0 want=100
SCSP_MIDI_FIFO FAIL one_drained_status1 got=0 want=900
SCSP_MIDI_FIFO FAIL full_status1 got=0 want=1100
SCSP_MIDI_FIFO FAIL fifth_status1 got=0 want=1100
SCSP_MIDI_FIFO FAIL fifth_mobuf_zero1 got=5 want=0
SCSP_MIDI_FIFO FAIL four_frame_window1 got=0 want=1
SCSP_MIDI_FIFO FAIL full_drained_status1 got=0 want=900
SCSP_MIDI_FIFO FAIL idle_status2 got=0 want=900
SCSP_MIDI_FIFO FAIL idle_mobuf_zero2 got=5 want=0
SCSP_MIDI_FIFO FAIL one_status2 got=0 want=100
SCSP_MIDI_FIFO FAIL one_drained_status2 got=0 want=900
SCSP_MIDI_FIFO FAIL full_status2 got=0 want=1100
SCSP_MIDI_FIFO FAIL fifth_status2 got=0 want=1100
SCSP_MIDI_FIFO FAIL fifth_mobuf_zero2 got=5f want=0
SCSP_MIDI_FIFO FAIL four_frame_window2 got=0 want=1
SCSP_MIDI_FIFO FAIL full_drained_status2 got=0 want=900
SCSP_MIDI_FIFO FAIL idle_status3 got=0 want=900
SCSP_MIDI_FIFO FAIL idle_mobuf_zero3 got=5f want=0
SCSP_MIDI_FIFO FAIL one_status3 got=0 want=100
SCSP_MIDI_FIFO FAIL one_drained_status3 got=0 want=900
SCSP_MIDI_FIFO FAIL full_status3 got=0 want=1100
SCSP_MIDI_FIFO FAIL fifth_status3 got=0 want=1100
SCSP_MIDI_FIFO FAIL fifth_mobuf_zero3 got=aa want=0
SCSP_MIDI_FIFO FAIL four_frame_window3 got=0 want=1
SCSP_MIDI_FIFO FAIL full_drained_status3 got=0 want=900
SCSP_MIDI_FIFO FAIL idle_status4 got=0 want=900
SCSP_MIDI_FIFO FAIL idle_mobuf_zero4 got=aa want=0
SCSP_MIDI_FIFO FAIL one_status4 got=0 want=100
SCSP_MIDI_FIFO FAIL one_drained_status4 got=0 want=900
SCSP_MIDI_FIFO FAIL full_status4 got=0 want=1100
SCSP_MIDI_FIFO FAIL fifth_status4 got=0 want=1100
SCSP_MIDI_FIFO FAIL fifth_mobuf_zero4 got=4 want=0
SCSP_MIDI_FIFO FAIL four_frame_window4 got=0 want=1
SCSP_MIDI_FIFO FAIL full_drained_status4 got=0 want=900
SCSP_MIDI_FIFO FAIL idle_status5 got=0 want=900
SCSP_MIDI_FIFO FAIL idle_mobuf_zero5 got=4 want=0
SCSP_MIDI_FIFO FAIL lane_status5 got=0 want=900
SCSP_MIDI_FIFO FAIL lane_status_later5 got=0 want=900
SCSP_MIDI_FIFO FAIL lane_full_status5 got=0 want=900
SCSP_MIDI_FIFO FAIL idle_status6 got=0 want=900
SCSP_MIDI_FIFO FAIL idle_mobuf_zero6 got=504 want=0
SCSP_MIDI_FIFO FAIL lane_status6 got=0 want=900
SCSP_MIDI_FIFO FAIL lane_status_later6 got=0 want=900
SCSP_MIDI_FIFO FAIL lane_full_status6 got=0 want=900
SCSP_MIDI_FIFO FAIL idle_status7 got=0 want=900
SCSP_MIDI_FIFO FAIL idle_mobuf_zero7 got=5f04 want=0
SCSP_MIDI_FIFO FAIL lane_status7 got=0 want=900
SCSP_MIDI_FIFO FAIL lane_status_later7 got=0 want=900
SCSP_MIDI_FIFO FAIL lane_full_status7 got=0 want=900
SCSP_MIDI_FIFO FAIL idle_status8 got=0 want=900
SCSP_MIDI_FIFO FAIL idle_mobuf_zero8 got=aa04 want=0
SCSP_MIDI_FIFO FAIL lane_status8 got=0 want=900
SCSP_MIDI_FIFO FAIL lane_status_later8 got=0 want=900
SCSP_MIDI_FIFO FAIL lane_full_status8 got=0 want=900
SCSP_MIDI_FIFO FAIL idle_status9 got=0 want=900
SCSP_MIDI_FIFO FAIL idle_mobuf_zero9 got=404 want=0
SCSP_MIDI_FIFO FAIL one_status9 got=0 want=100
SCSP_MIDI_FIFO FAIL one_drained_status9 got=0 want=900
SCSP_MIDI_FIFO FAIL full_status9 got=0 want=1100
SCSP_MIDI_FIFO FAIL fifth_status9 got=0 want=1100
SCSP_MIDI_FIFO FAIL fifth_mobuf_zero9 got=405 want=0
SCSP_MIDI_FIFO FAIL four_frame_window9 got=0 want=1
SCSP_MIDI_FIFO FAIL full_drained_status9 got=0 want=900
SCSP_MIDI_FIFO FAIL idle_status10 got=0 want=900
SCSP_MIDI_FIFO FAIL idle_mobuf_zero10 got=405 want=0
SCSP_MIDI_FIFO FAIL one_status10 got=0 want=100
SCSP_MIDI_FIFO FAIL one_drained_status10 got=0 want=900
SCSP_MIDI_FIFO FAIL full_status10 got=0 want=1100
SCSP_MIDI_FIFO FAIL fifth_status10 got=0 want=1100
SCSP_MIDI_FIFO FAIL fifth_mobuf_zero10 got=45f want=0
SCSP_MIDI_FIFO FAIL four_frame_window10 got=0 want=1
SCSP_MIDI_FIFO FAIL full_drained_status10 got=0 want=900
SCSP_MIDI_FIFO FAIL idle_status11 got=0 want=900
SCSP_MIDI_FIFO FAIL idle_mobuf_zero11 got=45f want=0
SCSP_MIDI_FIFO FAIL one_status11 got=0 want=100
SCSP_MIDI_FIFO FAIL one_drained_status11 got=0 want=900
SCSP_MIDI_FIFO FAIL full_status11 got=0 want=1100
SCSP_MIDI_FIFO FAIL fifth_status11 got=0 want=1100
SCSP_MIDI_FIFO FAIL fifth_mobuf_zero11 got=4aa want=0
SCSP_MIDI_FIFO FAIL four_frame_window11 got=0 want=1
SCSP_MIDI_FIFO FAIL full_drained_status11 got=0 want=900
SCSP_MIDI_FIFO FAIL idle_status12 got=0 want=900
SCSP_MIDI_FIFO FAIL idle_mobuf_zero12 got=4aa want=0
SCSP_MIDI_FIFO FAIL one_status12 got=0 want=100
SCSP_MIDI_FIFO FAIL one_drained_status12 got=0 want=900
SCSP_MIDI_FIFO FAIL full_status12 got=0 want=1100
SCSP_MIDI_FIFO FAIL fifth_status12 got=0 want=1100
SCSP_MIDI_FIFO FAIL fifth_mobuf_zero12 got=404 want=0
SCSP_MIDI_FIFO FAIL four_frame_window12 got=0 want=1
SCSP_MIDI_FIFO FAIL full_drained_status12 got=0 want=900
SCSP_MIDI_FIFO FAIL idle_status13 got=0 want=900
SCSP_MIDI_FIFO FAIL idle_mobuf_zero13 got=404 want=0
SCSP_MIDI_FIFO FAIL one_status13 got=0 want=100
SCSP_MIDI_FIFO FAIL one_drained_status13 got=0 want=900
SCSP_MIDI_FIFO FAIL full_status13 got=0 want=1100
SCSP_MIDI_FIFO FAIL fifth_status13 got=0 want=1100
SCSP_MIDI_FIFO FAIL fifth_mobuf_zero13 got=5 want=0
SCSP_MIDI_FIFO FAIL four_frame_window13 got=0 want=1
SCSP_MIDI_FIFO FAIL full_drained_status13 got=0 want=900
SCSP_MIDI_FIFO FAIL idle_status14 got=0 want=900
SCSP_MIDI_FIFO FAIL idle_mobuf_zero14 got=5 want=0
SCSP_MIDI_FIFO FAIL one_status14 got=0 want=100
SCSP_MIDI_FIFO FAIL one_drained_status14 got=0 want=900
SCSP_MIDI_FIFO FAIL full_status14 got=0 want=1100
SCSP_MIDI_FIFO FAIL fifth_status14 got=0 want=1100
SCSP_MIDI_FIFO FAIL fifth_mobuf_zero14 got=5f want=0
SCSP_MIDI_FIFO FAIL four_frame_window14 got=0 want=1
SCSP_MIDI_FIFO FAIL full_drained_status14 got=0 want=900
SCSP_MIDI_FIFO FAIL idle_status15 got=0 want=900
SCSP_MIDI_FIFO FAIL idle_mobuf_zero15 got=5f want=0
SCSP_MIDI_FIFO FAIL one_status15 got=0 want=100
SCSP_MIDI_FIFO FAIL one_drained_status15 got=0 want=900
SCSP_MIDI_FIFO FAIL full_status15 got=0 want=1100
SCSP_MIDI_FIFO FAIL fifth_status15 got=0 want=1100
SCSP_MIDI_FIFO FAIL fifth_mobuf_zero15 got=aa want=0
SCSP_MIDI_FIFO FAIL four_frame_window15 got=0 want=1
SCSP_MIDI_FIFO FAIL full_drained_status15 got=0 want=900
SCSP_MIDI_FIFO FAIL idle_status16 got=0 want=900
SCSP_MIDI_FIFO FAIL idle_mobuf_zero16 got=aa want=0
SCSP_MIDI_FIFO FAIL one_status16 got=0 want=100
SCSP_MIDI_FIFO FAIL one_drained_status16 got=0 want=900
SCSP_MIDI_FIFO FAIL full_status16 got=0 want=1100
SCSP_MIDI_FIFO FAIL fifth_status16 got=0 want=1100
SCSP_MIDI_FIFO FAIL fifth_mobuf_zero16 got=4 want=0
SCSP_MIDI_FIFO FAIL four_frame_window16 got=0 want=1
SCSP_MIDI_FIFO FAIL full_drained_status16 got=0 want=900
SCSP_MIDI_FIFO FAIL idle_status17 got=0 want=900
SCSP_MIDI_FIFO FAIL idle_mobuf_zero17 got=4 want=0
SCSP_MIDI_FIFO FAIL lane_status17 got=0 want=900
SCSP_MIDI_FIFO FAIL lane_status_later17 got=0 want=900
SCSP_MIDI_FIFO FAIL lane_full_status17 got=0 want=900
SCSP_MIDI_FIFO FAIL idle_status18 got=0 want=900
SCSP_MIDI_FIFO FAIL idle_mobuf_zero18 got=504 want=0
SCSP_MIDI_FIFO FAIL lane_status18 got=0 want=900
SCSP_MIDI_FIFO FAIL lane_status_later18 got=0 want=900
SCSP_MIDI_FIFO FAIL lane_full_status18 got=0 want=900
SCSP_MIDI_FIFO FAIL idle_status19 got=0 want=900
SCSP_MIDI_FIFO FAIL idle_mobuf_zero19 got=5f04 want=0
SCSP_MIDI_FIFO FAIL lane_status19 got=0 want=900
SCSP_MIDI_FIFO FAIL lane_status_later19 got=0 want=900
SCSP_MIDI_FIFO FAIL lane_full_status19 got=0 want=900
SCSP_MIDI_FIFO FAIL idle_status20 got=0 want=900
SCSP_MIDI_FIFO FAIL idle_mobuf_zero20 got=aa04 want=0
SCSP_MIDI_FIFO FAIL lane_status20 got=0 want=900
SCSP_MIDI_FIFO FAIL lane_status_later20 got=0 want=900
SCSP_MIDI_FIFO FAIL lane_full_status20 got=0 want=900
SCSP_MIDI_FIFO FAIL idle_status21 got=0 want=900
SCSP_MIDI_FIFO FAIL idle_mobuf_zero21 got=404 want=0
SCSP_MIDI_FIFO FAIL one_status21 got=0 want=100
SCSP_MIDI_FIFO FAIL one_drained_status21 got=0 want=900
SCSP_MIDI_FIFO FAIL full_status21 got=0 want=1100
SCSP_MIDI_FIFO FAIL fifth_status21 got=0 want=1100
SCSP_MIDI_FIFO FAIL fifth_mobuf_zero21 got=405 want=0
SCSP_MIDI_FIFO FAIL four_frame_window21 got=0 want=1
SCSP_MIDI_FIFO FAIL full_drained_status21 got=0 want=900
SCSP_MIDI_FIFO FAIL idle_status22 got=0 want=900
SCSP_MIDI_FIFO FAIL idle_mobuf_zero22 got=405 want=0
SCSP_MIDI_FIFO FAIL one_status22 got=0 want=100
SCSP_MIDI_FIFO FAIL one_drained_status22 got=0 want=900
SCSP_MIDI_FIFO FAIL full_status22 got=0 want=1100
SCSP_MIDI_FIFO FAIL fifth_status22 got=0 want=1100
SCSP_MIDI_FIFO FAIL fifth_mobuf_zero22 got=45f want=0
SCSP_MIDI_FIFO FAIL four_frame_window22 got=0 want=1
SCSP_MIDI_FIFO FAIL full_drained_status22 got=0 want=900
SCSP_MIDI_FIFO FAIL idle_status23 got=0 want=900
SCSP_MIDI_FIFO FAIL idle_mobuf_zero23 got=45f want=0
SCSP_MIDI_FIFO FAIL one_status23 got=0 want=100
SCSP_MIDI_FIFO FAIL one_drained_status23 got=0 want=900
SCSP_MIDI_FIFO FAIL full_status23 got=0 want=1100
SCSP_MIDI_FIFO FAIL fifth_status23 got=0 want=1100
SCSP_MIDI_FIFO FAIL fifth_mobuf_zero23 got=4aa want=0
SCSP_MIDI_FIFO FAIL four_frame_window23 got=0 want=1
SCSP_MIDI_FIFO FAIL full_drained_status23 got=0 want=900
SCSP_MIDI_FIFO FAIL idle_status24 got=0 want=900
SCSP_MIDI_FIFO FAIL idle_mobuf_zero24 got=4aa want=0
SCSP_MIDI_FIFO FAIL one_status24 got=0 want=100
SCSP_MIDI_FIFO FAIL one_drained_status24 got=0 want=900
SCSP_MIDI_FIFO FAIL full_status24 got=0 want=1100
SCSP_MIDI_FIFO FAIL fifth_status24 got=0 want=1100
SCSP_MIDI_FIFO FAIL fifth_mobuf_zero24 got=404 want=0
SCSP_MIDI_FIFO FAIL four_frame_window24 got=0 want=1
SCSP_MIDI_FIFO FAIL full_drained_status24 got=0 want=900
Average speed: 125.36% (2 seconds)
