DSP_DMA armed
DSP_DMA case=5 PASS
DSP_DMA case=6 PASS
DSP_DMA case=7 PASS
DSP_DMA case=8 PASS
DSP_DMA FAIL case1_offset0 got=2468 want=ace0
DSP_DMA FAIL case1_offset2 got=ace0 want=beef
DSP_DMA FAIL case2_offset0 got=2468 want=ace0
DSP_DMA FAIL case2_offset2 got=ace0 want=beef
DSP_DMA FAIL case3_offset0 got=2468 want=ace0
DSP_DMA FAIL case3_offset2 got=ace0 want=beef
DSP_DMA FAIL case4_offset0 got=2468 want=ace0
DSP_DMA FAIL case4_offset2 got=ace0 want=beef
DSP_DMA FAIL case9_offset2 got=abcd want=beef
DSP_DMA FAIL case9_offset4 got=5678 want=abcd
DSP_DMA FAIL case9_offset6 got=dcba want=beef
DSP_DMA FAIL case9_offset8 got=2468 want=5678
DSP_DMA FAIL case9_offset10 got=ace0 want=beef
DSP_DMA FAIL case9_offset12 got=beef want=dcba
DSP_DMA FAIL case9_offset16 got=beef want=2468
DSP_DMA FAIL case9_offset20 got=beef want=ace0
DSP_DMA FAIL case10_offset2 got=abcd want=beef
DSP_DMA FAIL case10_offset4 got=5678 want=abcd
DSP_DMA FAIL case10_offset6 got=dcba want=beef
DSP_DMA FAIL case10_offset8 got=2468 want=5678
DSP_DMA FAIL case10_offset10 got=ace0 want=beef
DSP_DMA FAIL case10_offset12 got=beef want=dcba
DSP_DMA FAIL case10_offset16 got=beef want=2468
DSP_DMA FAIL case10_offset20 got=beef want=ace0
DSP_DMA FAIL case11_offset2 got=abcd want=beef
DSP_DMA FAIL case11_offset4 got=5678 want=abcd
DSP_DMA FAIL case11_offset6 got=dcba want=beef
DSP_DMA FAIL case11_offset8 got=2468 want=5678
DSP_DMA FAIL case11_offset10 got=ace0 want=beef
DSP_DMA FAIL case11_offset12 got=beef want=dcba
DSP_DMA FAIL case11_offset16 got=beef want=2468
DSP_DMA FAIL case11_offset20 got=beef want=ace0
DSP_DMA FAIL case12_offset2 got=abcd want=beef
DSP_DMA FAIL case12_offset4 got=5678 want=abcd
DSP_DMA FAIL case12_offset6 got=dcba want=beef
DSP_DMA FAIL case12_offset8 got=2468 want=5678
DSP_DMA FAIL case12_offset10 got=ace0 want=beef
DSP_DMA FAIL case12_offset12 got=beef want=dcba
DSP_DMA FAIL case12_offset16 got=beef want=2468
DSP_DMA FAIL case12_offset20 got=beef want=ace0
DSP_DMA FAIL case13_offset2 got=abcd want=beef
DSP_DMA FAIL case13_offset8 got=beef want=abcd
DSP_DMA FAIL case13_offset18 got=dcba want=beef
DSP_DMA FAIL case13_offset24 got=beef want=dcba
DSP_DMA FAIL case13_offset34 got=ace0 want=beef
DSP_DMA FAIL case13_offset40 got=beef want=ace0
DSP_DMA FAIL case14_offset2 got=abcd want=beef
DSP_DMA FAIL case14_offset8 got=beef want=abcd
DSP_DMA FAIL case14_offset18 got=dcba want=beef
DSP_DMA FAIL case14_offset24 got=beef want=dcba
DSP_DMA FAIL case14_offset34 got=ace0 want=beef
DSP_DMA FAIL case14_offset40 got=beef want=ace0
DSP_DMA FAIL case15_offset2 got=abcd want=beef
DSP_DMA FAIL case15_offset4 got=5678 want=beef
DSP_DMA FAIL case15_offset6 got=dcba want=beef
DSP_DMA FAIL case15_offset8 got=2468 want=abcd
DSP_DMA FAIL case15_offset10 got=ace0 want=beef
DSP_DMA FAIL case15_offset16 got=beef want=5678
DSP_DMA FAIL case15_offset24 got=beef want=dcba
DSP_DMA FAIL case15_offset32 got=beef want=2468
DSP_DMA FAIL case15_offset40 got=beef want=ace0
DSP_DMA FAIL case16_offset2 got=abcd want=beef
DSP_DMA FAIL case16_offset4 got=5678 want=beef
DSP_DMA FAIL case16_offset6 got=dcba want=beef
DSP_DMA FAIL case16_offset8 got=2468 want=abcd
DSP_DMA FAIL case16_offset10 got=ace0 want=beef
DSP_DMA FAIL case16_offset16 got=beef want=5678
DSP_DMA FAIL case16_offset24 got=beef want=dcba
DSP_DMA FAIL case16_offset32 got=beef want=2468
DSP_DMA FAIL case16_offset40 got=beef want=ace0
DSP_DMA FAIL case17_offset2 got=abcd want=beef
DSP_DMA FAIL case17_offset16 got=5678 want=abcd
DSP_DMA FAIL case17_offset18 got=dcba want=beef
DSP_DMA FAIL case17_offset32 got=2468 want=5678
DSP_DMA FAIL case17_offset34 got=ace0 want=beef
DSP_DMA FAIL case17_offset48 got=beef want=dcba
DSP_DMA FAIL case17_offset64 got=beef want=2468
DSP_DMA FAIL case17_offset80 got=beef want=ace0
DSP_DMA FAIL case18_offset2 got=abcd want=beef
DSP_DMA FAIL case18_offset16 got=5678 want=abcd
DSP_DMA FAIL case18_offset18 got=dcba want=beef
DSP_DMA FAIL case18_offset32 got=2468 want=5678
DSP_DMA FAIL case18_offset34 got=ace0 want=beef
DSP_DMA FAIL case18_offset48 got=beef want=dcba
DSP_DMA FAIL case18_offset64 got=beef want=2468
DSP_DMA FAIL case18_offset80 got=beef want=ace0
DSP_DMA FAIL case19_offset2 got=abcd want=beef
DSP_DMA FAIL case19_offset4 got=5678 want=beef
DSP_DMA FAIL case19_offset6 got=dcba want=beef
DSP_DMA FAIL case19_offset8 got=2468 want=beef
DSP_DMA FAIL case19_offset10 got=ace0 want=beef
DSP_DMA FAIL case19_offset16 got=beef want=abcd
DSP_DMA FAIL case19_offset32 got=beef want=5678
DSP_DMA FAIL case19_offset48 got=beef want=dcba
DSP_DMA FAIL case19_offset64 got=beef want=2468
DSP_DMA FAIL case19_offset80 got=beef want=ace0
DSP_DMA FAIL case20_offset2 got=abcd want=beef
DSP_DMA FAIL case20_offset4 got=5678 want=beef
DSP_DMA FAIL case20_offset6 got=dcba want=beef
DSP_DMA FAIL case20_offset8 got=2468 want=beef
DSP_DMA FAIL case20_offset10 got=ace0 want=beef
DSP_DMA FAIL case20_offset16 got=beef want=abcd
DSP_DMA FAIL case20_offset32 got=beef want=5678
DSP_DMA FAIL case20_offset48 got=beef want=dcba
DSP_DMA FAIL case20_offset64 got=beef want=2468
DSP_DMA FAIL case20_offset80 got=beef want=ace0
DSP_DMA FAIL case21_offset2 got=abcd want=beef
DSP_DMA FAIL case21_offset32 got=beef want=abcd
DSP_DMA FAIL case21_offset66 got=dcba want=beef
DSP_DMA FAIL case21_offset96 got=beef want=dcba
DSP_DMA FAIL case21_offset130 got=ace0 want=beef
DSP_DMA FAIL case21_offset160 got=beef want=ace0
DSP_DMA FAIL case22_offset2 got=abcd want=beef
DSP_DMA FAIL case22_offset32 got=beef want=abcd
DSP_DMA FAIL case22_offset66 got=dcba want=beef
DSP_DMA FAIL case22_offset96 got=beef want=dcba
DSP_DMA FAIL case22_offset130 got=ace0 want=beef
DSP_DMA FAIL case22_offset160 got=beef want=ace0
DSP_DMA FAIL case23_offset2 got=abcd want=beef
DSP_DMA FAIL case23_offset4 got=5678 want=beef
DSP_DMA FAIL case23_offset6 got=dcba want=beef
DSP_DMA FAIL case23_offset8 got=2468 want=beef
DSP_DMA FAIL case23_offset10 got=ace0 want=beef
DSP_DMA FAIL case23_offset32 got=beef want=abcd
DSP_DMA FAIL case23_offset64 got=beef want=5678
DSP_DMA FAIL case23_offset96 got=beef want=dcba
DSP_DMA FAIL case23_offset128 got=beef want=2468
DSP_DMA FAIL case23_offset160 got=beef want=ace0
DSP_DMA FAIL case24_offset2 got=abcd want=beef
DSP_DMA FAIL case24_offset4 got=5678 want=beef
DSP_DMA FAIL case24_offset6 got=dcba want=beef
DSP_DMA FAIL case24_offset8 got=2468 want=beef
DSP_DMA FAIL case24_offset10 got=ace0 want=beef
DSP_DMA FAIL case24_offset32 got=beef want=abcd
DSP_DMA FAIL case24_offset64 got=beef want=5678
DSP_DMA FAIL case24_offset96 got=beef want=dcba
DSP_DMA FAIL case24_offset128 got=beef want=2468
DSP_DMA FAIL case24_offset160 got=beef want=ace0
DSP_DMA FAIL case25_offset2 got=abcd want=beef
DSP_DMA FAIL case25_offset64 got=beef want=abcd
DSP_DMA FAIL case25_offset130 got=dcba want=beef
DSP_DMA FAIL case25_offset192 got=beef want=dcba
DSP_DMA FAIL case25_offset258 got=ace0 want=beef
DSP_DMA FAIL case25_offset320 got=beef want=ace0
DSP_DMA FAIL case26_offset2 got=abcd want=beef
DSP_DMA FAIL case26_offset64 got=beef want=abcd
DSP_DMA FAIL case26_offset130 got=dcba want=beef
DSP_DMA FAIL case26_offset192 got=beef want=dcba
DSP_DMA FAIL case26_offset258 got=ace0 want=beef
DSP_DMA FAIL case26_offset320 got=beef want=ace0
DSP_DMA FAIL case27_offset2 got=abcd want=beef
DSP_DMA FAIL case27_offset4 got=5678 want=beef
DSP_DMA FAIL case27_offset6 got=dcba want=beef
DSP_DMA FAIL case27_offset8 got=2468 want=beef
DSP_DMA FAIL case27_offset10 got=ace0 want=beef
DSP_DMA FAIL case27_offset64 got=beef want=abcd
DSP_DMA FAIL case27_offset128 got=beef want=5678
DSP_DMA FAIL case27_offset192 got=beef want=dcba
DSP_DMA FAIL case27_offset256 got=beef want=2468
DSP_DMA FAIL case27_offset320 got=beef want=ace0
DSP_DMA FAIL case28_offset2 got=abcd want=beef
DSP_DMA FAIL case28_offset4 got=5678 want=beef
DSP_DMA FAIL case28_offset6 got=dcba want=beef
DSP_DMA FAIL case28_offset8 got=2468 want=beef
DSP_DMA FAIL case28_offset10 got=ace0 want=beef
DSP_DMA FAIL case28_offset64 got=beef want=abcd
DSP_DMA FAIL case28_offset128 got=beef want=5678
DSP_DMA FAIL case28_offset192 got=beef want=dcba
DSP_DMA FAIL case28_offset256 got=beef want=2468
DSP_DMA FAIL case28_offset320 got=beef want=ace0
DSP_DMA FAIL case29_offset2 got=abcd want=beef
DSP_DMA FAIL case29_offset128 got=beef want=abcd
DSP_DMA FAIL case29_offset258 got=dcba want=beef
DSP_DMA FAIL case29_offset384 got=beef want=dcba
DSP_DMA FAIL case29_offset514 got=ace0 want=beef
DSP_DMA FAIL case29_offset640 got=beef want=ace0
DSP_DMA FAIL case30_offset2 got=abcd want=beef
DSP_DMA FAIL case30_offset128 got=beef want=abcd
DSP_DMA FAIL case30_offset258 got=dcba want=beef
DSP_DMA FAIL case30_offset384 got=beef want=dcba
DSP_DMA FAIL case30_offset514 got=ace0 want=beef
DSP_DMA FAIL case30_offset640 got=beef want=ace0
DSP_DMA FAIL case31_offset2 got=abcd want=beef
DSP_DMA FAIL case31_offset4 got=5678 want=beef
DSP_DMA FAIL case31_offset6 got=dcba want=beef
DSP_DMA FAIL case31_offset8 got=2468 want=beef
DSP_DMA FAIL case31_offset10 got=ace0 want=beef
DSP_DMA FAIL case31_offset128 got=beef want=abcd
DSP_DMA FAIL case31_offset256 got=beef want=5678
DSP_DMA FAIL case31_offset384 got=beef want=dcba
DSP_DMA FAIL case31_offset512 got=beef want=2468
DSP_DMA FAIL case31_offset640 got=beef want=ace0
DSP_DMA FAIL case32_offset2 got=abcd want=beef
DSP_DMA FAIL case32_offset4 got=5678 want=beef
DSP_DMA FAIL case32_offset6 got=dcba want=beef
DSP_DMA FAIL case32_offset8 got=2468 want=beef
DSP_DMA FAIL case32_offset10 got=ace0 want=beef
DSP_DMA FAIL case32_offset128 got=beef want=abcd
DSP_DMA FAIL case32_offset256 got=beef want=5678
DSP_DMA FAIL case32_offset384 got=beef want=dcba
DSP_DMA FAIL case32_offset512 got=beef want=2468
DSP_DMA FAIL case32_offset640 got=beef want=ace0
Average speed: 134.79% (2 seconds)
