SCSP_LFO hooked=true
SCSP_LFO armed
SCSP_LFO calibrate n=4410 min=0.500000 max=0.500000 mean=0.500000 rough=0.000000 trans=0 t=[] w=[]
SCSP_LFO amp lfof=0 n=336924 min=0.031250 max=0.500000 mean=0.211700 rough=0.000003 trans=2 t=[123255,252957] w=[]
SCSP_LFO amp lfof=1 n=301644 min=0.031250 max=0.500000 mean=0.211598 rough=0.000003 trans=2 t=[109608,225663] w=[]
SCSP_LFO amp lfof=2 n=249606 min=0.031250 max=0.500000 mean=0.211290 rough=0.000004 trans=2 t=[90084,185954] w=[]
SCSP_LFO amp lfof=3 n=211680 min=0.031250 max=0.500000 mean=0.212093 rough=0.000004 trans=2 t=[75218,156884] w=[]
SCSP_LFO amp lfof=4 n=168462 min=0.031250 max=0.500000 mean=0.211705 rough=0.000006 trans=2 t=[58715,123568] w=[]
SCSP_LFO amp lfof=5 n=147294 min=0.031250 max=0.500000 mean=0.211177 rough=0.000006 trans=2 t=[50224,106762] w=[]
SCSP_LFO amp lfof=6 n=127890 min=0.031250 max=0.500000 mean=0.210848 rough=0.000007 trans=2 t=[42950,91950] w=[]
SCSP_LFO amp lfof=7 n=104076 min=0.031250 max=0.500000 mean=0.211817 rough=0.000009 trans=2 t=[34085,74176] w=[]
SCSP_LFO amp lfof=8 n=84672 min=0.031250 max=0.500000 mean=0.210768 rough=0.000011 trans=2 t=[26244,58671] w=[]
SCSP_LFO amp lfof=9 n=74088 min=0.031250 max=0.500000 mean=0.210106 rough=0.000013 trans=2 t=[22263,50532] w=[]
SCSP_LFO amp lfof=10 n=62622 min=0.031250 max=0.500000 mean=0.210652 rough=0.000015 trans=2 t=[17917,41884] w=[]
SCSP_LFO amp lfof=11 n=52920 min=0.031250 max=0.500000 mean=0.208803 rough=0.000018 trans=2 t=[14260,34305] w=[]
SCSP_LFO amp lfof=12 n=41454 min=0.031250 max=0.500000 mean=0.210624 rough=0.000023 trans=2 t=[9813,25676] w=[]
SCSP_LFO amp lfof=13 n=35280 min=0.031250 max=0.500000 mean=0.221221 rough=0.000040 trans=3 t=[7202,20983,34764] w=[]
SCSP_LFO amp lfof=14 n=30870 min=0.031250 max=0.500000 mean=0.238460 rough=0.000046 trans=3 t=[5433,17224,29016] w=[]
SCSP_LFO amp lfof=15 n=25578 min=0.031250 max=0.500000 mean=0.254079 rough=0.000055 trans=3 t=[3707,13421,23134] w=[]
SCSP_LFO amp lfof=16 n=20286 min=0.031250 max=0.500000 mean=0.278657 rough=0.000069 trans=3 t=[1897,9580,17263] w=[]
SCSP_LFO amp lfof=17 n=16758 min=0.031250 max=0.500000 mean=0.307722 rough=0.000084 trans=3 t=[214,6876,13537] w=[]
SCSP_LFO amp lfof=18 n=14994 min=0.031250 max=0.500000 mean=0.324148 rough=0.000063 trans=2 t=[5023,10648] w=[]
SCSP_LFO amp lfof=19 n=13230 min=0.031250 max=0.500000 mean=0.306122 rough=0.000106 trans=3 t=[3156,7760,12363] w=[]
SCSP_LFO amp lfof=20 n=13230 min=0.031250 max=0.500000 mean=0.245925 rough=0.000142 trans=4 t=[767,4353,7938,11523] w=[]
SCSP_LFO amp lfof=21 n=13230 min=0.031250 max=0.500000 mean=0.258362 rough=0.000177 trans=5 t=[269,3340,6411,9482,12553] w=[]
SCSP_LFO amp lfof=22 n=13230 min=0.031250 max=0.500000 mean=0.266440 rough=0.000177 trans=5 t=[1465,4029,6593,9157,11721] w=[]
SCSP_LFO amp lfof=23 n=13230 min=0.031250 max=0.500000 mean=0.282986 rough=0.000213 trans=6 t=[1587,3629,5670,7712,9754,11795] w=[]
SCSP_LFO amp lfof=24 n=13230 min=0.031250 max=0.500000 mean=0.250921 rough=0.000319 trans=9 t=[75,1606,3137,4668,6200,7731,9262,10793,12325] w=[]
SCSP_LFO amp lfof=25 n=13230 min=0.031250 max=0.500000 mean=0.272711 rough=0.000390 trans=11 t=[6,1288,2570,3852,5134,6416,7698,8980,10262,11544,12826] w=[]
SCSP_LFO amp lfof=26 n=13230 min=0.031250 max=0.500000 mean=0.259141 rough=0.000461 trans=13 t=[280,1306,2331,3357,4382,5408,6433,7459,8485,9510,10536,11561,12587] w=[]
SCSP_LFO amp lfof=27 n=13230 min=0.031250 max=0.500000 mean=0.257901 rough=0.000602 trans=17 t=[688,1456,2225,2993,3761,4530,5298,6066,6834,7603,8371,9139,9908,10676,11444,12213,12981] w=[]
SCSP_LFO amp lfof=28 n=13230 min=0.031250 max=0.500000 mean=0.266865 rough=0.000921 trans=26 t=[71,583,1095,1606,2118,2629,3141,3653,4164,4676,5187,5699,6211,6722,7234,7745,8257,8769,9280,9792,10303,10815,11327,11838,12350,12861] w=[]
SCSP_LFO amp lfof=29 n=13230 min=0.031250 max=0.500000 mean=0.266015 rough=0.001240 trans=35 t=[96,480,864,1248,1632,2017,2401,2785,3169,3553,3937,4321,4706,5090,5474,5858,6242,6626,7010,7395,7779,8163,8547,8931,9315,9699,10084,10468,10852,11236,11620,12004,12389,12773,13157] w=[]
SCSP_LFO amp lfof=30 n=13230 min=0.031250 max=0.500000 mean=0.267113 rough=0.001807 trans=51 t=[255,511,767,1023,1279,1536,1792,2048,2304,2560,2816,3072,3328,3584,3840,4097,4353,4609,4865,5121,5377,5633,5889,6145,6401,6657,6914,7170,7426,7682,7938,8194,8450,8706,8962,9218,9475,9731,9987,10243,10499,10755,11011,11267,11523,11779,12036,12292,12548,12804,13060] w=[]
SCSP_LFO amp lfof=31 n=13230 min=0.031250 max=0.500000 mean=0.264208 rough=0.003685 trans=104 t=[13,141,269,397,525,653,781,909,1037,1165,1293,1421,1549,1677,1805,1933,2061,2189,2317,2445,2573,2701,2829,2957,3085,3213,3341,3469,3597,3725,3853,3981,4109,4236,4364,4492,4620,4748,4876,5004,5132,5260,5388,5516,5644,5772,5900,6028,6156,6284,6412,6540,6668,6796,6924,7052,7180,7308,7436,7564,7692,7820,7948,8076,8204,8332,8460,8588,8716,8844,8972,9100,9227,9355,9483,9611,9739,9867,9995,10123,10251,10379,10507,10635,10763,10891,11019,11147,11275,11403,11531,11659,11787,11915,12043,12171,12299,12427,12555,12683,12811,12939,13067,13195] w=[]
SCSP_LFO hold_sq n=13230 min=0.031250 max=0.031250 mean=0.031250 rough=0.000000 trans=0 t=[] w=[]
SCSP_LFO hold_saw n=13230 min=0.031250 max=0.031250 mean=0.031250 rough=0.000000 trans=0 t=[] w=[]
SCSP_LFO noise_hold n=13230 min=0.031250 max=0.500000 mean=0.170026 rough=0.140997 trans=400 t=[3,5,6,7,8,9,12,13,16,17,19,21,26,28,30,31,35,36,39,42,45,50,52,53,55,56,57,59,62,63,64,65,66,70,73,74,77,78,81,83,85,86,87,89,91,93,94,96,98,100,104,105,111,112,114,118,122,123,124,125,128,129,130,132,134,137,138,139,142,143,144,145,148,150,157,160,161,164,168,169,172,173,174,176,177,178,180,181,182,185,188,191,192,193,194,195,196,197,200,201,208,209,210,211,213,217,218,220,221,222,224,226,227,228,230,232,233,235,236,237,240,241,242,243,248,250,253,254,255,257,258,259,262,263,264,265,269,272,278,279,280,283,284,286,289,290,291,292,300,302,304,306,307,308,310,312,315,316,317,318,320,321,322,323,325,327,330,331,332,334,335,336,337,338,339,340,341,345,348,350,351,355,360,361,362,363,364,369,373,374,376,380,383,384,385,387,388,389,390,391,395,396,399,402,404,405,407,411,412,413,416,417,418,420,421,422,424,425,427,428,434,435,436,438,440,441,442,443,447,448,454,455,456,457,459,460,461,463,465,466,467,468,469,470,471,474,475,476,479,480,484,485,493,501,502,505,510,513,514,517,518,519,525,526,527,529,534,535,536,537,538,539,541,542,543,544,547,548,549,550,552,555,557,558,562,565,566,567,569,570,574,575,577,578,581,583,584,589,590,591,592,593,594,596,598,600,602,603,604,605,607,609,611,612,616,618,619,620,622,623,625,629,630,631,632,633,639,640,641,643,644,645,648,649,650,651,652,653,655,657,666,668,669,672,676,678,683,684,687,689,690,691,696,699,700,702,706,707,711,712,713,714,716,717,719,720,721,731,732,734,735,737,738,743,744,746,750,751,752,754,756,758,760,761,762,765,766,767,769,770,774,775,776,777,781,783,784,788,789,791] w=[]
SCSP_LFO noise_run n=13230 min=0.031250 max=0.500000 mean=0.168843 rough=0.139626 trans=400 t=[2,7,8,9,12,17,18,20,21,25,26,30,32,33,34,35,43,46,49,50,51,53,55,56,57,58,60,64,65,70,73,74,75,76,77,78,81,82,83,85,86,88,89,91,92,97,99,101,102,104,105,106,108,111,113,117,119,120,121,122,128,129,130,133,136,137,138,139,140,141,142,143,144,146,147,151,152,157,160,161,168,172,173,174,176,178,180,184,186,191,192,194,195,196,197,198,200,204,206,207,210,211,212,214,215,217,219,221,222,226,229,232,234,236,239,241,243,244,248,250,255,258,265,266,267,271,272,275,277,278,279,284,287,288,290,301,302,306,307,309,311,312,313,314,315,316,317,318,320,325,327,331,333,334,335,339,342,345,346,347,348,350,352,354,355,357,358,361,363,365,366,370,371,372,373,374,377,380,384,385,386,387,388,390,391,392,394,397,398,399,400,403,404,406,407,409,410,412,415,416,417,418,419,421,423,426,428,429,431,432,433,434,435,436,440,444,445,446,447,449,452,456,457,459,462,463,466,469,471,473,475,476,478,479,481,482,487,493,495,496,499,503,505,507,509,510,511,515,516,517,519,520,521,523,524,527,530,531,534,535,536,540,546,551,553,557,558,565,566,569,573,575,577,580,581,583,585,587,589,591,592,599,601,602,603,604,605,606,608,613,614,616,617,619,621,622,623,627,628,635,636,639,641,642,643,649,650,652,654,655,656,657,659,662,664,665,666,668,672,673,677,678,679,680,681,682,683,685,688,689,693,697,698,699,700,702,704,709,711,712,715,716,719,721,722,723,724,729,731,732,734,735,740,747,748,749,751,757,759,760,761,763,764,765,766,768,769,771,772,773,774,775,777,778,782,784,787,788,789,790,791,792,794,796,800,802,803,805,807,809,811,812,813,814,815,820,821,822,823,826] w=[]
SCSP_LFO depth0 n=13230 min=0.500000 max=0.500000 mean=0.500000 rough=0.000000 trans=0 t=[] w=[]
SCSP_LFO pitch lfof=0 n=800856 min=-0.992188 max=0.992157 mean=-0.002112 rough=0.065783 trans=0 t=[] w=[186,185,186,185,185,186,185,186,185,185,186,185,185,186,185,186,185,185,186,185,186,185,185,186,185,186,185,185,113,105,105,105,105,105,105,105,105,105,105,105,105,105,105,105,105,105,105,105,105,105,105,105,105,105,105,105,105,145,185,185,186,185,186,185,185,186,185,186,185,185,186,185,186,185,185,186,185,185,186,185,186,185,185,186,185,186,179,105,105,105,105,105,105,105,105,105,105,105,105,105,105,105,105,105,105,105,105,105,105,105,105,105,105,105,105,105,158,186,185,186,185,185,186,185,186,185,185,186,185,185,186,185,186,185,185,186,185,186,185,185,186,185,186,185,185,165,105,105,105,105,105,105,105,105,105,105,105,105,105,105,105,105,105,105,105,105,105,105,105,105,105,105,105,105,105,173,185,186,185,186,185]
SCSP_LFO pitch lfof=7 n=343098 min=-0.992188 max=0.992157 mean=-0.002005 rough=0.066439 trans=0 t=[] w=[185,186,185,185,186,185,186,167,105,105,105,105,105,105,105,105,116,185,185,186,185,186,185,185,186,182,105,105,105,105,105,105,105,105,105,181,186,185,185,186,185,186,185,185,117,105,105,105,105,105,105,105,105,166,186,185,186,185,185,186,185,186,131,105,105,105,105,105,105,105,105,152,185,185,186,185,186]
SCSP_LFO rate=44100.0 loud=0.500000
SCSP_LFO done
Average speed: 251.19% (87 seconds)
