SCSP_DSP armed
SCSP_DSP case=1 PASS
SCSP_DSP case=2 PASS
SCSP_DSP case=3 PASS
SCSP_DSP case=4 PASS
SCSP_DSP case=5 PASS
SCSP_DSP case=6 PASS
SCSP_DSP case=7 PASS
SCSP_DSP case=8 PASS
SCSP_DSP case=9 PASS
SCSP_DSP case=10 PASS
SCSP_DSP case=11 PASS
SCSP_DSP case=12 PASS
SCSP_DSP case=13 PASS
SCSP_DSP case=14 PASS
SCSP_DSP case=15 PASS
SCSP_DSP case=16 PASS
SCSP_DSP case=17 PASS
SCSP_DSP case=18 PASS
SCSP_DSP case=19 PASS
SCSP_DSP case=20 PASS
SCSP_DSP case=21 PASS
SCSP_DSP case=22 PASS
SCSP_DSP case=23 PASS
SCSP_DSP case=24 PASS
SCSP_DSP case=25 PASS
SCSP_DSP case=26 PASS
SCSP_DSP case=27 PASS
SCSP_DSP case=28 PASS
SCSP_DSP case=29 PASS
SCSP_DSP case=30 PASS
SCSP_DSP case=31 PASS
SCSP_DSP case=32 PASS
SCSP_DSP case=33 PASS
SCSP_DSP case=34 PASS
SCSP_DSP case=35 PASS
SCSP_DSP case=36 PASS
SCSP_DSP case=37 PASS
SCSP_DSP case=38 PASS
SCSP_DSP case=39 PASS
SCSP_DSP case=40 PASS
SCSP_DSP case=41 PASS
SCSP_DSP case=42 PASS
SCSP_DSP case=43 PASS
SCSP_DSP case=44 PASS
SCSP_DSP case=45 PASS
SCSP_DSP case=46 PASS
SCSP_DSP case=47 PASS
SCSP_DSP case=48 PASS
SCSP_DSP case=49 PASS
SCSP_DSP case=50 PASS
SCSP_DSP case=51 PASS
SCSP_DSP case=52 PASS
SCSP_DSP case=53 PASS
SCSP_DSP case=54 PASS
SCSP_DSP case=55 PASS
SCSP_DSP case=56 PASS
SCSP_DSP case=57 PASS
SCSP_DSP case=60 PASS
SCSP_DSP case=61 PASS
SCSP_DSP case=64 PASS
SCSP_DSP case=65 PASS
SCSP_DSP case=68 PASS
SCSP_DSP case=69 PASS
SCSP_DSP case=72 PASS
SCSP_DSP case=73 PASS
SCSP_DSP case=74 PASS
SCSP_DSP case=75 PASS
SCSP_DSP case=76 PASS
SCSP_DSP case=77 PASS
SCSP_DSP case=78 PASS
SCSP_DSP case=79 PASS
SCSP_DSP case=80 PASS
SCSP_DSP case=81 PASS
SCSP_DSP case=82 PASS
SCSP_DSP case=83 PASS
SCSP_DSP case=84 PASS
SCSP_DSP case=85 PASS
SCSP_DSP case=86 PASS
SCSP_DSP case=87 PASS
SCSP_DSP case=88 PASS
SCSP_DSP case=89 PASS
SCSP_DSP case=90 PASS
SCSP_DSP case=91 PASS
SCSP_DSP case=92 PASS
SCSP_DSP case=93 PASS
SCSP_DSP case=94 PASS
SCSP_DSP case=95 PASS
SCSP_DSP case=96 PASS
SCSP_DSP case=97 PASS
SCSP_DSP case=100 PASS
SCSP_DSP case=101 PASS
SCSP_DSP case=104 PASS
SCSP_DSP case=105 PASS
SCSP_DSP case=108 PASS
SCSP_DSP case=109 PASS
SCSP_DSP case=112 PASS
SCSP_DSP case=113 PASS
SCSP_DSP case=114 PASS
SCSP_DSP case=115 PASS
SCSP_DSP case=116 PASS
SCSP_DSP case=117 PASS
SCSP_DSP case=118 PASS
SCSP_DSP case=119 PASS
SCSP_DSP case=120 PASS
SCSP_DSP case=121 PASS
SCSP_DSP case=122 PASS
SCSP_DSP case=123 PASS
SCSP_DSP case=124 PASS
SCSP_DSP case=125 PASS
SCSP_DSP case=126 PASS
SCSP_DSP case=127 PASS
SCSP_DSP case=128 PASS
SCSP_DSP case=129 PASS
SCSP_DSP case=130 PASS
SCSP_DSP case=131 PASS
SCSP_DSP case=132 PASS
SCSP_DSP case=133 PASS
SCSP_DSP case=134 PASS
SCSP_DSP case=135 PASS
SCSP_DSP case=136 PASS
SCSP_DSP case=137 PASS
SCSP_DSP case=140 PASS
SCSP_DSP case=141 PASS
SCSP_DSP case=144 PASS
SCSP_DSP case=145 PASS
SCSP_DSP case=148 PASS
SCSP_DSP case=149 PASS
SCSP_DSP case=152 PASS
SCSP_DSP case=153 PASS
SCSP_DSP case=154 PASS
SCSP_DSP case=155 PASS
SCSP_DSP case=156 PASS
SCSP_DSP case=157 PASS
SCSP_DSP case=158 PASS
SCSP_DSP case=159 PASS
SCSP_DSP case=168 PASS
SCSP_DSP case=169 PASS
SCSP_DSP case=170 PASS
SCSP_DSP case=171 PASS
SCSP_DSP case=172 PASS
SCSP_DSP case=173 PASS
SCSP_DSP case=174 PASS
SCSP_DSP case=175 PASS
SCSP_DSP case=176 PASS
SCSP_DSP case=177 PASS
SCSP_DSP case=178 PASS
SCSP_DSP case=179 PASS
SCSP_DSP case=180 PASS
SCSP_DSP case=182 PASS
SCSP_DSP case=184 PASS
SCSP_DSP case=186 PASS
SCSP_DSP case=188 PASS
SCSP_DSP case=189 PASS
SCSP_DSP case=190 PASS
SCSP_DSP case=191 PASS
SCSP_DSP case=192 PASS
SCSP_DSP case=193 PASS
SCSP_DSP case=194 PASS
SCSP_DSP case=195 PASS
SCSP_DSP case=196 PASS
SCSP_DSP case=197 PASS
SCSP_DSP case=198 PASS
SCSP_DSP case=199 PASS
SCSP_DSP case=200 PASS
SCSP_DSP case=202 PASS
SCSP_DSP case=204 PASS
SCSP_DSP case=206 PASS
SCSP_DSP case=208 PASS
SCSP_DSP case=209 PASS
SCSP_DSP case=210 PASS
SCSP_DSP case=211 PASS
SCSP_DSP case=212 PASS
SCSP_DSP case=213 PASS
SCSP_DSP case=214 PASS
SCSP_DSP case=215 PASS
SCSP_DSP case=216 PASS
SCSP_DSP case=217 PASS
SCSP_DSP case=218 PASS
SCSP_DSP case=219 PASS
SCSP_DSP case=220 PASS
SCSP_DSP case=222 PASS
SCSP_DSP case=224 PASS
SCSP_DSP case=226 PASS
SCSP_DSP case=228 PASS
SCSP_DSP case=229 PASS
SCSP_DSP case=230 PASS
SCSP_DSP case=231 PASS
SCSP_DSP case=232 PASS
SCSP_DSP case=233 PASS
SCSP_DSP case=234 PASS
SCSP_DSP case=235 PASS
SCSP_DSP case=236 PASS
SCSP_DSP case=237 PASS
SCSP_DSP case=238 PASS
SCSP_DSP case=239 PASS
SCSP_DSP case=240 PASS
SCSP_DSP case=242 PASS
SCSP_DSP case=244 PASS
SCSP_DSP case=246 PASS
SCSP_DSP FAIL signed_table_read58 got=beef want=1234
SCSP_DSP FAIL signed_table_write59 got=dead want=5678
SCSP_DSP FAIL unsigned_write_guard59 got=5678 want=dead
SCSP_DSP FAIL signed_table_read62 got=beef want=1234
SCSP_DSP FAIL signed_table_write63 got=dead want=5678
SCSP_DSP FAIL unsigned_write_guard63 got=5678 want=dead
SCSP_DSP FAIL signed_table_read66 got=beef want=1234
SCSP_DSP FAIL signed_table_write67 got=dead want=5678
SCSP_DSP FAIL unsigned_write_guard67 got=5678 want=dead
SCSP_DSP FAIL signed_table_read70 got=beef want=1234
SCSP_DSP FAIL signed_table_write71 got=dead want=5678
SCSP_DSP FAIL unsigned_write_guard71 got=5678 want=dead
SCSP_DSP FAIL signed_table_read98 got=beef want=1234
SCSP_DSP FAIL signed_table_write99 got=dead want=5678
SCSP_DSP FAIL unsigned_write_guard99 got=5678 want=dead
SCSP_DSP FAIL signed_table_read102 got=beef want=1234
SCSP_DSP FAIL signed_table_write103 got=dead want=5678
SCSP_DSP FAIL unsigned_write_guard103 got=5678 want=dead
SCSP_DSP FAIL signed_table_read106 got=beef want=1234
SCSP_DSP FAIL signed_table_write107 got=dead want=5678
SCSP_DSP FAIL unsigned_write_guard107 got=5678 want=dead
SCSP_DSP FAIL signed_table_read110 got=beef want=1234
SCSP_DSP FAIL signed_table_write111 got=dead want=5678
SCSP_DSP FAIL unsigned_write_guard111 got=5678 want=dead
SCSP_DSP FAIL signed_table_read138 got=beef want=1234
SCSP_DSP FAIL signed_table_write139 got=dead want=5678
SCSP_DSP FAIL unsigned_write_guard139 got=5678 want=dead
SCSP_DSP FAIL signed_table_read142 got=beef want=1234
SCSP_DSP FAIL signed_table_write143 got=dead want=5678
SCSP_DSP FAIL unsigned_write_guard143 got=5678 want=dead
SCSP_DSP FAIL signed_table_read146 got=beef want=1234
SCSP_DSP FAIL signed_table_write147 got=dead want=5678
SCSP_DSP FAIL unsigned_write_guard147 got=5678 want=dead
SCSP_DSP FAIL signed_table_read150 got=beef want=1234
SCSP_DSP FAIL signed_table_write151 got=dead want=5678
SCSP_DSP FAIL unsigned_write_guard151 got=5678 want=dead
SCSP_DSP FAIL signed_table_read160 got=beef want=1234
SCSP_DSP FAIL signed_table_write161 got=dead want=5678
SCSP_DSP FAIL unsigned_write_guard161 got=5678 want=dead
SCSP_DSP FAIL signed_table_read162 got=beef want=1234
SCSP_DSP FAIL signed_table_write163 got=dead want=5678
SCSP_DSP FAIL unsigned_write_guard163 got=5678 want=dead
SCSP_DSP FAIL signed_table_read164 got=beef want=1234
SCSP_DSP FAIL signed_table_write165 got=dead want=5678
SCSP_DSP FAIL unsigned_write_guard165 got=5678 want=dead
SCSP_DSP FAIL signed_table_read166 got=beef want=1234
SCSP_DSP FAIL signed_table_write167 got=dead want=5678
SCSP_DSP FAIL unsigned_write_guard167 got=5678 want=dead
SCSP_DSP FAIL signed_ring_read181 got=5404 want=4404
SCSP_DSP FAIL signed_ring_read183 got=5469 want=4469
SCSP_DSP FAIL signed_ring_read185 got=4c5f want=5c5f
SCSP_DSP FAIL signed_ring_read187 got=4f80 want=5f80
SCSP_DSP FAIL signed_ring_read201 got=76ff want=46ff
SCSP_DSP FAIL signed_ring_read203 got=7620 want=4620
SCSP_DSP FAIL signed_ring_read205 got=6e16 want=7e16
SCSP_DSP FAIL signed_ring_read207 got=6e7b want=7e7b
SCSP_DSP FAIL signed_ring_read221 got=70b6 want=40b6
SCSP_DSP FAIL signed_ring_read223 got=709b want=409b
SCSP_DSP FAIL signed_ring_read225 got=68c9 want=78c9
SCSP_DSP FAIL signed_ring_read227 got=6832 want=7832
SCSP_DSP FAIL signed_ring_read241 got=f369 want=c369
SCSP_DSP FAIL signed_ring_read243 got=f352 want=c352
SCSP_DSP FAIL signed_ring_read245 got=ea80 want=fa80
SCSP_DSP FAIL signed_ring_read247 got=eaf5 want=faf5
Average speed: 162.08% (2 seconds)
