VDP2_RUNTIME starting synthetic mapped-register/pixel/save-manager fixture
VDP2_RUNTIME case=1 layer=NBG0 depth=0 cell=true rotation=false large=false pixels/save/load PASS
VDP2_RUNTIME case=2 layer=NBG0 depth=0 cell=false rotation=false large=false pixels/save/load PASS
VDP2_RUNTIME case=3 layer=NBG0 depth=1 cell=true rotation=false large=false pixels/save/load PASS
VDP2_RUNTIME case=4 layer=NBG0 depth=1 cell=false rotation=false large=false pixels/save/load PASS
VDP2_RUNTIME case=5 layer=NBG0 depth=2 cell=true rotation=false large=false pixels/save/load PASS
VDP2_RUNTIME case=6 layer=NBG0 depth=2 cell=false rotation=false large=false pixels/save/load PASS
VDP2_RUNTIME case=7 layer=NBG0 depth=3 cell=true rotation=false large=false pixels/save/load PASS
VDP2_RUNTIME case=8 layer=NBG0 depth=3 cell=false rotation=false large=false pixels/save/load PASS
VDP2_RUNTIME case=9 layer=NBG0 depth=4 cell=true rotation=false large=false pixels/save/load PASS
VDP2_RUNTIME case=10 layer=NBG0 depth=4 cell=false rotation=false large=false pixels/save/load PASS
VDP2_RUNTIME case=11 layer=NBG1 depth=0 cell=true rotation=false large=false pixels/save/load PASS
VDP2_RUNTIME case=12 layer=NBG1 depth=0 cell=false rotation=false large=false pixels/save/load PASS
VDP2_RUNTIME case=13 layer=NBG1 depth=1 cell=true rotation=false large=false pixels/save/load PASS
VDP2_RUNTIME case=14 layer=NBG1 depth=1 cell=false rotation=false large=false pixels/save/load PASS
VDP2_RUNTIME case=15 layer=NBG1 depth=2 cell=true rotation=false large=false pixels/save/load PASS
VDP2_RUNTIME case=16 layer=NBG1 depth=2 cell=false rotation=false large=false pixels/save/load PASS
VDP2_RUNTIME case=17 layer=NBG1 depth=3 cell=true rotation=false large=false pixels/save/load PASS
VDP2_RUNTIME case=18 layer=NBG1 depth=3 cell=false rotation=false large=false pixels/save/load PASS
VDP2_RUNTIME case=19 layer=NBG2 depth=0 cell=true rotation=false large=false pixels/save/load PASS
VDP2_RUNTIME case=20 layer=NBG2 depth=1 cell=true rotation=false large=false pixels/save/load PASS
VDP2_RUNTIME case=21 layer=NBG3 depth=0 cell=true rotation=false large=false pixels/save/load PASS
VDP2_RUNTIME case=22 layer=NBG3 depth=1 cell=true rotation=false large=false pixels/save/load PASS
VDP2_RUNTIME case=23 layer=NBG0 depth=2 cell=true rotation=true large=false pixels/save/load PASS
VDP2_RUNTIME case=24 layer=NBG0 depth=0 cell=true rotation=false large=true pixels/save/load PASS
VDP2_RUNTIME case=25 layer=NBG0 depth=0 cell=false rotation=false large=true pixels/save/load PASS
VDP2_RUNTIME case=26 layer=NBG0 depth=1 cell=true rotation=false large=true pixels/save/load PASS
VDP2_RUNTIME case=27 layer=NBG0 depth=1 cell=false rotation=false large=true pixels/save/load PASS
VDP2_RUNTIME case=28 layer=NBG0 depth=2 cell=true rotation=false large=true pixels/save/load PASS
VDP2_RUNTIME case=29 layer=NBG0 depth=2 cell=false rotation=false large=true pixels/save/load PASS
VDP2_RUNTIME case=30 layer=NBG0 depth=3 cell=true rotation=false large=true pixels/save/load PASS
VDP2_RUNTIME case=31 layer=NBG0 depth=3 cell=false rotation=false large=true pixels/save/load PASS
VDP2_RUNTIME case=32 layer=NBG0 depth=4 cell=true rotation=false large=true pixels/save/load PASS
VDP2_RUNTIME case=33 layer=NBG0 depth=4 cell=false rotation=false large=true pixels/save/load PASS
VDP2_RUNTIME case=34 layer=NBG1 depth=0 cell=true rotation=false large=true pixels/save/load PASS
VDP2_RUNTIME case=35 layer=NBG1 depth=0 cell=false rotation=false large=true pixels/save/load PASS
VDP2_RUNTIME case=36 layer=NBG1 depth=1 cell=true rotation=false large=true pixels/save/load PASS
VDP2_RUNTIME case=37 layer=NBG1 depth=1 cell=false rotation=false large=true pixels/save/load PASS
VDP2_RUNTIME case=38 layer=NBG1 depth=2 cell=true rotation=false large=true pixels/save/load PASS
VDP2_RUNTIME case=39 layer=NBG1 depth=2 cell=false rotation=false large=true pixels/save/load PASS
VDP2_RUNTIME case=40 layer=NBG1 depth=3 cell=true rotation=false large=true pixels/save/load PASS
VDP2_RUNTIME case=41 layer=NBG1 depth=3 cell=false rotation=false large=true pixels/save/load PASS
VDP2_RUNTIME case=42 layer=NBG2 depth=0 cell=true rotation=false large=true pixels/save/load PASS
VDP2_RUNTIME case=43 layer=NBG2 depth=1 cell=true rotation=false large=true pixels/save/load PASS
VDP2_RUNTIME case=44 layer=NBG3 depth=0 cell=true rotation=false large=true pixels/save/load PASS
VDP2_RUNTIME case=45 layer=NBG3 depth=1 cell=true rotation=false large=true pixels/save/load PASS
VDP2_RUNTIME case=46 layer=NBG0 depth=2 cell=true rotation=true large=true pixels/save/load PASS
VDP2_RUNTIME PASS cases=46
Average speed: 198.47% (20 seconds)

Linked VDP2_RUNTIME fixture passed; results: /home/user/saturn-ci-runtime-35391990957/saturnjp-drc-background
